Archive member included to satisfy reference by file (symbol)

C:/ST/STM32CubeIDE_1.17.0/STM32CubeIDE/plugins/com.st.stm32cube.ide.mcu.externaltools.gnu-tools-for-stm32.12.3.rel1.win32_1.1.0.202410251130/tools/bin/../lib/gcc/arm-none-eabi/12.3.1/../../../../arm-none-eabi/lib/thumb/v7-m/nofp\libc_nano.a(libc_a-exit.o)
                              C:/ST/STM32CubeIDE_1.17.0/STM32CubeIDE/plugins/com.st.stm32cube.ide.mcu.externaltools.gnu-tools-for-stm32.12.3.rel1.win32_1.1.0.202410251130/tools/bin/../lib/gcc/arm-none-eabi/12.3.1/../../../../arm-none-eabi/lib/thumb/v7-m/nofp/crt0.o (exit)
C:/ST/STM32CubeIDE_1.17.0/STM32CubeIDE/plugins/com.st.stm32cube.ide.mcu.externaltools.gnu-tools-for-stm32.12.3.rel1.win32_1.1.0.202410251130/tools/bin/../lib/gcc/arm-none-eabi/12.3.1/../../../../arm-none-eabi/lib/thumb/v7-m/nofp\libc_nano.a(libc_a-findfp.o)
                              C:/ST/STM32CubeIDE_1.17.0/STM32CubeIDE/plugins/com.st.stm32cube.ide.mcu.externaltools.gnu-tools-for-stm32.12.3.rel1.win32_1.1.0.202410251130/tools/bin/../lib/gcc/arm-none-eabi/12.3.1/../../../../arm-none-eabi/lib/thumb/v7-m/nofp\libc_nano.a(libc_a-exit.o) (__stdio_exit_handler)
C:/ST/STM32CubeIDE_1.17.0/STM32CubeIDE/plugins/com.st.stm32cube.ide.mcu.externaltools.gnu-tools-for-stm32.12.3.rel1.win32_1.1.0.202410251130/tools/bin/../lib/gcc/arm-none-eabi/12.3.1/../../../../arm-none-eabi/lib/thumb/v7-m/nofp\libc_nano.a(libc_a-fwalk.o)
                              C:/ST/STM32CubeIDE_1.17.0/STM32CubeIDE/plugins/com.st.stm32cube.ide.mcu.externaltools.gnu-tools-for-stm32.12.3.rel1.win32_1.1.0.202410251130/tools/bin/../lib/gcc/arm-none-eabi/12.3.1/../../../../arm-none-eabi/lib/thumb/v7-m/nofp\libc_nano.a(libc_a-findfp.o) (_fwalk_sglue)
C:/ST/STM32CubeIDE_1.17.0/STM32CubeIDE/plugins/com.st.stm32cube.ide.mcu.externaltools.gnu-tools-for-stm32.12.3.rel1.win32_1.1.0.202410251130/tools/bin/../lib/gcc/arm-none-eabi/12.3.1/../../../../arm-none-eabi/lib/thumb/v7-m/nofp\libc_nano.a(libc_a-stdio.o)
                              C:/ST/STM32CubeIDE_1.17.0/STM32CubeIDE/plugins/com.st.stm32cube.ide.mcu.externaltools.gnu-tools-for-stm32.12.3.rel1.win32_1.1.0.202410251130/tools/bin/../lib/gcc/arm-none-eabi/12.3.1/../../../../arm-none-eabi/lib/thumb/v7-m/nofp\libc_nano.a(libc_a-findfp.o) (__sread)
C:/ST/STM32CubeIDE_1.17.0/STM32CubeIDE/plugins/com.st.stm32cube.ide.mcu.externaltools.gnu-tools-for-stm32.12.3.rel1.win32_1.1.0.202410251130/tools/bin/../lib/gcc/arm-none-eabi/12.3.1/../../../../arm-none-eabi/lib/thumb/v7-m/nofp\libc_nano.a(libc_a-memset.o)
                              C:/ST/STM32CubeIDE_1.17.0/STM32CubeIDE/plugins/com.st.stm32cube.ide.mcu.externaltools.gnu-tools-for-stm32.12.3.rel1.win32_1.1.0.202410251130/tools/bin/../lib/gcc/arm-none-eabi/12.3.1/../../../../arm-none-eabi/lib/thumb/v7-m/nofp/crt0.o (memset)
C:/ST/STM32CubeIDE_1.17.0/STM32CubeIDE/plugins/com.st.stm32cube.ide.mcu.externaltools.gnu-tools-for-stm32.12.3.rel1.win32_1.1.0.202410251130/tools/bin/../lib/gcc/arm-none-eabi/12.3.1/../../../../arm-none-eabi/lib/thumb/v7-m/nofp\libc_nano.a(libc_a-closer.o)
                              C:/ST/STM32CubeIDE_1.17.0/STM32CubeIDE/plugins/com.st.stm32cube.ide.mcu.externaltools.gnu-tools-for-stm32.12.3.rel1.win32_1.1.0.202410251130/tools/bin/../lib/gcc/arm-none-eabi/12.3.1/../../../../arm-none-eabi/lib/thumb/v7-m/nofp\libc_nano.a(libc_a-stdio.o) (_close_r)
C:/ST/STM32CubeIDE_1.17.0/STM32CubeIDE/plugins/com.st.stm32cube.ide.mcu.externaltools.gnu-tools-for-stm32.12.3.rel1.win32_1.1.0.202410251130/tools/bin/../lib/gcc/arm-none-eabi/12.3.1/../../../../arm-none-eabi/lib/thumb/v7-m/nofp\libc_nano.a(libc_a-reent.o)
                              C:/ST/STM32CubeIDE_1.17.0/STM32CubeIDE/plugins/com.st.stm32cube.ide.mcu.externaltools.gnu-tools-for-stm32.12.3.rel1.win32_1.1.0.202410251130/tools/bin/../lib/gcc/arm-none-eabi/12.3.1/../../../../arm-none-eabi/lib/thumb/v7-m/nofp\libc_nano.a(libc_a-closer.o) (errno)
C:/ST/STM32CubeIDE_1.17.0/STM32CubeIDE/plugins/com.st.stm32cube.ide.mcu.externaltools.gnu-tools-for-stm32.12.3.rel1.win32_1.1.0.202410251130/tools/bin/../lib/gcc/arm-none-eabi/12.3.1/../../../../arm-none-eabi/lib/thumb/v7-m/nofp\libc_nano.a(libc_a-impure.o)
                              C:/ST/STM32CubeIDE_1.17.0/STM32CubeIDE/plugins/com.st.stm32cube.ide.mcu.externaltools.gnu-tools-for-stm32.12.3.rel1.win32_1.1.0.202410251130/tools/bin/../lib/gcc/arm-none-eabi/12.3.1/../../../../arm-none-eabi/lib/thumb/v7-m/nofp\libc_nano.a(libc_a-reent.o) (_impure_ptr)
C:/ST/STM32CubeIDE_1.17.0/STM32CubeIDE/plugins/com.st.stm32cube.ide.mcu.externaltools.gnu-tools-for-stm32.12.3.rel1.win32_1.1.0.202410251130/tools/bin/../lib/gcc/arm-none-eabi/12.3.1/../../../../arm-none-eabi/lib/thumb/v7-m/nofp\libc_nano.a(libc_a-lseekr.o)
[...]
Memory Configuration

Name             Origin             Length             Attributes
RAM              0x20000000         0x00005000         xrw
FLASH            0x08000000         0x00010000         xr
*default*        0x00000000         0xffffffff

Linker script and memory map

LOAD C:/ST/STM32CubeIDE_1.17.0/STM32CubeIDE/plugins/com.st.stm32cube.ide.mcu.externaltools.gnu-tools-for-stm32.12.3.rel1.win32_1.1.0.202410251130/tools/bin/../lib/gcc/arm-none-eabi/12.3.1/thumb/v7-m/nofp/crti.o
LOAD C:/ST/STM32CubeIDE_1.17.0/STM32CubeIDE/plugins/com.st.stm32cube.ide.mcu.externaltools.gnu-tools-for-stm32.12.3.rel1.win32_1.1.0.202410251130/tools/bin/../lib/gcc/arm-none-eabi/12.3.1/thumb/v7-m/nofp/crtbegin.o
LOAD C:/ST/STM32CubeIDE_1.17.0/STM32CubeIDE/plugins/com.st.stm32cube.ide.mcu.externaltools.gnu-tools-for-stm32.12.3.rel1.win32_1.1.0.202410251130/tools/bin/../lib/gcc/arm-none-eabi/12.3.1/../../../../arm-none-eabi/lib/thumb/v7-m/nofp/crt0.o
LOAD ./Core/Src/main.o
LOAD ./Core/Src/stm32f1xx_hal_msp.o
LOAD ./Core/Src/stm32f1xx_it.o
LOAD ./Core/Src/syscalls.o
LOAD ./Core/Src/sysmem.o
LOAD ./Core/Src/system_stm32f1xx.o
LOAD ./Core/Startup/startup_stm32f103c8tx.o
LOAD ./Drivers/STM32F1xx_HAL_Driver/Src/stm32f1xx_hal.o
LOAD ./Drivers/STM32F1xx_HAL_Driver/Src/stm32f1xx_hal_cortex.o
LOAD ./Drivers/STM32F1xx_HAL_Driver/Src/stm32f1xx_hal_dma.o
LOAD ./Drivers/STM32F1xx_HAL_Driver/Src/stm32f1xx_hal_exti.o
LOAD ./Drivers/STM32F1xx_HAL_Driver/Src/stm32f1xx_hal_flash.o
LOAD ./Drivers/STM32F1xx_HAL_Driver/Src/stm32f1xx_hal_flash_ex.o
LOAD ./Drivers/STM32F1xx_HAL_Driver/Src/stm32f1xx_hal_gpio.o
LOAD ./Drivers/STM32F1xx_HAL_Driver/Src/stm32f1xx_hal_gpio_ex.o
LOAD ./Drivers/STM32F1xx_HAL_Driver/Src/stm32f1xx_hal_i2c.o
LOAD ./Drivers/STM32F1xx_HAL_Driver/Src/stm32f1xx_hal_pcd.o
LOAD ./Drivers/STM32F1xx_HAL_Driver/Src/stm32f1xx_hal_pcd_ex.o
LOAD ./Drivers/STM32F1xx_HAL_Driver/Src/stm32f1xx_hal_pwr.o
LOAD ./Drivers/STM32F1xx_HAL_Driver/Src/stm32f1xx_hal_rcc.o
LOAD ./Drivers/STM32F1xx_HAL_Driver/Src/stm32f1xx_hal_rcc_ex.o
LOAD ./Drivers/STM32F1xx_HAL_Driver/Src/stm32f1xx_hal_spi.o
LOAD ./Drivers/STM32F1xx_HAL_Driver/Src/stm32f1xx_ll_usb.o
LOAD ./FATFS/App/fatfs.o
LOAD ./FATFS/Target/user_diskio.o
LOAD ./Middlewares/Third_Party/FatFs/src/diskio.o
LOAD ./Middlewares/Third_Party/FatFs/src/ff.o
LOAD ./Middlewares/Third_Party/FatFs/src/ff_gen_drv.o
LOAD ./Middlewares/Third_Party/FatFs/src/option/syscall.o
START GROUP
LOAD C:/ST/STM32CubeIDE_1.17.0/STM32CubeIDE/plugins/com.st.stm32cube.ide.mcu.externaltools.gnu-tools-for-stm32.12.3.rel1.win32_1.1.0.202410251130/tools/bin/../lib/gcc/arm-none-eabi/12.3.1/../../../../arm-none-eabi/lib/thumb/v7-m/nofp\libc_nano.a
LOAD C:/ST/STM32CubeIDE_1.17.0/STM32CubeIDE/plugins/com.st.stm32cube.ide.mcu.externaltools.gnu-tools-for-stm32.12.3.rel1.win32_1.1.0.202410251130/tools/bin/../lib/gcc/arm-none-eabi/12.3.1/../../../../arm-none-eabi/lib/thumb/v7-m/nofp\libm.a
END GROUP
START GROUP
LOAD C:/ST/STM32CubeIDE_1.17.0/STM32CubeIDE/plugins/com.st.stm32cube.ide.mcu.externaltools.gnu-tools-for-stm32.12.3.rel1.win32_1.1.0.202410251130/tools/bin/../lib/gcc/arm-none-eabi/12.3.1/thumb/v7-m/nofp\libgcc.a
LOAD C:/ST/STM32CubeIDE_1.17.0/STM32CubeIDE/plugins/com.st.stm32cube.ide.mcu.externaltools.gnu-tools-for-stm32.12.3.rel1.win32_1.1.0.202410251130/tools/bin/../lib/gcc/arm-none-eabi/12.3.1/../../../../arm-none-eabi/lib/thumb/v7-m/nofp\libc_nano.a
END GROUP
START GROUP
LOAD C:/ST/STM32CubeIDE_1.17.0/STM32CubeIDE/plugins/com.st.stm32cube.ide.mcu.externaltools.gnu-tools-for-stm32.12.3.rel1.win32_1.1.0.202410251130/tools/bin/../lib/gcc/arm-none-eabi/12.3.1/thumb/v7-m/nofp\libgcc.a
LOAD C:/ST/STM32CubeIDE_1.17.0/STM32CubeIDE/plugins/com.st.stm32cube.ide.mcu.externaltools.gnu-tools-for-stm32.12.3.rel1.win32_1.1.0.202410251130/tools/bin/../lib/gcc/arm-none-eabi/12.3.1/../../../../arm-none-eabi/lib/thumb/v7-m/nofp\libc_nano.a
LOAD C:/ST/STM32CubeIDE_1.17.0/STM32CubeIDE/plugins/com.st.stm32cube.ide.mcu.externaltools.gnu-tools-for-stm32.12.3.rel1.win32_1.1.0.202410251130/tools/bin/../lib/gcc/arm-none-eabi/12.3.1/../../../../arm-none-eabi/lib/thumb/v7-m/nofp\libnosys.a
END GROUP
START GROUP
LOAD C:/ST/STM32CubeIDE_1.17.0/STM32CubeIDE/plugins/com.st.stm32cube.ide.mcu.externaltools.gnu-tools-for-stm32.12.3.rel1.win32_1.1.0.202410251130/tools/bin/../lib/gcc/arm-none-eabi/12.3.1/thumb/v7-m/nofp\libgcc.a
LOAD C:/ST/STM32CubeIDE_1.17.0/STM32CubeIDE/plugins/com.st.stm32cube.ide.mcu.externaltools.gnu-tools-for-stm32.12.3.rel1.win32_1.1.0.202410251130/tools/bin/../lib/gcc/arm-none-eabi/12.3.1/../../../../arm-none-eabi/lib/thumb/v7-m/nofp\libc_nano.a
LOAD C:/ST/STM32CubeIDE_1.17.0/STM32CubeIDE/plugins/com.st.stm32cube.ide.mcu.externaltools.gnu-tools-for-stm32.12.3.rel1.win32_1.1.0.202410251130/tools/bin/../lib/gcc/arm-none-eabi/12.3.1/../../../../arm-none-eabi/lib/thumb/v7-m/nofp\libnosys.a
END GROUP
LOAD C:/ST/STM32CubeIDE_1.17.0/STM32CubeIDE/plugins/com.st.stm32cube.ide.mcu.externaltools.gnu-tools-for-stm32.12.3.rel1.win32_1.1.0.202410251130/tools/bin/../lib/gcc/arm-none-eabi/12.3.1/thumb/v7-m/nofp/crtend.o
LOAD C:/ST/STM32CubeIDE_1.17.0/STM32CubeIDE/plugins/com.st.stm32cube.ide.mcu.externaltools.gnu-tools-for-stm32.12.3.rel1.win32_1.1.0.202410251130/tools/bin/../lib/gcc/arm-none-eabi/12.3.1/thumb/v7-m/nofp/crtn.o
                0x20005000                        _estack = (ORIGIN (RAM) + LENGTH (RAM))
                0x00000200                        _Min_Heap_Size = 0x200
                0x00000400                        _Min_Stack_Size = 0x400

.isr_vector     0x08000000      0x10c
                0x08000000                        . = ALIGN (0x4)
 *(.isr_vector)
 .isr_vector    0x08000000      0x10c ./Core/Startup/startup_stm32f103c8tx.o
                0x08000000                g_pfnVectors
                0x0800010c                        . = ALIGN (0x4)

.text           0x0800010c     0x1e2c
                0x0800010c                        . = ALIGN (0x4)
 *(.text)
 .text          0x0800010c       0x40 C:/ST/STM32CubeIDE_1.17.0/STM32CubeIDE/plugins/com.st.stm32cube.ide.mcu.externaltools.gnu-tools-for-stm32.12.3.rel1.win32_1.1.0.202410251130/tools/bin/../lib/gcc/arm-none-eabi/12.3.1/thumb/v7-m/nofp/crtbegin.o
 *(.text*)
 .text.main     0x0800014c       0x2c ./Core/Src/main.o
                0x0800014c                main
 .text.SystemClock_Config
                0x08000178       0xb6 ./Core/Src/main.o
                0x08000178                SystemClock_Config
 *fill*         0x0800022e        0x2 
 .text.MX_I2C1_Init
                0x08000230       0x5c ./Core/Src/main.o
 .text.MX_I2C2_Init
                0x0800028c       0x5c ./Core/Src/main.o
 .text.MX_SPI1_Init
                0x080002e8       0x6c ./Core/Src/main.o
 .text.MX_SPI2_Init
                0x08000354       0x6c ./Core/Src/main.o
 .text.MX_USB_PCD_Init
                0x080003c0       0x44 ./Core/Src/main.o
 .text.MX_GPIO_Init
                0x08000404       0xb0 ./Core/Src/main.o
 .text.Error_Handler
                0x080004b4        0xc ./Core/Src/main.o
                0x080004b4                Error_Handler
 .text.HAL_MspInit
                0x080004c0       0x64 ./Core/Src/stm32f1xx_hal_msp.o
                0x080004c0                HAL_MspInit
 .text.HAL_I2C_MspInit
                0x08000524       0xd8 ./Core/Src/stm32f1xx_hal_msp.o
                0x08000524                HAL_I2C_MspInit
 .text.HAL_SPI_MspInit
                0x080005fc      0x10c ./Core/Src/stm32f1xx_hal_msp.o
                0x080005fc                HAL_SPI_MspInit
 .text.HAL_PCD_MspInit
                0x08000708       0x3c ./Core/Src/stm32f1xx_hal_msp.o
                0x08000708                HAL_PCD_MspInit
 .text.NMI_Handler
                0x08000744        0x8 ./Core/Src/stm32f1xx_it.o
                0x08000744                NMI_Handler
 .text.HardFault_Handler
                0x0800074c        0x8 ./Core/Src/stm32f1xx_it.o
                0x0800074c                HardFault_Handler
 .text.MemManage_Handler
                0x08000754        0x8 ./Core/Src/stm32f1xx_it.o
                0x08000754                MemManage_Handler
 .text.BusFault_Handler
                0x0800075c        0x8 ./Core/Src/stm32f1xx_it.o
                0x0800075c                BusFault_Handler
 .text.UsageFault_Handler
                0x08000764        0x8 ./Core/Src/stm32f1xx_it.o
                0x08000764                UsageFault_Handler
 .text.SVC_Handler
                0x0800076c        0xc ./Core/Src/stm32f1xx_it.o
                0x0800076c                SVC_Handler
 .text.DebugMon_Handler
                0x08000778        0xc ./Core/Src/stm32f1xx_it.o
                0x08000778                DebugMon_Handler
 .text.PendSV_Handler
                0x08000784        0xc ./Core/Src/stm32f1xx_it.o
                0x08000784                PendSV_Handler
 .text.SysTick_Handler
                0x08000790        0xc ./Core/Src/stm32f1xx_it.o
                0x08000790                SysTick_Handler
 .text.SystemInit
                0x0800079c        0xc ./Core/Src/system_stm32f1xx.o
                0x0800079c                SystemInit
 .text.Reset_Handler
                0x080007a8       0x48 ./Core/Startup/startup_stm32f103c8tx.o
                0x080007a8                Reset_Handler
 .text.Default_Handler
                0x080007f0        0x2 ./Core/Startup/startup_stm32f103c8tx.o
                0x080007f0                RTC_Alarm_IRQHandler
                0x080007f0                EXTI2_IRQHandler
                0x080007f0                TIM1_CC_IRQHandler
                0x080007f0                PVD_IRQHandler
                0x080007f0                EXTI3_IRQHandler
                0x080007f0                EXTI0_IRQHandler
                0x080007f0                I2C2_EV_IRQHandler
                0x080007f0                ADC1_2_IRQHandler
                0x080007f0                SPI1_IRQHandler
                0x080007f0                TAMPER_IRQHandler
                0x080007f0                DMA1_Channel4_IRQHandler
                0x080007f0                USART3_IRQHandler
                0x080007f0                RTC_IRQHandler
                0x080007f0                DMA1_Channel7_IRQHandler
                0x080007f0                CAN1_RX1_IRQHandler
                0x080007f0                TIM4_IRQHandler
                0x080007f0                I2C1_EV_IRQHandler
                0x080007f0                DMA1_Channel6_IRQHandler
                0x080007f0                TIM3_IRQHandler
                0x080007f0                RCC_IRQHandler
                0x080007f0                TIM1_TRG_COM_IRQHandler
                0x080007f0                DMA1_Channel1_IRQHandler
                0x080007f0                Default_Handler
                0x080007f0                EXTI15_10_IRQHandler
                0x080007f0                EXTI9_5_IRQHandler
                0x080007f0                SPI2_IRQHandler
                0x080007f0                DMA1_Channel5_IRQHandler
                0x080007f0                EXTI4_IRQHandler
                0x080007f0                USB_LP_CAN1_RX0_IRQHandler
                0x080007f0                USB_HP_CAN1_TX_IRQHandler
                0x080007f0                DMA1_Channel3_IRQHandler
                0x080007f0                TIM1_UP_IRQHandler
                0x080007f0                WWDG_IRQHandler
                0x080007f0                TIM2_IRQHandler
                0x080007f0                TIM1_BRK_IRQHandler
                0x080007f0                EXTI1_IRQHandler
                0x080007f0                USART2_IRQHandler
                0x080007f0                I2C2_ER_IRQHandler
                0x080007f0                DMA1_Channel2_IRQHandler
                0x080007f0                CAN1_SCE_IRQHandler
                0x080007f0                FLASH_IRQHandler
                0x080007f0                USART1_IRQHandler
                0x080007f0                I2C1_ER_IRQHandler
                0x080007f0                USBWakeUp_IRQHandler
 *fill*         0x080007f2        0x2 
 .text.HAL_Init
                0x080007f4       0x2c ./Drivers/STM32F1xx_HAL_Driver/Src/stm32f1xx_hal.o
                0x080007f4                HAL_Init
 .text.HAL_InitTick
                0x08000820       0x60 ./Drivers/STM32F1xx_HAL_Driver/Src/stm32f1xx_hal.o
                0x08000820                HAL_InitTick
 .text.HAL_IncTick
                0x08000880       0x24 ./Drivers/STM32F1xx_HAL_Driver/Src/stm32f1xx_hal.o
                0x08000880                HAL_IncTick
 .text.HAL_GetTick
                0x080008a4       0x14 ./Drivers/STM32F1xx_HAL_Driver/Src/stm32f1xx_hal.o
                0x080008a4                HAL_GetTick
 .text.__NVIC_SetPriorityGrouping
                0x080008b8       0x48 ./Drivers/STM32F1xx_HAL_Driver/Src/stm32f1xx_hal_cortex.o
 .text.__NVIC_GetPriorityGrouping
                0x08000900       0x1c ./Drivers/STM32F1xx_HAL_Driver/Src/stm32f1xx_hal_cortex.o
 .text.__NVIC_SetPriority
                0x0800091c       0x54 ./Drivers/STM32F1xx_HAL_Driver/Src/stm32f1xx_hal_cortex.o
 .text.NVIC_EncodePriority
                0x08000970       0x64 ./Drivers/STM32F1xx_HAL_Driver/Src/stm32f1xx_hal_cortex.o
 .text.SysTick_Config
                0x080009d4       0x44 ./Drivers/STM32F1xx_HAL_Driver/Src/stm32f1xx_hal_cortex.o
 .text.HAL_NVIC_SetPriorityGrouping
                0x08000a18       0x16 ./Drivers/STM32F1xx_HAL_Driver/Src/stm32f1xx_hal_cortex.o
                0x08000a18                HAL_NVIC_SetPriorityGrouping
 .text.HAL_NVIC_SetPriority
                0x08000a2e       0x38 ./Drivers/STM32F1xx_HAL_Driver/Src/stm32f1xx_hal_cortex.o
                0x08000a2e                HAL_NVIC_SetPriority
 .text.HAL_SYSTICK_Config
                0x08000a66       0x18 ./Drivers/STM32F1xx_HAL_Driver/Src/stm32f1xx_hal_cortex.o
                0x08000a66                HAL_SYSTICK_Config
 *fill*         0x08000a7e        0x2 
 .text.HAL_GPIO_Init
                0x08000a80      0x308 ./Drivers/STM32F1xx_HAL_Driver/Src/stm32f1xx_hal_gpio.o
                0x08000a80                HAL_GPIO_Init
 .text.HAL_GPIO_WritePin
                0x08000d88       0x30 ./Drivers/STM32F1xx_HAL_Driver/Src/stm32f1xx_hal_gpio.o
                0x08000d88                HAL_GPIO_WritePin
 .text.HAL_I2C_Init
                0x08000db8      0x288 ./Drivers/STM32F1xx_HAL_Driver/Src/stm32f1xx_hal_i2c.o
                0x08000db8                HAL_I2C_Init
 .text.HAL_PCD_Init
                0x08001040      0x1ec ./Drivers/STM32F1xx_HAL_Driver/Src/stm32f1xx_hal_pcd.o
                0x08001040                HAL_PCD_Init
 .text.HAL_RCC_OscConfig
                0x0800122c      0x504 ./Drivers/STM32F1xx_HAL_Driver/Src/stm32f1xx_hal_rcc.o
                0x0800122c                HAL_RCC_OscConfig
 .text.HAL_RCC_ClockConfig
                0x08001730      0x1d4 ./Drivers/STM32F1xx_HAL_Driver/Src/stm32f1xx_hal_rcc.o
                0x08001730                HAL_RCC_ClockConfig
 .text.HAL_RCC_GetSysClockFreq
                0x08001904       0xac ./Drivers/STM32F1xx_HAL_Driver/Src/stm32f1xx_hal_rcc.o
                0x08001904                HAL_RCC_GetSysClockFreq
 .text.HAL_RCC_GetHCLKFreq
                0x080019b0       0x14 ./Drivers/STM32F1xx_HAL_Driver/Src/stm32f1xx_hal_rcc.o
                0x080019b0                HAL_RCC_GetHCLKFreq
 .text.HAL_RCC_GetPCLK1Freq
                0x080019c4       0x28 ./Drivers/STM32F1xx_HAL_Driver/Src/stm32f1xx_hal_rcc.o
                0x080019c4                HAL_RCC_GetPCLK1Freq
 .text.RCC_Delay
                0x080019ec       0x3c ./Drivers/STM32F1xx_HAL_Driver/Src/stm32f1xx_hal_rcc.o
 .text.HAL_RCCEx_PeriphCLKConfig
                0x08001a28      0x16c ./Drivers/STM32F1xx_HAL_Driver/Src/stm32f1xx_hal_rcc_ex.o
                0x08001a28                HAL_RCCEx_PeriphCLKConfig
 .text.HAL_SPI_Init
                0x08001b94      0x108 ./Drivers/STM32F1xx_HAL_Driver/Src/stm32f1xx_hal_spi.o
                0x08001b94                HAL_SPI_Init
 .text.USB_CoreInit
                0x08001c9c       0x1a ./Drivers/STM32F1xx_HAL_Driver/Src/stm32f1xx_ll_usb.o
                0x08001c9c                USB_CoreInit
 .text.USB_DisableGlobalInt
                0x08001cb6       0x34 ./Drivers/STM32F1xx_HAL_Driver/Src/stm32f1xx_ll_usb.o
                0x08001cb6                USB_DisableGlobalInt
 .text.USB_SetCurrentMode
                0x08001cea       0x18 ./Drivers/STM32F1xx_HAL_Driver/Src/stm32f1xx_ll_usb.o
                0x08001cea                USB_SetCurrentMode
 .text.USB_DevInit
                0x08001d02       0x3a ./Drivers/STM32F1xx_HAL_Driver/Src/stm32f1xx_ll_usb.o
                0x08001d02                USB_DevInit
 .text.USB_DevDisconnect
                0x08001d3c       0x14 ./Drivers/STM32F1xx_HAL_Driver/Src/stm32f1xx_ll_usb.o
                0x08001d3c                USB_DevDisconnect
 .text.MX_FATFS_Init
                0x08001d50       0x24 ./FATFS/App/fatfs.o
                0x08001d50                MX_FATFS_Init
 .text.USER_initialize
                0x08001d74       0x24 ./FATFS/Target/user_diskio.o
                0x08001d74                USER_initialize
 .text.USER_status
                0x08001d98       0x24 ./FATFS/Target/user_diskio.o
                0x08001d98                USER_status
 .text.USER_read
                0x08001dbc       0x1c ./FATFS/Target/user_diskio.o
                0x08001dbc                USER_read
 .text.USER_write
                0x08001dd8       0x1c ./FATFS/Target/user_diskio.o
                0x08001dd8                USER_write
 .text.USER_ioctl
                0x08001df4       0x20 ./FATFS/Target/user_diskio.o
                0x08001df4                USER_ioctl
 .text.FATFS_LinkDriverEx
                0x08001e14       0x94 ./Middlewares/Third_Party/FatFs/src/ff_gen_drv.o
                0x08001e14                FATFS_LinkDriverEx
 .text.FATFS_LinkDriver
                0x08001ea8       0x1e ./Middlewares/Third_Party/FatFs/src/ff_gen_drv.o
                0x08001ea8                FATFS_LinkDriver
 .text.memset   0x08001ec6       0x10 C:/ST/STM32CubeIDE_1.17.0/STM32CubeIDE/plugins/com.st.stm32cube.ide.mcu.externaltools.gnu-tools-for-stm32.12.3.rel1.win32_1.1.0.202410251130/tools/bin/../lib/gcc/arm-none-eabi/12.3.1/../../../../arm-none-eabi/lib/thumb/v7-m/nofp\libc_nano.a(libc_a-memset.o)
                0x08001ec6                memset
 *fill*         0x08001ed6        0x2 
 .text.__libc_init_array
                0x08001ed8       0x48 C:/ST/STM32CubeIDE_1.17.0/STM32CubeIDE/plugins/com.st.stm32cube.ide.mcu.externaltools.gnu-tools-for-stm32.12.3.rel1.win32_1.1.0.202410251130/tools/bin/../lib/gcc/arm-none-eabi/12.3.1/../../../../arm-none-eabi/lib/thumb/v7-m/nofp\libc_nano.a(libc_a-init.o)
                0x08001ed8                __libc_init_array
 *(.glue_7)
 .glue_7        0x08001f20        0x0 linker stubs
 *(.glue_7t)
 .glue_7t       0x08001f20        0x0 linker stubs
 *(.eh_frame)
 .eh_frame      0x08001f20        0x0 C:/ST/STM32CubeIDE_1.17.0/STM32CubeIDE/plugins/com.st.stm32cube.ide.mcu.externaltools.gnu-tools-for-stm32.12.3.rel1.win32_1.1.0.202410251130/tools/bin/../lib/gcc/arm-none-eabi/12.3.1/thumb/v7-m/nofp/crtbegin.o
 *(.init)
 .init          0x08001f20        0x4 C:/ST/STM32CubeIDE_1.17.0/STM32CubeIDE/plugins/com.st.stm32cube.ide.mcu.externaltools.gnu-tools-for-stm32.12.3.rel1.win32_1.1.0.202410251130/tools/bin/../lib/gcc/arm-none-eabi/12.3.1/thumb/v7-m/nofp/crti.o
                0x08001f20                _init
 .init          0x08001f24        0x8 C:/ST/STM32CubeIDE_1.17.0/STM32CubeIDE/plugins/com.st.stm32cube.ide.mcu.externaltools.gnu-tools-for-stm32.12.3.rel1.win32_1.1.0.202410251130/tools/bin/../lib/gcc/arm-none-eabi/12.3.1/thumb/v7-m/nofp/crtn.o
 *(.fini)
 .fini          0x08001f2c        0x4 C:/ST/STM32CubeIDE_1.17.0/STM32CubeIDE/plugins/com.st.stm32cube.ide.mcu.externaltools.gnu-tools-for-stm32.12.3.rel1.win32_1.1.0.202410251130/tools/bin/../lib/gcc/arm-none-eabi/12.3.1/thumb/v7-m/nofp/crti.o
                0x08001f2c                _fini
 .fini          0x08001f30        0x8 C:/ST/STM32CubeIDE_1.17.0/STM32CubeIDE/plugins/com.st.stm32cube.ide.mcu.externaltools.gnu-tools-for-stm32.12.3.rel1.win32_1.1.0.202410251130/tools/bin/../lib/gcc/arm-none-eabi/12.3.1/thumb/v7-m/nofp/crtn.o
                0x08001f38                        . = ALIGN (0x4)
                0x08001f38                        _etext = .

.vfp11_veneer   0x08001f38        0x0
 .vfp11_veneer  0x08001f38        0x0 linker stubs

.v4_bx          0x08001f38        0x0
 .v4_bx         0x08001f38        0x0 linker stubs

.iplt           0x08001f38        0x0
 .iplt          0x08001f38        0x0 C:/ST/STM32CubeIDE_1.17.0/STM32CubeIDE/plugins/com.st.stm32cube.ide.mcu.externaltools.gnu-tools-for-stm32.12.3.rel1.win32_1.1.0.202410251130/tools/bin/../lib/gcc/arm-none-eabi/12.3.1/thumb/v7-m/nofp/crtbegin.o

.rodata         0x08001f38       0x2c
                0x08001f38                        . = ALIGN (0x4)
 *(.rodata)
 *(.rodata*)
 .rodata.AHBPrescTable
                0x08001f38       0x10 ./Core/Src/system_stm32f1xx.o
                0x08001f38                AHBPrescTable
 .rodata.APBPrescTable
                0x08001f48        0x8 ./Core/Src/system_stm32f1xx.o
                0x08001f48                APBPrescTable
 .rodata.aPLLMULFactorTable.1
                0x08001f50       0x10 ./Drivers/STM32F1xx_HAL_Driver/Src/stm32f1xx_hal_rcc.o
 .rodata.aPredivFactorTable.0
                0x08001f60        0x2 ./Drivers/STM32F1xx_HAL_Driver/Src/stm32f1xx_hal_rcc.o
                0x08001f64                        . = ALIGN (0x4)
 *fill*         0x08001f62        0x2 

.ARM.extab      0x08001f64        0x0
                0x08001f64                        . = ALIGN (0x4)
 *(.ARM.extab* .gnu.linkonce.armextab.*)
                0x08001f64                        . = ALIGN (0x4)

.ARM            0x08001f64        0x0
                0x08001f64                        . = ALIGN (0x4)
                0x08001f64                        __exidx_start = .
 *(.ARM.exidx*)
                0x08001f64                        __exidx_end = .
                0x08001f64                        . = ALIGN (0x4)

.preinit_array  0x08001f64        0x0
                0x08001f64                        . = ALIGN (0x4)
                0x08001f64                        PROVIDE (__preinit_array_start = .)
 *(.preinit_array*)
                0x08001f64                        PROVIDE (__preinit_array_end = .)
                0x08001f64                        . = ALIGN (0x4)

.init_array     0x08001f64        0x4
                0x08001f64                        . = ALIGN (0x4)
                0x08001f64                        PROVIDE (__init_array_start = .)
 *(SORT_BY_NAME(.init_array.*))
 *(.init_array*)
 .init_array    0x08001f64        0x4 C:/ST/STM32CubeIDE_1.17.0/STM32CubeIDE/plugins/com.st.stm32cube.ide.mcu.externaltools.gnu-tools-for-stm32.12.3.rel1.win32_1.1.0.202410251130/tools/bin/../lib/gcc/arm-none-eabi/12.3.1/thumb/v7-m/nofp/crtbegin.o
                0x08001f68                        PROVIDE (__init_array_end = .)
                0x08001f68                        . = ALIGN (0x4)

.fini_array     0x08001f68        0x4
                0x08001f68                        . = ALIGN (0x4)
                [!provide]                        PROVIDE (__fini_array_start = .)
 *(SORT_BY_NAME(.fini_array.*))
 *(.fini_array*)
 .fini_array    0x08001f68        0x4 C:/ST/STM32CubeIDE_1.17.0/STM32CubeIDE/plugins/com.st.stm32cube.ide.mcu.externaltools.gnu-tools-for-stm32.12.3.rel1.win32_1.1.0.202410251130/tools/bin/../lib/gcc/arm-none-eabi/12.3.1/thumb/v7-m/nofp/crtbegin.o
                [!provide]                        PROVIDE (__fini_array_end = .)
                0x08001f6c                        . = ALIGN (0x4)
                0x08001f6c                        _sidata = LOADADDR (.data)

.rel.dyn        0x08001f6c        0x0
 .rel.iplt      0x08001f6c        0x0 C:/ST/STM32CubeIDE_1.17.0/STM32CubeIDE/plugins/com.st.stm32cube.ide.mcu.externaltools.gnu-tools-for-stm32.12.3.rel1.win32_1.1.0.202410251130/tools/bin/../lib/gcc/arm-none-eabi/12.3.1/thumb/v7-m/nofp/crtbegin.o

.data           0x20000000       0x20 load address 0x08001f6c
                0x20000000                        . = ALIGN (0x4)
                0x20000000                        _sdata = .
 *(.data)
 *(.data*)
 .data.SystemCoreClock
                0x20000000        0x4 ./Core/Src/system_stm32f1xx.o
                0x20000000                SystemCoreClock
 .data.uwTickPrio
                0x20000004        0x4 ./Drivers/STM32F1xx_HAL_Driver/Src/stm32f1xx_hal.o
                0x20000004                uwTickPrio
 .data.uwTickFreq
                0x20000008        0x1 ./Drivers/STM32F1xx_HAL_Driver/Src/stm32f1xx_hal.o
                0x20000008                uwTickFreq
 .data.Stat     0x20000009        0x1 ./FATFS/Target/user_diskio.o
 *fill*         0x2000000a        0x2 
 .data.USER_Driver
                0x2000000c       0x14 ./FATFS/Target/user_diskio.o
                0x2000000c                USER_Driver
 *(.RamFunc)
 *(.RamFunc*)
                0x20000020                        . = ALIGN (0x4)
                0x20000020                        _edata = .

.igot.plt       0x20000020        0x0 load address 0x08001f8c
 .igot.plt      0x20000020        0x0 C:/ST/STM32CubeIDE_1.17.0/STM32CubeIDE/plugins/com.st.stm32cube.ide.mcu.externaltools.gnu-tools-for-stm32.12.3.rel1.win32_1.1.0.202410251130/tools/bin/../lib/gcc/arm-none-eabi/12.3.1/thumb/v7-m/nofp/crtbegin.o
                0x20000020                        . = ALIGN (0x4)

.bss            0x20000020      0x464 load address 0x08001f8c
                0x20000020                        _sbss = .
                0x20000020                        __bss_start__ = _sbss
 *(.bss)
 .bss           0x20000020       0x1c C:/ST/STM32CubeIDE_1.17.0/STM32CubeIDE/plugins/com.st.stm32cube.ide.mcu.externaltools.gnu-tools-for-stm32.12.3.rel1.win32_1.1.0.202410251130/tools/bin/../lib/gcc/arm-none-eabi/12.3.1/thumb/v7-m/nofp/crtbegin.o
 *(.bss*)
 .bss.hi2c1     0x2000003c       0x54 ./Core/Src/main.o
                0x2000003c                hi2c1
 .bss.hi2c2     0x20000090       0x54 ./Core/Src/main.o
                0x20000090                hi2c2
 .bss.hspi1     0x200000e4       0x58 ./Core/Src/main.o
                0x200000e4                hspi1
 .bss.hspi2     0x2000013c       0x58 ./Core/Src/main.o
                0x2000013c                hspi2
 .bss.hpcd_USB_FS
                0x20000194      0x2d8 ./Core/Src/main.o
                0x20000194                hpcd_USB_FS
 .bss.uwTick    0x2000046c        0x4 ./Drivers/STM32F1xx_HAL_Driver/Src/stm32f1xx_hal.o
                0x2000046c                uwTick
 .bss.retUSER   0x20000470        0x1 ./FATFS/App/fatfs.o
                0x20000470                retUSER
 *fill*         0x20000471        0x3 
 .bss.USERPath  0x20000474        0x4 ./FATFS/App/fatfs.o
                0x20000474                USERPath
 .bss.disk      0x20000478        0xc ./Middlewares/Third_Party/FatFs/src/ff_gen_drv.o
                0x20000478                disk
 *(COMMON)
                0x20000484                        . = ALIGN (0x4)
                0x20000484                        _ebss = .
                0x20000484                        __bss_end__ = _ebss

._user_heap_stack
                0x20000484      0x604 load address 0x08001f8c
                0x20000488                        . = ALIGN (0x8)
 *fill*         0x20000484        0x4 
                [!provide]                        PROVIDE (end = .)
                0x20000488                        PROVIDE (_end = .)
                0x20000688                        . = (. + _Min_Heap_Size)
 *fill*         0x20000488      0x200 
                0x20000a88                        . = (. + _Min_Stack_Size)
 *fill*         0x20000688      0x400 
                0x20000a88                        . = ALIGN (0x8)

/DISCARD/
 libc.a(*)
 libm.a(*)
 libgcc.a(*)

.ARM.attributes
                0x00000000       0x29
 *(.ARM.attributes)
 .ARM.attributes
                0x00000000       0x1d C:/ST/STM32CubeIDE_1.17.0/STM32CubeIDE/plugins/com.st.stm32cube.ide.mcu.externaltools.gnu-tools-for-stm32.12.3.rel1.win32_1.1.0.202410251130/tools/bin/../lib/gcc/arm-none-eabi/12.3.1/thumb/v7-m/nofp/crti.o
 .ARM.attributes
                0x0000001d       0x2d C:/ST/STM32CubeIDE_1.17.0/STM32CubeIDE/plugins/com.st.stm32cube.ide.mcu.externaltools.gnu-tools-for-stm32.12.3.rel1.win32_1.1.0.202410251130/tools/bin/../lib/gcc/arm-none-eabi/12.3.1/thumb/v7-m/nofp/crtbegin.o
 .ARM.attributes
                0x0000004a       0x2d ./Core/Src/main.o
 .ARM.attributes
                0x00000077       0x2d ./Core/Src/stm32f1xx_hal_msp.o
 .ARM.attributes
                0x000000a4       0x2d ./Core/Src/stm32f1xx_it.o
 .ARM.attributes
                0x000000d1       0x2d ./Core/Src/system_stm32f1xx.o
 .ARM.attributes
                0x000000fe       0x21 ./Core/Startup/startup_stm32f103c8tx.o
 .ARM.attributes
                0x0000011f       0x2d ./Drivers/STM32F1xx_HAL_Driver/Src/stm32f1xx_hal.o
 .ARM.attributes
                0x0000014c       0x2d ./Drivers/STM32F1xx_HAL_Driver/Src/stm32f1xx_hal_cortex.o
 .ARM.attributes
                0x00000179       0x2d ./Drivers/STM32F1xx_HAL_Driver/Src/stm32f1xx_hal_gpio.o
 .ARM.attributes
                0x000001a6       0x2d ./Drivers/STM32F1xx_HAL_Driver/Src/stm32f1xx_hal_i2c.o
 .ARM.attributes
                0x000001d3       0x2d ./Drivers/STM32F1xx_HAL_Driver/Src/stm32f1xx_hal_pcd.o
 .ARM.attributes
                0x00000200       0x2d ./Drivers/STM32F1xx_HAL_Driver/Src/stm32f1xx_hal_rcc.o
 .ARM.attributes
                0x0000022d       0x2d ./Drivers/STM32F1xx_HAL_Driver/Src/stm32f1xx_hal_rcc_ex.o
 .ARM.attributes
                0x0000025a       0x2d ./Drivers/STM32F1xx_HAL_Driver/Src/stm32f1xx_hal_spi.o
 .ARM.attributes
                0x00000287       0x2d ./Drivers/STM32F1xx_HAL_Driver/Src/stm32f1xx_ll_usb.o
 .ARM.attributes
                0x000002b4       0x2d ./FATFS/App/fatfs.o
 .ARM.attributes
                0x000002e1       0x2d ./FATFS/Target/user_diskio.o
 .ARM.attributes
                0x0000030e       0x2d ./Middlewares/Third_Party/FatFs/src/ff_gen_drv.o
 .ARM.attributes
                0x0000033b       0x2d C:/ST/STM32CubeIDE_1.17.0/STM32CubeIDE/plugins/com.st.stm32cube.ide.mcu.externaltools.gnu-tools-for-stm32.12.3.rel1.win32_1.1.0.202410251130/tools/bin/../lib/gcc/arm-none-eabi/12.3.1/../../../../arm-none-eabi/lib/thumb/v7-m/nofp\libc_nano.a(libc_a-memset.o)
 .ARM.attributes
                0x00000368       0x2d C:/ST/STM32CubeIDE_1.17.0/STM32CubeIDE/plugins/com.st.stm32cube.ide.mcu.externaltools.gnu-tools-for-stm32.12.3.rel1.win32_1.1.0.202410251130/tools/bin/../lib/gcc/arm-none-eabi/12.3.1/../../../../arm-none-eabi/lib/thumb/v7-m/nofp\libc_nano.a(libc_a-init.o)
 .ARM.attributes
                0x00000395       0x1d C:/ST/STM32CubeIDE_1.17.0/STM32CubeIDE/plugins/com.st.stm32cube.ide.mcu.externaltools.gnu-tools-for-stm32.12.3.rel1.win32_1.1.0.202410251130/tools/bin/../lib/gcc/arm-none-eabi/12.3.1/thumb/v7-m/nofp/crtn.o
OUTPUT(whopometer.elf elf32-littlearm)
LOAD linker stubs
LOAD C:/ST/STM32CubeIDE_1.17.0/STM32CubeIDE/plugins/com.st.stm32cube.ide.mcu.externaltools.gnu-tools-for-stm32.12.3.rel1.win32_1.1.0.202410251130/tools/bin/../lib/gcc/arm-none-eabi/12.3.1/../../../../arm-none-eabi/lib/thumb/v7-m/nofp\libc.a
LOAD C:/ST/STM32CubeIDE_1.17.0/STM32CubeIDE/plugins/com.st.stm32cube.ide.mcu.externaltools.gnu-tools-for-stm32.12.3.rel1.win32_1.1.0.202410251130/tools/bin/../lib/gcc/arm-none-eabi/12.3.1/../../../../arm-none-eabi/lib/thumb/v7-m/nofp\libm.a
LOAD C:/ST/STM32CubeIDE_1.17.0/STM32CubeIDE/plugins/com.st.stm32cube.ide.mcu.externaltools.gnu-tools-for-stm32.12.3.rel1.win32_1.1.0.202410251130/tools/bin/../lib/gcc/arm-none-eabi/12.3.1/thumb/v7-m/nofp\libgcc.a

.debug_info     0x00000000     0xbc01
 .debug_info    0x00000000     0x121b ./Core/Src/main.o
 .debug_info    0x0000121b     0x106a ./Core/Src/stm32f1xx_hal_msp.o
 .debug_info    0x00002285      0x113 ./Core/Src/stm32f1xx_it.o
 .debug_info    0x00002398      0x222 ./Core/Src/system_stm32f1xx.o
 .debug_info    0x000025ba       0x30 ./Core/Startup/startup_stm32f103c8tx.o
 .debug_info    0x000025ea      0x704 ./Drivers/STM32F1xx_HAL_Driver/Src/stm32f1xx_hal.o
 .debug_info    0x00002cee      0xa87 ./Drivers/STM32F1xx_HAL_Driver/Src/stm32f1xx_hal_cortex.o
 .debug_info    0x00003775      0x5ab ./Drivers/STM32F1xx_HAL_Driver/Src/stm32f1xx_hal_gpio.o
 .debug_info    0x00003d20     0x2524 ./Drivers/STM32F1xx_HAL_Driver/Src/stm32f1xx_hal_i2c.o
 .debug_info    0x00006244     0x16dc ./Drivers/STM32F1xx_HAL_Driver/Src/stm32f1xx_hal_pcd.o
 .debug_info    0x00007920      0x7d5 ./Drivers/STM32F1xx_HAL_Driver/Src/stm32f1xx_hal_rcc.o
 .debug_info    0x000080f5      0x3c0 ./Drivers/STM32F1xx_HAL_Driver/Src/stm32f1xx_hal_rcc_ex.o
 .debug_info    0x000084b5     0x142d ./Drivers/STM32F1xx_HAL_Driver/Src/stm32f1xx_hal_spi.o
 .debug_info    0x000098e2     0x17ae ./Drivers/STM32F1xx_HAL_Driver/Src/stm32f1xx_ll_usb.o
 .debug_info    0x0000b090      0x4cf ./FATFS/App/fatfs.o
 .debug_info    0x0000b55f      0x328 ./FATFS/Target/user_diskio.o
 .debug_info    0x0000b887      0x37a ./Middlewares/Third_Party/FatFs/src/ff_gen_drv.o

.debug_abbrev   0x00000000     0x1ff4
 .debug_abbrev  0x00000000      0x2a5 ./Core/Src/main.o
 .debug_abbrev  0x000002a5      0x227 ./Core/Src/stm32f1xx_hal_msp.o
 .debug_abbrev  0x000004cc       0x73 ./Core/Src/stm32f1xx_it.o
 .debug_abbrev  0x0000053f      0x13f ./Core/Src/system_stm32f1xx.o
 .debug_abbrev  0x0000067e       0x24 ./Core/Startup/startup_stm32f103c8tx.o
 .debug_abbrev  0x000006a2      0x201 ./Drivers/STM32F1xx_HAL_Driver/Src/stm32f1xx_hal.o
 .debug_abbrev  0x000008a3      0x2f8 ./Drivers/STM32F1xx_HAL_Driver/Src/stm32f1xx_hal_cortex.o
 .debug_abbrev  0x00000b9b      0x1ca ./Drivers/STM32F1xx_HAL_Driver/Src/stm32f1xx_hal_gpio.o
 .debug_abbrev  0x00000d65      0x2a3 ./Drivers/STM32F1xx_HAL_Driver/Src/stm32f1xx_hal_i2c.o
 .debug_abbrev  0x00001008      0x2d6 ./Drivers/STM32F1xx_HAL_Driver/Src/stm32f1xx_hal_pcd.o
 .debug_abbrev  0x000012de      0x2b3 ./Drivers/STM32F1xx_HAL_Driver/Src/stm32f1xx_hal_rcc.o
 .debug_abbrev  0x00001591      0x188 ./Drivers/STM32F1xx_HAL_Driver/Src/stm32f1xx_hal_rcc_ex.o
 .debug_abbrev  0x00001719      0x27a ./Drivers/STM32F1xx_HAL_Driver/Src/stm32f1xx_hal_spi.o
 .debug_abbrev  0x00001993      0x1de ./Drivers/STM32F1xx_HAL_Driver/Src/stm32f1xx_ll_usb.o
 .debug_abbrev  0x00001b71      0x1a8 ./FATFS/App/fatfs.o
 .debug_abbrev  0x00001d19      0x13c ./FATFS/Target/user_diskio.o
 .debug_abbrev  0x00001e55      0x19f ./Middlewares/Third_Party/FatFs/src/ff_gen_drv.o

.debug_aranges  0x00000000      0xbb0
 .debug_aranges
                0x00000000       0x60 ./Core/Src/main.o
 .debug_aranges
                0x00000060       0x50 ./Core/Src/stm32f1xx_hal_msp.o
 .debug_aranges
                0x000000b0       0x60 ./Core/Src/stm32f1xx_it.o
 .debug_aranges
                0x00000110       0x28 ./Core/Src/system_stm32f1xx.o
 .debug_aranges
                0x00000138       0x28 ./Core/Startup/startup_stm32f103c8tx.o
 .debug_aranges
                0x00000160       0xe0 ./Drivers/STM32F1xx_HAL_Driver/Src/stm32f1xx_hal.o
 .debug_aranges
                0x00000240      0x100 ./Drivers/STM32F1xx_HAL_Driver/Src/stm32f1xx_hal_cortex.o
 .debug_aranges
                0x00000340       0x58 ./Drivers/STM32F1xx_HAL_Driver/Src/stm32f1xx_hal_gpio.o
 .debug_aranges
                0x00000398      0x2a8 ./Drivers/STM32F1xx_HAL_Driver/Src/stm32f1xx_hal_i2c.o
 .debug_aranges
                0x00000640      0x140 ./Drivers/STM32F1xx_HAL_Driver/Src/stm32f1xx_hal_pcd.o
 .debug_aranges
                0x00000780       0x90 ./Drivers/STM32F1xx_HAL_Driver/Src/stm32f1xx_hal_rcc.o
 .debug_aranges
                0x00000810       0x30 ./Drivers/STM32F1xx_HAL_Driver/Src/stm32f1xx_hal_rcc_ex.o
 .debug_aranges
                0x00000840      0x1d0 ./Drivers/STM32F1xx_HAL_Driver/Src/stm32f1xx_hal_spi.o
 .debug_aranges
                0x00000a10       0xf8 ./Drivers/STM32F1xx_HAL_Driver/Src/stm32f1xx_ll_usb.o
 .debug_aranges
                0x00000b08       0x28 ./FATFS/App/fatfs.o
 .debug_aranges
                0x00000b30       0x40 ./FATFS/Target/user_diskio.o
 .debug_aranges
                0x00000b70       0x40 ./Middlewares/Third_Party/FatFs/src/ff_gen_drv.o

.debug_rnglists
                0x00000000      0x8e9
 .debug_rnglists
                0x00000000       0x45 ./Core/Src/main.o
 .debug_rnglists
                0x00000045       0x39 ./Core/Src/stm32f1xx_hal_msp.o
 .debug_rnglists
                0x0000007e       0x43 ./Core/Src/stm32f1xx_it.o
 .debug_rnglists
                0x000000c1       0x1a ./Core/Src/system_stm32f1xx.o
 .debug_rnglists
                0x000000db       0x19 ./Core/Startup/startup_stm32f103c8tx.o
 .debug_rnglists
                0x000000f4       0xa3 ./Drivers/STM32F1xx_HAL_Driver/Src/stm32f1xx_hal.o
 .debug_rnglists
                0x00000197       0xbb ./Drivers/STM32F1xx_HAL_Driver/Src/stm32f1xx_hal_cortex.o
 .debug_rnglists
                0x00000252       0x3f ./Drivers/STM32F1xx_HAL_Driver/Src/stm32f1xx_hal_gpio.o
 .debug_rnglists
                0x00000291      0x23c ./Drivers/STM32F1xx_HAL_Driver/Src/stm32f1xx_hal_i2c.o
 .debug_rnglists
                0x000004cd       0xf4 ./Drivers/STM32F1xx_HAL_Driver/Src/stm32f1xx_hal_pcd.o
 .debug_rnglists
                0x000005c1       0x6c ./Drivers/STM32F1xx_HAL_Driver/Src/stm32f1xx_hal_rcc.o
 .debug_rnglists
                0x0000062d       0x21 ./Drivers/STM32F1xx_HAL_Driver/Src/stm32f1xx_hal_rcc_ex.o
 .debug_rnglists
                0x0000064e      0x16e ./Drivers/STM32F1xx_HAL_Driver/Src/stm32f1xx_hal_spi.o
 .debug_rnglists
                0x000007bc       0xbd ./Drivers/STM32F1xx_HAL_Driver/Src/stm32f1xx_ll_usb.o
 .debug_rnglists
                0x00000879       0x19 ./FATFS/App/fatfs.o
 .debug_rnglists
                0x00000892       0x2b ./FATFS/Target/user_diskio.o
 .debug_rnglists
                0x000008bd       0x2c ./Middlewares/Third_Party/FatFs/src/ff_gen_drv.o

.debug_macro    0x00000000    0x1775d
 .debug_macro   0x00000000      0x218 ./Core/Src/main.o
 .debug_macro   0x00000218      0xaa8 ./Core/Src/main.o
 .debug_macro   0x00000cc0      0x221 ./Core/Src/main.o
 .debug_macro   0x00000ee1       0x2e ./Core/Src/main.o
 .debug_macro   0x00000f0f       0x22 ./Core/Src/main.o
 .debug_macro   0x00000f31       0x22 ./Core/Src/main.o
 .debug_macro   0x00000f53       0x8e ./Core/Src/main.o
 .debug_macro   0x00000fe1       0x51 ./Core/Src/main.o
 .debug_macro   0x00001032      0x103 ./Core/Src/main.o
 .debug_macro   0x00001135       0x6a ./Core/Src/main.o
 .debug_macro   0x0000119f      0x1df ./Core/Src/main.o
 .debug_macro   0x0000137e       0x1c ./Core/Src/main.o
 .debug_macro   0x0000139a       0x22 ./Core/Src/main.o
 .debug_macro   0x000013bc       0xbd ./Core/Src/main.o
 .debug_macro   0x00001479      0xd23 ./Core/Src/main.o
 .debug_macro   0x0000219c     0xe09e ./Core/Src/main.o
 .debug_macro   0x0001023a       0x6d ./Core/Src/main.o
 .debug_macro   0x000102a7     0x34a2 ./Core/Src/main.o
 .debug_macro   0x00013749      0x189 ./Core/Src/main.o
 .debug_macro   0x000138d2       0x5c ./Core/Src/main.o
 .debug_macro   0x0001392e      0x5bc ./Core/Src/main.o
 .debug_macro   0x00013eea      0x289 ./Core/Src/main.o
 .debug_macro   0x00014173      0x1cb ./Core/Src/main.o
 .debug_macro   0x0001433e      0x114 ./Core/Src/main.o
 .debug_macro   0x00014452      0x1b2 ./Core/Src/main.o
 .debug_macro   0x00014604       0x27 ./Core/Src/main.o
 .debug_macro   0x0001462b      0x136 ./Core/Src/main.o
 .debug_macro   0x00014761      0x1bc ./Core/Src/main.o
 .debug_macro   0x0001491d       0x34 ./Core/Src/main.o
 .debug_macro   0x00014951       0x3c ./Core/Src/main.o
 .debug_macro   0x0001498d       0x57 ./Core/Src/main.o
 .debug_macro   0x000149e4       0x87 ./Core/Src/main.o
 .debug_macro   0x00014a6b      0x240 ./Core/Src/main.o
 .debug_macro   0x00014cab      0x287 ./Core/Src/main.o
 .debug_macro   0x00014f32      0x140 ./Core/Src/main.o
 .debug_macro   0x00015072      0x217 ./Core/Src/main.o
 .debug_macro   0x00015289       0xb7 ./Core/Src/main.o
 .debug_macro   0x00015340      0x242 ./Core/Src/main.o
 .debug_macro   0x00015582       0x83 ./Core/Src/main.o
 .debug_macro   0x00015605       0x10 ./Core/Src/main.o
 .debug_macro   0x00015615       0xde ./Core/Src/main.o
 .debug_macro   0x000156f3       0xf5 ./Core/Src/main.o
 .debug_macro   0x000157e8       0x8e ./Core/Src/main.o
 .debug_macro   0x00015876      0x1cb ./Core/Src/stm32f1xx_hal_msp.o
 .debug_macro   0x00015a41      0x1d5 ./Core/Src/stm32f1xx_it.o
 .debug_macro   0x00015c16      0x1bc ./Core/Src/system_stm32f1xx.o
 .debug_macro   0x00015dd2      0x1e0 ./Drivers/STM32F1xx_HAL_Driver/Src/stm32f1xx_hal.o
 .debug_macro   0x00015fb2      0x1bc ./Drivers/STM32F1xx_HAL_Driver/Src/stm32f1xx_hal_cortex.o
 .debug_macro   0x0001616e      0x227 ./Drivers/STM32F1xx_HAL_Driver/Src/stm32f1xx_hal_gpio.o
 .debug_macro   0x00016395      0x20a ./Drivers/STM32F1xx_HAL_Driver/Src/stm32f1xx_hal_i2c.o
 .debug_macro   0x0001659f      0x1c8 ./Drivers/STM32F1xx_HAL_Driver/Src/stm32f1xx_hal_pcd.o
 .debug_macro   0x00016767      0x1ce ./Drivers/STM32F1xx_HAL_Driver/Src/stm32f1xx_hal_rcc.o
 .debug_macro   0x00016935      0x1bc ./Drivers/STM32F1xx_HAL_Driver/Src/stm32f1xx_hal_rcc_ex.o
 .debug_macro   0x00016af1      0x1c4 ./Drivers/STM32F1xx_HAL_Driver/Src/stm32f1xx_hal_spi.o
 .debug_macro   0x00016cb5      0x1bc ./Drivers/STM32F1xx_HAL_Driver/Src/stm32f1xx_ll_usb.o
 .debug_macro   0x00016e71      0x21e ./FATFS/App/fatfs.o
 .debug_macro   0x0001708f       0xd8 ./FATFS/App/fatfs.o
 .debug_macro   0x00017167      0x2d3 ./FATFS/Target/user_diskio.o
 .debug_macro   0x0001743a       0x10 ./FATFS/Target/user_diskio.o
 .debug_macro   0x0001744a       0x20 ./FATFS/Target/user_diskio.o
 .debug_macro   0x0001746a       0x16 ./FATFS/Target/user_diskio.o
 .debug_macro   0x00017480       0x7c ./FATFS/Target/user_diskio.o
 .debug_macro   0x000174fc       0x56 ./FATFS/Target/user_diskio.o
 .debug_macro   0x00017552      0x20b ./Middlewares/Third_Party/FatFs/src/ff_gen_drv.o

.debug_line     0x00000000     0xf0bc
 .debug_line    0x00000000      0x9b1 ./Core/Src/main.o
 .debug_line    0x000009b1      0x865 ./Core/Src/stm32f1xx_hal_msp.o
 .debug_line    0x00001216      0x7eb ./Core/Src/stm32f1xx_it.o
 .debug_line    0x00001a01      0x7a7 ./Core/Src/system_stm32f1xx.o
 .debug_line    0x000021a8       0x78 ./Core/Startup/startup_stm32f103c8tx.o
 .debug_line    0x00002220      0x9d4 ./Drivers/STM32F1xx_HAL_Driver/Src/stm32f1xx_hal.o
 .debug_line    0x00002bf4      0xbc0 ./Drivers/STM32F1xx_HAL_Driver/Src/stm32f1xx_hal_cortex.o
 .debug_line    0x000037b4      0xa6d ./Drivers/STM32F1xx_HAL_Driver/Src/stm32f1xx_hal_gpio.o
 .debug_line    0x00004221     0x3c71 ./Drivers/STM32F1xx_HAL_Driver/Src/stm32f1xx_hal_i2c.o
 .debug_line    0x00007e92     0x1429 ./Drivers/STM32F1xx_HAL_Driver/Src/stm32f1xx_hal_pcd.o
 .debug_line    0x000092bb      0xddd ./Drivers/STM32F1xx_HAL_Driver/Src/stm32f1xx_hal_rcc.o
 .debug_line    0x0000a098      0x91f ./Drivers/STM32F1xx_HAL_Driver/Src/stm32f1xx_hal_rcc_ex.o
 .debug_line    0x0000a9b7     0x1cf8 ./Drivers/STM32F1xx_HAL_Driver/Src/stm32f1xx_hal_spi.o
 .debug_line    0x0000c6af     0x10a5 ./Drivers/STM32F1xx_HAL_Driver/Src/stm32f1xx_ll_usb.o
 .debug_line    0x0000d754      0x7c4 ./FATFS/App/fatfs.o
 .debug_line    0x0000df18      0x952 ./FATFS/Target/user_diskio.o
 .debug_line    0x0000e86a      0x852 ./Middlewares/Third_Party/FatFs/src/ff_gen_drv.o

.debug_str      0x00000000    0x870e8
 .debug_str     0x00000000    0x814a2 ./Core/Src/main.o
                              0x818a4 (size before relaxing)
 .debug_str     0x000814a2       0xd5 ./Core/Src/stm32f1xx_hal_msp.o
                              0x80eb2 (size before relaxing)
 .debug_str     0x00081577       0xc9 ./Core/Src/stm32f1xx_it.o
                              0x804ac (size before relaxing)
 .debug_str     0x00081640       0x7e ./Core/Src/system_stm32f1xx.o
                              0x80497 (size before relaxing)
 .debug_str     0x000816be       0x44 ./Core/Startup/startup_stm32f103c8tx.o
                                 0x7b (size before relaxing)
 .debug_str     0x00081702      0x607 ./Drivers/STM32F1xx_HAL_Driver/Src/stm32f1xx_hal.o
                              0x80bca (size before relaxing)
 .debug_str     0x00081d09      0x293 ./Drivers/STM32F1xx_HAL_Driver/Src/stm32f1xx_hal_cortex.o
                              0x80b16 (size before relaxing)
 .debug_str     0x00081f9c      0x2e6 ./Drivers/STM32F1xx_HAL_Driver/Src/stm32f1xx_hal_gpio.o
                              0x8081d (size before relaxing)
 .debug_str     0x00082282      0xbbd ./Drivers/STM32F1xx_HAL_Driver/Src/stm32f1xx_hal_i2c.o
                              0x8155e (size before relaxing)
 .debug_str     0x00082e3f      0x59c ./Drivers/STM32F1xx_HAL_Driver/Src/stm32f1xx_hal_pcd.o
                              0x80db4 (size before relaxing)
 .debug_str     0x000833db      0x209 ./Drivers/STM32F1xx_HAL_Driver/Src/stm32f1xx_hal_rcc.o
                              0x808c6 (size before relaxing)
 .debug_str     0x000835e4       0x9f ./Drivers/STM32F1xx_HAL_Driver/Src/stm32f1xx_hal_rcc_ex.o
                              0x80616 (size before relaxing)
 .debug_str     0x00083683      0x52f ./Drivers/STM32F1xx_HAL_Driver/Src/stm32f1xx_hal_spi.o
                              0x80dbd (size before relaxing)
 .debug_str     0x00083bb2      0x129 ./Drivers/STM32F1xx_HAL_Driver/Src/stm32f1xx_ll_usb.o
                              0x80968 (size before relaxing)
 .debug_str     0x00083cdb      0x1ae ./FATFS/App/fatfs.o
                              0x80d4e (size before relaxing)
 .debug_str     0x00083e89     0x31a5 ./FATFS/Target/user_diskio.o
                              0x83db1 (size before relaxing)
 .debug_str     0x0008702e       0xba ./Middlewares/Third_Party/FatFs/src/ff_gen_drv.o
                              0x80ccb (size before relaxing)

.comment        0x00000000       0x43
 .comment       0x00000000       0x43 ./Core/Src/main.o
                                 0x44 (size before relaxing)
 .comment       0x00000043       0x44 ./Core/Src/stm32f1xx_hal_msp.o
 .comment       0x00000043       0x44 ./Core/Src/stm32f1xx_it.o
 .comment       0x00000043       0x44 ./Core/Src/system_stm32f1xx.o
 .comment       0x00000043       0x44 ./Drivers/STM32F1xx_HAL_Driver/Src/stm32f1xx_hal.o
 .comment       0x00000043       0x44 ./Drivers/STM32F1xx_HAL_Driver/Src/stm32f1xx_hal_cortex.o
 .comment       0x00000043       0x44 ./Drivers/STM32F1xx_HAL_Driver/Src/stm32f1xx_hal_gpio.o
 .comment       0x00000043       0x44 ./Drivers/STM32F1xx_HAL_Driver/Src/stm32f1xx_hal_i2c.o
 .comment       0x00000043       0x44 ./Drivers/STM32F1xx_HAL_Driver/Src/stm32f1xx_hal_pcd.o
 .comment       0x00000043       0x44 ./Drivers/STM32F1xx_HAL_Driver/Src/stm32f1xx_hal_rcc.o
 .comment       0x00000043       0x44 ./Drivers/STM32F1xx_HAL_Driver/Src/stm32f1xx_hal_rcc_ex.o
 .comment       0x00000043       0x44 ./Drivers/STM32F1xx_HAL_Driver/Src/stm32f1xx_hal_spi.o
 .comment       0x00000043       0x44 ./Drivers/STM32F1xx_HAL_Driver/Src/stm32f1xx_ll_usb.o
 .comment       0x00000043       0x44 ./FATFS/App/fatfs.o
 .comment       0x00000043       0x44 ./FATFS/Target/user_diskio.o
 .comment       0x00000043       0x44 ./Middlewares/Third_Party/FatFs/src/ff_gen_drv.o

.debug_frame    0x00000000     0x2fb0
 .debug_frame   0x00000000      0x118 ./Core/Src/main.o
 .debug_frame   0x00000118      0x118 ./Core/Src/stm32f1xx_hal_msp.o
 .debug_frame   0x00000230      0x104 ./Core/Src/stm32f1xx_it.o
 .debug_frame   0x00000334       0x58 ./Core/Src/system_stm32f1xx.o
 .debug_frame   0x0000038c      0x334 ./Drivers/STM32F1xx_HAL_Driver/Src/stm32f1xx_hal.o
 .debug_frame   0x000006c0      0x428 ./Drivers/STM32F1xx_HAL_Driver/Src/stm32f1xx_hal_cortex.o
 .debug_frame   0x00000ae8      0x14c ./Drivers/STM32F1xx_HAL_Driver/Src/stm32f1xx_hal_gpio.o
 .debug_frame   0x00000c34      0xc84 ./Drivers/STM32F1xx_HAL_Driver/Src/stm32f1xx_hal_i2c.o
 .debug_frame   0x000018b8      0x594 ./Drivers/STM32F1xx_HAL_Driver/Src/stm32f1xx_hal_pcd.o
 .debug_frame   0x00001e4c      0x218 ./Drivers/STM32F1xx_HAL_Driver/Src/stm32f1xx_hal_rcc.o
 .debug_frame   0x00002064       0x80 ./Drivers/STM32F1xx_HAL_Driver/Src/stm32f1xx_hal_rcc_ex.o
 .debug_frame   0x000020e4      0x824 ./Drivers/STM32F1xx_HAL_Driver/Src/stm32f1xx_hal_spi.o
 .debug_frame   0x00002908      0x470 ./Drivers/STM32F1xx_HAL_Driver/Src/stm32f1xx_ll_usb.o
 .debug_frame   0x00002d78       0x4c ./FATFS/App/fatfs.o
 .debug_frame   0x00002dc4       0xd8 ./FATFS/Target/user_diskio.o
 .debug_frame   0x00002e9c       0xc8 ./Middlewares/Third_Party/FatFs/src/ff_gen_drv.o
 .debug_frame   0x00002f64       0x20 C:/ST/STM32CubeIDE_1.17.0/STM32CubeIDE/plugins/com.st.stm32cube.ide.mcu.externaltools.gnu-tools-for-stm32.12.3.rel1.win32_1.1.0.202410251130/tools/bin/../lib/gcc/arm-none-eabi/12.3.1/../../../../arm-none-eabi/lib/thumb/v7-m/nofp\libc_nano.a(libc_a-memset.o)
 .debug_frame   0x00002f84       0x2c C:/ST/STM32CubeIDE_1.17.0/STM32CubeIDE/plugins/com.st.stm32cube.ide.mcu.externaltools.gnu-tools-for-stm32.12.3.rel1.win32_1.1.0.202410251130/tools/bin/../lib/gcc/arm-none-eabi/12.3.1/../../../../arm-none-eabi/lib/thumb/v7-m/nofp\libc_nano.a(libc_a-init.o)

.debug_line_str
                0x00000000       0x5f
 .debug_line_str
                0x00000000       0x5f ./Core/Startup/startup_stm32f103c8tx.o
