Archive member included to satisfy reference by file (symbol)

C:/ST/STM32CubeIDE_1.17.0/STM32CubeIDE/plugins/com.st.stm32cube.ide.mcu.externaltools.gnu-tools-for-stm32.12.3.rel1.win32_1.1.0.202410251130/tools/bin/../lib/gcc/arm-none-eabi/12.3.1/../../../../arm-none-eabi/lib/thumb/v7-m/nofp\libc_nano.a(libc_a-exit.o)
                              C:/ST/STM32CubeIDE_1.17.0/STM32CubeIDE/plugins/com.st.stm32cube.ide.mcu.externaltools.gnu-tools-for-stm32.12.3.rel1.win32_1.1.0.202410251130/tools/bin/../lib/gcc/arm-none-eabi/12.3.1/../../../../arm-none-eabi/lib/thumb/v7-m/nofp/crt0.o (exit)
C:/ST/STM32CubeIDE_1.17.0/STM32CubeIDE/plugins/com.st.stm32cube.ide.mcu.externaltools.gnu-tools-for-stm32.12.3.rel1.win32_1.1.0.202410251130/tools/bin/../lib/gcc/arm-none-eabi/12.3.1/../../../../arm-none-eabi/lib/thumb/v7-m/nofp\libc_nano.a(libc_a-nano-vfprintf_float.o)
                              (_printf_float)
C:/ST/STM32CubeIDE_1.17.0/STM32CubeIDE/plugins/com.st.stm32cube.ide.mcu.externaltools.gnu-tools-for-stm32.12.3.rel1.win32_1.1.0.202410251130/tools/bin/../lib/gcc/arm-none-eabi/12.3.1/../../../../arm-none-eabi/lib/thumb/v7-m/nofp\libc_nano.a(libc_a-nano-vfprintf_i.o)
                              C:/ST/STM32CubeIDE_1.17.0/STM32CubeIDE/plugins/com.st.stm32cube.ide.mcu.externaltools.gnu-tools-for-stm32.12.3.rel1.win32_1.1.0.202410251130/tools/bin/../lib/gcc/arm-none-eabi/12.3.1/../../../../arm-none-eabi/lib/thumb/v7-m/nofp\libc_nano.a(libc_a-nano-vfprintf_float.o) (_printf_common)
C:/ST/STM32CubeIDE_1.17.0/STM32CubeIDE/plugins/com.st.stm32cube.ide.mcu.externaltools.gnu-tools-for-stm32.12.3.rel1.win32_1.1.0.202410251130/tools/bin/../lib/gcc/arm-none-eabi/12.3.1/../../../../arm-none-eabi/lib/thumb/v7-m/nofp\libc_nano.a(libc_a-findfp.o)
                              C:/ST/STM32CubeIDE_1.17.0/STM32CubeIDE/plugins/com.st.stm32cube.ide.mcu.externaltools.gnu-tools-for-stm32.12.3.rel1.win32_1.1.0.202410251130/tools/bin/../lib/gcc/arm-none-eabi/12.3.1/../../../../arm-none-eabi/lib/thumb/v7-m/nofp\libc_nano.a(libc_a-exit.o) (__stdio_exit_handler)
C:/ST/STM32CubeIDE_1.17.0/STM32CubeIDE/plugins/com.st.stm32cube.ide.mcu.externaltools.gnu-tools-for-stm32.12.3.rel1.win32_1.1.0.202410251130/tools/bin/../lib/gcc/arm-none-eabi/12.3.1/../../../../arm-none-eabi/lib/thumb/v7-m/nofp\libc_nano.a(libc_a-fwalk.o)
                              C:/ST/STM32CubeIDE_1.17.0/STM32CubeIDE/plugins/com.st.stm32cube.ide.mcu.externaltools.gnu-tools-for-stm32.12.3.rel1.win32_1.1.0.202410251130/tools/bin/../lib/gcc/arm-none-eabi/12.3.1/../../../../arm-none-eabi/lib/thumb/v7-m/nofp\libc_nano.a(libc_a-findfp.o) (_fwalk_sglue)
C:/ST/STM32CubeIDE_1.17.0/STM32CubeIDE/plugins/com.st.stm32cube.ide.mcu.externaltools.gnu-tools-for-stm32.12.3.rel1.win32_1.1.0.202410251130/tools/bin/../lib/gcc/arm-none-eabi/12.3.1/../../../../arm-none-eabi/lib/thumb/v7-m/nofp\libc_nano.a(libc_a-sprintf.o)
                              ./Core/Src/main.o (sprintf)
C:/ST/STM32CubeIDE_1.17.0/STM32CubeIDE/plugins/com.st.stm32cube.ide.mcu.externaltools.gnu-tools-for-stm32.12.3.rel1.win32_1.1.0.202410251130/tools/bin/../lib/gcc/arm-none-eabi/12.3.1/../../../../arm-none-eabi/lib/thumb/v7-m/nofp\libc_nano.a(libc_a-stdio.o)
                              C:/ST/STM32CubeIDE_1.17.0/STM32CubeIDE/plugins/com.st.stm32cube.ide.mcu.externaltools.gnu-tools-for-stm32.12.3.rel1.win32_1.1.0.202410251130/tools/bin/../lib/gcc/arm-none-eabi/12.3.1/../../../../arm-none-eabi/lib/thumb/v7-m/nofp\libc_nano.a(libc_a-findfp.o) (__sread)
C:/ST/STM32CubeIDE_1.17.0/STM32CubeIDE/plugins/com.st.stm32cube.ide.mcu.externaltools.gnu-tools-for-stm32.12.3.rel1.win32_1.1.0.202410251130/tools/bin/../lib/gcc/arm-none-eabi/12.3.1/../../../../arm-none-eabi/lib/thumb/v7-m/nofp\libc_nano.a(libc_a-memset.o)
                              C:/ST/STM32CubeIDE_1.17.0/STM32CubeIDE/plugins/com.st.stm32cube.ide.mcu.externaltools.gnu-tools-for-stm32.12.3.rel1.win32_1.1.0.202410251130/tools/bin/../lib/gcc/arm-none-eabi/12.3.1/../../../../arm-none-eabi/lib/thumb/v7-m/nofp/crt0.o (memset)
C:/ST/STM32CubeIDE_1.17.0/STM32CubeIDE/plugins/com.st.stm32cube.ide.mcu.externaltools.gnu-tools-for-stm32.12.3.rel1.win32_1.1.0.202410251130/tools/bin/../lib/gcc/arm-none-eabi/12.3.1/../../../../arm-none-eabi/lib/thumb/v7-m/nofp\libc_nano.a(libc_a-localeconv.o)
                              C:/ST/STM32CubeIDE_1.17.0/STM32CubeIDE/plugins/com.st.stm32cube.ide.mcu.externaltools.gnu-tools-for-stm32.12.3.rel1.win32_1.1.0.202410251130/tools/bin/../lib/gcc/arm-none-eabi/12.3.1/../../../../arm-none-eabi/lib/thumb/v7-m/nofp\libc_nano.a(libc_a-nano-vfprintf_float.o) (_localeconv_r)
C:/ST/STM32CubeIDE_1.17.0/STM32CubeIDE/plugins/com.st.stm32cube.ide.mcu.externaltools.gnu-tools-for-stm32.12.3.rel1.win32_1.1.0.202410251130/tools/bin/../lib/gcc/arm-none-eabi/12.3.1/../../../../arm-none-eabi/lib/thumb/v7-m/nofp\libc_nano.a(libc_a-closer.o)
[...]
Memory Configuration

Name             Origin             Length             Attributes
RAM              0x20000000         0x00005000         xrw
FLASH            0x08000000         0x00010000         xr
*default*        0x00000000         0xffffffff

Linker script and memory map

LOAD C:/ST/STM32CubeIDE_1.17.0/STM32CubeIDE/plugins/com.st.stm32cube.ide.mcu.externaltools.gnu-tools-for-stm32.12.3.rel1.win32_1.1.0.202410251130/tools/bin/../lib/gcc/arm-none-eabi/12.3.1/thumb/v7-m/nofp/crti.o
LOAD C:/ST/STM32CubeIDE_1.17.0/STM32CubeIDE/plugins/com.st.stm32cube.ide.mcu.externaltools.gnu-tools-for-stm32.12.3.rel1.win32_1.1.0.202410251130/tools/bin/../lib/gcc/arm-none-eabi/12.3.1/thumb/v7-m/nofp/crtbegin.o
LOAD C:/ST/STM32CubeIDE_1.17.0/STM32CubeIDE/plugins/com.st.stm32cube.ide.mcu.externaltools.gnu-tools-for-stm32.12.3.rel1.win32_1.1.0.202410251130/tools/bin/../lib/gcc/arm-none-eabi/12.3.1/../../../../arm-none-eabi/lib/thumb/v7-m/nofp/crt0.o
LOAD ./Core/Src/h3lis331dl_reg.o
LOAD ./Core/Src/main.o
LOAD ./Core/Src/stm32f1xx_hal_msp.o
LOAD ./Core/Src/stm32f1xx_it.o
LOAD ./Core/Src/syscalls.o
LOAD ./Core/Src/sysmem.o
LOAD ./Core/Src/system_stm32f1xx.o
LOAD ./Core/Src/user_diskio_spi.o
LOAD ./Core/Startup/startup_stm32f103c8tx.o
LOAD ./Drivers/STM32F1xx_HAL_Driver/Src/stm32f1xx_hal.o
LOAD ./Drivers/STM32F1xx_HAL_Driver/Src/stm32f1xx_hal_cortex.o
LOAD ./Drivers/STM32F1xx_HAL_Driver/Src/stm32f1xx_hal_dma.o
LOAD ./Drivers/STM32F1xx_HAL_Driver/Src/stm32f1xx_hal_exti.o
LOAD ./Drivers/STM32F1xx_HAL_Driver/Src/stm32f1xx_hal_flash.o
LOAD ./Drivers/STM32F1xx_HAL_Driver/Src/stm32f1xx_hal_flash_ex.o
LOAD ./Drivers/STM32F1xx_HAL_Driver/Src/stm32f1xx_hal_gpio.o
LOAD ./Drivers/STM32F1xx_HAL_Driver/Src/stm32f1xx_hal_gpio_ex.o
LOAD ./Drivers/STM32F1xx_HAL_Driver/Src/stm32f1xx_hal_i2c.o
LOAD ./Drivers/STM32F1xx_HAL_Driver/Src/stm32f1xx_hal_pcd.o
LOAD ./Drivers/STM32F1xx_HAL_Driver/Src/stm32f1xx_hal_pcd_ex.o
LOAD ./Drivers/STM32F1xx_HAL_Driver/Src/stm32f1xx_hal_pwr.o
LOAD ./Drivers/STM32F1xx_HAL_Driver/Src/stm32f1xx_hal_rcc.o
LOAD ./Drivers/STM32F1xx_HAL_Driver/Src/stm32f1xx_hal_rcc_ex.o
LOAD ./Drivers/STM32F1xx_HAL_Driver/Src/stm32f1xx_hal_spi.o
LOAD ./Drivers/STM32F1xx_HAL_Driver/Src/stm32f1xx_ll_usb.o
LOAD ./FATFS/App/fatfs.o
LOAD ./FATFS/Target/user_diskio.o
LOAD ./Middlewares/ST/STM32_USB_Device_Library/Class/CDC/Src/usbd_cdc.o
LOAD ./Middlewares/ST/STM32_USB_Device_Library/Core/Src/usbd_core.o
LOAD ./Middlewares/ST/STM32_USB_Device_Library/Core/Src/usbd_ctlreq.o
LOAD ./Middlewares/ST/STM32_USB_Device_Library/Core/Src/usbd_ioreq.o
LOAD ./Middlewares/Third_Party/FatFs/src/diskio.o
LOAD ./Middlewares/Third_Party/FatFs/src/ff.o
LOAD ./Middlewares/Third_Party/FatFs/src/ff_gen_drv.o
LOAD ./Middlewares/Third_Party/FatFs/src/option/syscall.o
LOAD ./USB_DEVICE/App/usb_device.o
LOAD ./USB_DEVICE/App/usbd_cdc_if.o
LOAD ./USB_DEVICE/App/usbd_desc.o
LOAD ./USB_DEVICE/Target/usbd_conf.o
START GROUP
LOAD C:/ST/STM32CubeIDE_1.17.0/STM32CubeIDE/plugins/com.st.stm32cube.ide.mcu.externaltools.gnu-tools-for-stm32.12.3.rel1.win32_1.1.0.202410251130/tools/bin/../lib/gcc/arm-none-eabi/12.3.1/../../../../arm-none-eabi/lib/thumb/v7-m/nofp\libstdc++_nano.a
LOAD C:/ST/STM32CubeIDE_1.17.0/STM32CubeIDE/plugins/com.st.stm32cube.ide.mcu.externaltools.gnu-tools-for-stm32.12.3.rel1.win32_1.1.0.202410251130/tools/bin/../lib/gcc/arm-none-eabi/12.3.1/../../../../arm-none-eabi/lib/thumb/v7-m/nofp\libsupc++_nano.a
END GROUP
LOAD C:/ST/STM32CubeIDE_1.17.0/STM32CubeIDE/plugins/com.st.stm32cube.ide.mcu.externaltools.gnu-tools-for-stm32.12.3.rel1.win32_1.1.0.202410251130/tools/bin/../lib/gcc/arm-none-eabi/12.3.1/../../../../arm-none-eabi/lib/thumb/v7-m/nofp\libstdc++_nano.a
LOAD C:/ST/STM32CubeIDE_1.17.0/STM32CubeIDE/plugins/com.st.stm32cube.ide.mcu.externaltools.gnu-tools-for-stm32.12.3.rel1.win32_1.1.0.202410251130/tools/bin/../lib/gcc/arm-none-eabi/12.3.1/../../../../arm-none-eabi/lib/thumb/v7-m/nofp\libm.a
LOAD C:/ST/STM32CubeIDE_1.17.0/STM32CubeIDE/plugins/com.st.stm32cube.ide.mcu.externaltools.gnu-tools-for-stm32.12.3.rel1.win32_1.1.0.202410251130/tools/bin/../lib/gcc/arm-none-eabi/12.3.1/../../../../arm-none-eabi/lib/thumb/v7-m/nofp\libc_nano.a
START GROUP
LOAD C:/ST/STM32CubeIDE_1.17.0/STM32CubeIDE/plugins/com.st.stm32cube.ide.mcu.externaltools.gnu-tools-for-stm32.12.3.rel1.win32_1.1.0.202410251130/tools/bin/../lib/gcc/arm-none-eabi/12.3.1/thumb/v7-m/nofp\libgcc.a
LOAD C:/ST/STM32CubeIDE_1.17.0/STM32CubeIDE/plugins/com.st.stm32cube.ide.mcu.externaltools.gnu-tools-for-stm32.12.3.rel1.win32_1.1.0.202410251130/tools/bin/../lib/gcc/arm-none-eabi/12.3.1/../../../../arm-none-eabi/lib/thumb/v7-m/nofp\libc_nano.a
END GROUP
START GROUP
LOAD C:/ST/STM32CubeIDE_1.17.0/STM32CubeIDE/plugins/com.st.stm32cube.ide.mcu.externaltools.gnu-tools-for-stm32.12.3.rel1.win32_1.1.0.202410251130/tools/bin/../lib/gcc/arm-none-eabi/12.3.1/thumb/v7-m/nofp\libgcc.a
LOAD C:/ST/STM32CubeIDE_1.17.0/STM32CubeIDE/plugins/com.st.stm32cube.ide.mcu.externaltools.gnu-tools-for-stm32.12.3.rel1.win32_1.1.0.202410251130/tools/bin/../lib/gcc/arm-none-eabi/12.3.1/../../../../arm-none-eabi/lib/thumb/v7-m/nofp\libc_nano.a
END GROUP
LOAD C:/ST/STM32CubeIDE_1.17.0/STM32CubeIDE/plugins/com.st.stm32cube.ide.mcu.externaltools.gnu-tools-for-stm32.12.3.rel1.win32_1.1.0.202410251130/tools/bin/../lib/gcc/arm-none-eabi/12.3.1/thumb/v7-m/nofp/crtend.o
LOAD C:/ST/STM32CubeIDE_1.17.0/STM32CubeIDE/plugins/com.st.stm32cube.ide.mcu.externaltools.gnu-tools-for-stm32.12.3.rel1.win32_1.1.0.202410251130/tools/bin/../lib/gcc/arm-none-eabi/12.3.1/thumb/v7-m/nofp/crtn.o
                0x20005000                        _estack = (ORIGIN (RAM) + LENGTH (RAM))
                0x00000200                        _Min_Heap_Size = 0x200
                0x00000400                        _Min_Stack_Size = 0x400

.isr_vector     0x08000000      0x10c
                0x08000000                        . = ALIGN (0x4)
 *(.isr_vector)
 .isr_vector    0x08000000      0x10c ./Core/Startup/startup_stm32f103c8tx.o
                0x08000000                g_pfnVectors
                0x0800010c                        . = ALIGN (0x4)

.text           0x08000110     0x9664
                0x08000110                        . = ALIGN (0x4)
 *(.text)
 .text          0x08000110       0x40 C:/ST/STM32CubeIDE_1.17.0/STM32CubeIDE/plugins/com.st.stm32cube.ide.mcu.externaltools.gnu-tools-for-stm32.12.3.rel1.win32_1.1.0.202410251130/tools/bin/../lib/gcc/arm-none-eabi/12.3.1/thumb/v7-m/nofp/crtbegin.o
 .text          0x08000150       0x10 C:/ST/STM32CubeIDE_1.17.0/STM32CubeIDE/plugins/com.st.stm32cube.ide.mcu.externaltools.gnu-tools-for-stm32.12.3.rel1.win32_1.1.0.202410251130/tools/bin/../lib/gcc/arm-none-eabi/12.3.1/../../../../arm-none-eabi/lib/thumb/v7-m/nofp\libc_nano.a(libc_a-strlen.o)
                0x08000150                strlen
 .text          0x08000160      0x168 C:/ST/STM32CubeIDE_1.17.0/STM32CubeIDE/plugins/com.st.stm32cube.ide.mcu.externaltools.gnu-tools-for-stm32.12.3.rel1.win32_1.1.0.202410251130/tools/bin/../lib/gcc/arm-none-eabi/12.3.1/thumb/v7-m/nofp\libgcc.a(_arm_mulsf3.o)
                0x08000160                __aeabi_fmul
                0x08000160                __mulsf3
 .text          0x080002c8      0x378 C:/ST/STM32CubeIDE_1.17.0/STM32CubeIDE/plugins/com.st.stm32cube.ide.mcu.externaltools.gnu-tools-for-stm32.12.3.rel1.win32_1.1.0.202410251130/tools/bin/../lib/gcc/arm-none-eabi/12.3.1/thumb/v7-m/nofp\libgcc.a(_arm_addsubdf3.o)
                0x080002c8                __aeabi_drsub
                0x080002d0                __aeabi_dsub
                0x080002d0                __subdf3
                0x080002d4                __aeabi_dadd
                0x080002d4                __adddf3
                0x0800054c                __floatunsidf
                0x0800054c                __aeabi_ui2d
                0x0800056c                __floatsidf
                0x0800056c                __aeabi_i2d
                0x08000590                __aeabi_f2d
                0x08000590                __extendsfdf2
                0x080005d4                __floatundidf
                0x080005d4                __aeabi_ul2d
                0x080005e4                __floatdidf
                0x080005e4                __aeabi_l2d
 .text          0x08000640      0x424 C:/ST/STM32CubeIDE_1.17.0/STM32CubeIDE/plugins/com.st.stm32cube.ide.mcu.externaltools.gnu-tools-for-stm32.12.3.rel1.win32_1.1.0.202410251130/tools/bin/../lib/gcc/arm-none-eabi/12.3.1/thumb/v7-m/nofp\libgcc.a(_arm_muldivdf3.o)
                0x08000640                __aeabi_dmul
                0x08000640                __muldf3
                0x08000894                __divdf3
                0x08000894                __aeabi_ddiv
 .text          0x08000a64      0x110 C:/ST/STM32CubeIDE_1.17.0/STM32CubeIDE/plugins/com.st.stm32cube.ide.mcu.externaltools.gnu-tools-for-stm32.12.3.rel1.win32_1.1.0.202410251130/tools/bin/../lib/gcc/arm-none-eabi/12.3.1/thumb/v7-m/nofp\libgcc.a(_arm_cmpdf2.o)
                0x08000a64                __gtdf2
                0x08000a64                __gedf2
                0x08000a6c                __ltdf2
                0x08000a6c                __ledf2
                0x08000a74                __nedf2
                0x08000a74                __eqdf2
                0x08000a74                __cmpdf2
                0x08000af0                __aeabi_cdrcmple
                0x08000b00                __aeabi_cdcmpeq
                0x08000b00                __aeabi_cdcmple
                0x08000b10                __aeabi_dcmpeq
                0x08000b24                __aeabi_dcmplt
                0x08000b38                __aeabi_dcmple
                0x08000b4c                __aeabi_dcmpge
                0x08000b60                __aeabi_dcmpgt
 .text          0x08000b74       0x2c C:/ST/STM32CubeIDE_1.17.0/STM32CubeIDE/plugins/com.st.stm32cube.ide.mcu.externaltools.gnu-tools-for-stm32.12.3.rel1.win32_1.1.0.202410251130/tools/bin/../lib/gcc/arm-none-eabi/12.3.1/thumb/v7-m/nofp\libgcc.a(_arm_unorddf2.o)
                0x08000b74                __unorddf2
                0x08000b74                __aeabi_dcmpun
 .text          0x08000ba0       0x50 C:/ST/STM32CubeIDE_1.17.0/STM32CubeIDE/plugins/com.st.stm32cube.ide.mcu.externaltools.gnu-tools-for-stm32.12.3.rel1.win32_1.1.0.202410251130/tools/bin/../lib/gcc/arm-none-eabi/12.3.1/thumb/v7-m/nofp\libgcc.a(_arm_fixdfsi.o)
                0x08000ba0                __aeabi_d2iz
                0x08000ba0                __fixdfsi
 .text          0x08000bf0      0x21c C:/ST/STM32CubeIDE_1.17.0/STM32CubeIDE/plugins/com.st.stm32cube.ide.mcu.externaltools.gnu-tools-for-stm32.12.3.rel1.win32_1.1.0.202410251130/tools/bin/../lib/gcc/arm-none-eabi/12.3.1/thumb/v7-m/nofp\libgcc.a(_arm_addsubsf3.o)
                0x08000bf0                __aeabi_frsub
                0x08000bf8                __subsf3
                0x08000bf8                __aeabi_fsub
                0x08000bfc                __aeabi_fadd
                0x08000bfc                __addsf3
                0x08000d5c                __aeabi_ui2f
                0x08000d5c                __floatunsisf
                0x08000d64                __aeabi_i2f
                0x08000d64                __floatsisf
                0x08000d80                __aeabi_ul2f
                0x08000d80                __floatundisf
                0x08000d90                __aeabi_l2f
                0x08000d90                __floatdisf
 *(.text*)
 .text.h3lis331dl_read_reg
                0x08000e0c       0x16 ./Core/Src/h3lis331dl_reg.o
                0x08000e0c                h3lis331dl_read_reg
 .text.h3lis331dl_write_reg
                0x08000e22       0x16 ./Core/Src/h3lis331dl_reg.o
                0x08000e22                h3lis331dl_write_reg
 .text.h3lis331dl_from_fs100_to_mg
                0x08000e38       0x14 ./Core/Src/h3lis331dl_reg.o
                0x08000e38                h3lis331dl_from_fs100_to_mg
 .text.h3lis331dl_data_rate_set
                0x08000e4c       0x3a ./Core/Src/h3lis331dl_reg.o
                0x08000e4c                h3lis331dl_data_rate_set
 .text.h3lis331dl_full_scale_set
                0x08000e86       0x2e ./Core/Src/h3lis331dl_reg.o
                0x08000e86                h3lis331dl_full_scale_set
 .text.h3lis331dl_block_data_update_set
                0x08000eb4       0x2e ./Core/Src/h3lis331dl_reg.o
                0x08000eb4                h3lis331dl_block_data_update_set
 .text.h3lis331dl_status_reg_get
                0x08000ee2        0xe ./Core/Src/h3lis331dl_reg.o
                0x08000ee2                h3lis331dl_status_reg_get
 .text.h3lis331dl_acceleration_raw_get
                0x08000ef0       0x3c ./Core/Src/h3lis331dl_reg.o
                0x08000ef0                h3lis331dl_acceleration_raw_get
 .text.h3lis331dl_device_id_get
                0x08000f2c        0xe ./Core/Src/h3lis331dl_reg.o
                0x08000f2c                h3lis331dl_device_id_get
 .text.h3lis331dl_hp_path_set
                0x08000f3a       0x36 ./Core/Src/h3lis331dl_reg.o
                0x08000f3a                h3lis331dl_hp_path_set
 .text.platform_delay
                0x08000f70        0x4 ./Core/Src/main.o
 .text.platform_read
                0x08000f74       0x1e ./Core/Src/main.o
 .text.platform_write
                0x08000f92       0x1e ./Core/Src/main.o
 .text.SystemClock_Config
                0x08000fb0       0x82 ./Core/Src/main.o
                0x08000fb0                SystemClock_Config
 *fill*         0x08001032        0x6 
 .text.startup.main
                0x08001038      0x2a0 ./Core/Src/main.o
                0x08001038                main
 .text.Error_Handler
                0x080012d8        0x4 ./Core/Src/main.o
                0x080012d8                Error_Handler
 .text.HAL_MspInit
                0x080012dc       0x44 ./Core/Src/stm32f1xx_hal_msp.o
                0x080012dc                HAL_MspInit
 .text.HAL_I2C_MspInit
                0x08001320       0xac ./Core/Src/stm32f1xx_hal_msp.o
                0x08001320                HAL_I2C_MspInit
 .text.HAL_SPI_MspInit
                0x080013cc       0xd4 ./Core/Src/stm32f1xx_hal_msp.o
                0x080013cc                HAL_SPI_MspInit
 .text.NMI_Handler
                0x080014a0        0x2 ./Core/Src/stm32f1xx_it.o
                0x080014a0                NMI_Handler
 .text.HardFault_Handler
                0x080014a2        0x2 ./Core/Src/stm32f1xx_it.o
                0x080014a2                HardFault_Handler
 .text.MemManage_Handler
                0x080014a4        0x2 ./Core/Src/stm32f1xx_it.o
                0x080014a4                MemManage_Handler
 .text.BusFault_Handler
                0x080014a6        0x2 ./Core/Src/stm32f1xx_it.o
                0x080014a6                BusFault_Handler
 .text.UsageFault_Handler
                0x080014a8        0x2 ./Core/Src/stm32f1xx_it.o
                0x080014a8                UsageFault_Handler
 .text.SVC_Handler
                0x080014aa        0x2 ./Core/Src/stm32f1xx_it.o
                0x080014aa                SVC_Handler
 .text.DebugMon_Handler
                0x080014ac        0x2 ./Core/Src/stm32f1xx_it.o
                0x080014ac                DebugMon_Handler
 .text.PendSV_Handler
                0x080014ae        0x2 ./Core/Src/stm32f1xx_it.o
                0x080014ae                PendSV_Handler
 .text.SysTick_Handler
                0x080014b0        0x4 ./Core/Src/stm32f1xx_it.o
                0x080014b0                SysTick_Handler
 .text.USB_LP_CAN1_RX0_IRQHandler
                0x080014b4        0xc ./Core/Src/stm32f1xx_it.o
                0x080014b4                USB_LP_CAN1_RX0_IRQHandler
 .text._getpid  0x080014c0        0x4 ./Core/Src/syscalls.o
                0x080014c0                _getpid
 .text._kill    0x080014c4       0x10 ./Core/Src/syscalls.o
                0x080014c4                _kill
 .text._exit    0x080014d4        0xc ./Core/Src/syscalls.o
                0x080014d4                _exit
 .text._read    0x080014e0       0x1c ./Core/Src/syscalls.o
                0x080014e0                _read
 .text._write   0x080014fc       0x1c ./Core/Src/syscalls.o
                0x080014fc                _write
 .text._close   0x08001518        0x6 ./Core/Src/syscalls.o
                0x08001518                _close
 .text._fstat   0x0800151e        0xa ./Core/Src/syscalls.o
                0x0800151e                _fstat
 .text._isatty  0x08001528        0x4 ./Core/Src/syscalls.o
                0x08001528                _isatty
 .text._lseek   0x0800152c        0x4 ./Core/Src/syscalls.o
                0x0800152c                _lseek
 .text._sbrk    0x08001530       0x40 ./Core/Src/sysmem.o
                0x08001530                _sbrk
 .text.SystemInit
                0x08001570        0x2 ./Core/Src/system_stm32f1xx.o
                0x08001570                SystemInit
 *fill*         0x08001572        0x2 
 .text.xchg_spi
                0x08001574       0x28 ./Core/Src/user_diskio_spi.o
 .text.wait_ready
                0x0800159c       0x2a ./Core/Src/user_diskio_spi.o
 *fill*         0x080015c6        0x2 
 .text.despiselect
                0x080015c8       0x1c ./Core/Src/user_diskio_spi.o
 .text.spiselect
                0x080015e4       0x30 ./Core/Src/user_diskio_spi.o
 .text.send_cmd
                0x08001614       0x84 ./Core/Src/user_diskio_spi.o
 .text.xmit_datablock
                0x08001698       0x50 ./Core/Src/user_diskio_spi.o
 .text.SPI_Timer_On
                0x080016e8       0x1c ./Core/Src/user_diskio_spi.o
                0x080016e8                SPI_Timer_On
 .text.SPI_Timer_Status
                0x08001704       0x24 ./Core/Src/user_diskio_spi.o
                0x08001704                SPI_Timer_Status
 .text.rcvr_datablock
                0x08001728       0x46 ./Core/Src/user_diskio_spi.o
 *fill*         0x0800176e        0x2 
 .text.USER_SPI_initialize
                0x08001770      0x14c ./Core/Src/user_diskio_spi.o
                0x08001770                USER_SPI_initialize
 .text.USER_SPI_status
                0x080018bc       0x14 ./Core/Src/user_diskio_spi.o
                0x080018bc                USER_SPI_status
 .text.USER_SPI_read
                0x080018d0       0x80 ./Core/Src/user_diskio_spi.o
                0x080018d0                USER_SPI_read
 .text.USER_SPI_write
                0x08001950       0xa0 ./Core/Src/user_diskio_spi.o
                0x08001950                USER_SPI_write
 .text.USER_SPI_ioctl
                0x080019f0      0x1cc ./Core/Src/user_diskio_spi.o
                0x080019f0                USER_SPI_ioctl
 .text.Reset_Handler
                0x08001bbc       0x48 ./Core/Startup/startup_stm32f103c8tx.o
                0x08001bbc                Reset_Handler
 .text.Default_Handler
                0x08001c04        0x2 ./Core/Startup/startup_stm32f103c8tx.o
                0x08001c04                RTC_Alarm_IRQHandler
                0x08001c04                EXTI2_IRQHandler
                0x08001c04                TIM1_CC_IRQHandler
                0x08001c04                PVD_IRQHandler
                0x08001c04                EXTI3_IRQHandler
                0x08001c04                EXTI0_IRQHandler
                0x08001c04                I2C2_EV_IRQHandler
                0x08001c04                ADC1_2_IRQHandler
                0x08001c04                SPI1_IRQHandler
                0x08001c04                TAMPER_IRQHandler
                0x08001c04                DMA1_Channel4_IRQHandler
                0x08001c04                USART3_IRQHandler
                0x08001c04                RTC_IRQHandler
                0x08001c04                DMA1_Channel7_IRQHandler
                0x08001c04                CAN1_RX1_IRQHandler
                0x08001c04                TIM4_IRQHandler
                0x08001c04                I2C1_EV_IRQHandler
                0x08001c04                DMA1_Channel6_IRQHandler
                0x08001c04                TIM3_IRQHandler
                0x08001c04                RCC_IRQHandler
                0x08001c04                TIM1_TRG_COM_IRQHandler
                0x08001c04                DMA1_Channel1_IRQHandler
                0x08001c04                Default_Handler
                0x08001c04                EXTI15_10_IRQHandler
                0x08001c04                EXTI9_5_IRQHandler
                0x08001c04                SPI2_IRQHandler
                0x08001c04                DMA1_Channel5_IRQHandler
                0x08001c04                EXTI4_IRQHandler
                0x08001c04                USB_HP_CAN1_TX_IRQHandler
                0x08001c04                DMA1_Channel3_IRQHandler
                0x08001c04                TIM1_UP_IRQHandler
                0x08001c04                WWDG_IRQHandler
                0x08001c04                TIM2_IRQHandler
                0x08001c04                TIM1_BRK_IRQHandler
                0x08001c04                EXTI1_IRQHandler
                0x08001c04                USART2_IRQHandler
                0x08001c04                I2C2_ER_IRQHandler
                0x08001c04                DMA1_Channel2_IRQHandler
                0x08001c04                CAN1_SCE_IRQHandler
                0x08001c04                FLASH_IRQHandler
                0x08001c04                USART1_IRQHandler
                0x08001c04                I2C1_ER_IRQHandler
                0x08001c04                USBWakeUp_IRQHandler
 *fill*         0x08001c06        0x2 
 .text.HAL_InitTick
                0x08001c08       0x48 ./Drivers/STM32F1xx_HAL_Driver/Src/stm32f1xx_hal.o
                0x08001c08                HAL_InitTick
 .text.HAL_Init
                0x08001c50       0x24 ./Drivers/STM32F1xx_HAL_Driver/Src/stm32f1xx_hal.o
                0x08001c50                HAL_Init
 .text.HAL_IncTick
                0x08001c74       0x18 ./Drivers/STM32F1xx_HAL_Driver/Src/stm32f1xx_hal.o
                0x08001c74                HAL_IncTick
 .text.HAL_GetTick
                0x08001c8c        0xc ./Drivers/STM32F1xx_HAL_Driver/Src/stm32f1xx_hal.o
                0x08001c8c                HAL_GetTick
 .text.HAL_Delay
                0x08001c98       0x24 ./Drivers/STM32F1xx_HAL_Driver/Src/stm32f1xx_hal.o
                0x08001c98                HAL_Delay
 .text.HAL_NVIC_SetPriorityGrouping
                0x08001cbc       0x24 ./Drivers/STM32F1xx_HAL_Driver/Src/stm32f1xx_hal_cortex.o
                0x08001cbc                HAL_NVIC_SetPriorityGrouping
 .text.HAL_NVIC_SetPriority
                0x08001ce0       0x60 ./Drivers/STM32F1xx_HAL_Driver/Src/stm32f1xx_hal_cortex.o
                0x08001ce0                HAL_NVIC_SetPriority
 .text.HAL_NVIC_EnableIRQ
                0x08001d40       0x1c ./Drivers/STM32F1xx_HAL_Driver/Src/stm32f1xx_hal_cortex.o
                0x08001d40                HAL_NVIC_EnableIRQ
 .text.HAL_SYSTICK_Config
                0x08001d5c       0x28 ./Drivers/STM32F1xx_HAL_Driver/Src/stm32f1xx_hal_cortex.o
                0x08001d5c                HAL_SYSTICK_Config
 .text.HAL_GPIO_Init
                0x08001d84      0x1b0 ./Drivers/STM32F1xx_HAL_Driver/Src/stm32f1xx_hal_gpio.o
                0x08001d84                HAL_GPIO_Init
 .text.HAL_GPIO_WritePin
                0x08001f34        0xa ./Drivers/STM32F1xx_HAL_Driver/Src/stm32f1xx_hal_gpio.o
                0x08001f34                HAL_GPIO_WritePin
 .text.I2C_IsAcknowledgeFailed
                0x08001f3e       0x32 ./Drivers/STM32F1xx_HAL_Driver/Src/stm32f1xx_hal_i2c.o
 .text.I2C_WaitOnFlagUntilTimeout
                0x08001f70       0x80 ./Drivers/STM32F1xx_HAL_Driver/Src/stm32f1xx_hal_i2c.o
 .text.I2C_WaitOnMasterAddressFlagUntilTimeout
                0x08001ff0       0x84 ./Drivers/STM32F1xx_HAL_Driver/Src/stm32f1xx_hal_i2c.o
 .text.I2C_WaitOnTXEFlagUntilTimeout
                0x08002074       0x54 ./Drivers/STM32F1xx_HAL_Driver/Src/stm32f1xx_hal_i2c.o
 .text.I2C_RequestMemoryWrite
                0x080020c8       0xb4 ./Drivers/STM32F1xx_HAL_Driver/Src/stm32f1xx_hal_i2c.o
 .text.I2C_RequestMemoryRead
                0x0800217c      0x108 ./Drivers/STM32F1xx_HAL_Driver/Src/stm32f1xx_hal_i2c.o
 .text.I2C_WaitOnBTFFlagUntilTimeout
                0x08002284       0x54 ./Drivers/STM32F1xx_HAL_Driver/Src/stm32f1xx_hal_i2c.o
 .text.I2C_WaitOnRXNEFlagUntilTimeout
                0x080022d8       0x66 ./Drivers/STM32F1xx_HAL_Driver/Src/stm32f1xx_hal_i2c.o
 *fill*         0x0800233e        0x2 
 .text.HAL_I2C_Init
                0x08002340      0x150 ./Drivers/STM32F1xx_HAL_Driver/Src/stm32f1xx_hal_i2c.o
                0x08002340                HAL_I2C_Init
 .text.HAL_I2C_Mem_Write
                0x08002490      0x120 ./Drivers/STM32F1xx_HAL_Driver/Src/stm32f1xx_hal_i2c.o
                0x08002490                HAL_I2C_Mem_Write
 .text.HAL_I2C_Mem_Read
                0x080025b0      0x288 ./Drivers/STM32F1xx_HAL_Driver/Src/stm32f1xx_hal_i2c.o
                0x080025b0                HAL_I2C_Mem_Read
 .text.HAL_PCD_Init
                0x08002838       0xc6 ./Drivers/STM32F1xx_HAL_Driver/Src/stm32f1xx_hal_pcd.o
                0x08002838                HAL_PCD_Init
 .text.HAL_PCD_Start
                0x080028fe       0x32 ./Drivers/STM32F1xx_HAL_Driver/Src/stm32f1xx_hal_pcd.o
                0x080028fe                HAL_PCD_Start
 .text.HAL_PCD_SetAddress
                0x08002930       0x26 ./Drivers/STM32F1xx_HAL_Driver/Src/stm32f1xx_hal_pcd.o
                0x08002930                HAL_PCD_SetAddress
 *fill*         0x08002956        0x2 
 .text.HAL_PCD_IRQHandler
                0x08002958      0xa08 ./Drivers/STM32F1xx_HAL_Driver/Src/stm32f1xx_hal_pcd.o
                0x08002958                HAL_PCD_IRQHandler
 .text.HAL_PCD_EP_Open
                0x08003360       0x60 ./Drivers/STM32F1xx_HAL_Driver/Src/stm32f1xx_hal_pcd.o
                0x08003360                HAL_PCD_EP_Open
 .text.HAL_PCD_EP_Close
                0x080033c0       0x50 ./Drivers/STM32F1xx_HAL_Driver/Src/stm32f1xx_hal_pcd.o
                0x080033c0                HAL_PCD_EP_Close
 .text.HAL_PCD_EP_Receive
                0x08003410       0x2e ./Drivers/STM32F1xx_HAL_Driver/Src/stm32f1xx_hal_pcd.o
                0x08003410                HAL_PCD_EP_Receive
 .text.HAL_PCD_EP_GetRxCount
                0x0800343e       0x10 ./Drivers/STM32F1xx_HAL_Driver/Src/stm32f1xx_hal_pcd.o
                0x0800343e                HAL_PCD_EP_GetRxCount
 .text.HAL_PCD_EP_Transmit
                0x0800344e       0x30 ./Drivers/STM32F1xx_HAL_Driver/Src/stm32f1xx_hal_pcd.o
                0x0800344e                HAL_PCD_EP_Transmit
 .text.HAL_PCD_EP_SetStall
                0x0800347e       0x6c ./Drivers/STM32F1xx_HAL_Driver/Src/stm32f1xx_hal_pcd.o
                0x0800347e                HAL_PCD_EP_SetStall
 .text.HAL_PCD_EP_ClrStall
                0x080034ea       0x64 ./Drivers/STM32F1xx_HAL_Driver/Src/stm32f1xx_hal_pcd.o
                0x080034ea                HAL_PCD_EP_ClrStall
 .text.HAL_PCDEx_PMAConfig
                0x0800354e       0x32 ./Drivers/STM32F1xx_HAL_Driver/Src/stm32f1xx_hal_pcd_ex.o
                0x0800354e                HAL_PCDEx_PMAConfig
 .text.HAL_RCC_OscConfig
                0x08003580      0x338 ./Drivers/STM32F1xx_HAL_Driver/Src/stm32f1xx_hal_rcc.o
                0x08003580                HAL_RCC_OscConfig
 .text.HAL_RCC_GetSysClockFreq
                0x080038b8       0x58 ./Drivers/STM32F1xx_HAL_Driver/Src/stm32f1xx_hal_rcc.o
                0x080038b8                HAL_RCC_GetSysClockFreq
 .text.HAL_RCC_ClockConfig
                0x08003910      0x138 ./Drivers/STM32F1xx_HAL_Driver/Src/stm32f1xx_hal_rcc.o
                0x08003910                HAL_RCC_ClockConfig
 .text.HAL_RCC_GetPCLK1Freq
                0x08003a48       0x20 ./Drivers/STM32F1xx_HAL_Driver/Src/stm32f1xx_hal_rcc.o
                0x08003a48                HAL_RCC_GetPCLK1Freq
 .text.HAL_RCCEx_PeriphCLKConfig
                0x08003a68       0xf4 ./Drivers/STM32F1xx_HAL_Driver/Src/stm32f1xx_hal_rcc_ex.o
                0x08003a68                HAL_RCCEx_PeriphCLKConfig
 .text.SPI_WaitFlagStateUntilTimeout
                0x08003b5c       0xb8 ./Drivers/STM32F1xx_HAL_Driver/Src/stm32f1xx_hal_spi.o
 .text.SPI_EndRxTxTransaction
                0x08003c14       0x38 ./Drivers/STM32F1xx_HAL_Driver/Src/stm32f1xx_hal_spi.o
 .text.HAL_SPI_Init
                0x08003c4c       0xb0 ./Drivers/STM32F1xx_HAL_Driver/Src/stm32f1xx_hal_spi.o
                0x08003c4c                HAL_SPI_Init
 .text.HAL_SPI_Transmit
                0x08003cfc      0x160 ./Drivers/STM32F1xx_HAL_Driver/Src/stm32f1xx_hal_spi.o
                0x08003cfc                HAL_SPI_Transmit
 .text.HAL_SPI_TransmitReceive
                0x08003e5c      0x1f8 ./Drivers/STM32F1xx_HAL_Driver/Src/stm32f1xx_hal_spi.o
                0x08003e5c                HAL_SPI_TransmitReceive
 .text.USB_CoreInit
                0x08004054        0xe ./Drivers/STM32F1xx_HAL_Driver/Src/stm32f1xx_ll_usb.o
                0x08004054                USB_CoreInit
 .text.USB_EnableGlobalInt
                0x08004062       0x12 ./Drivers/STM32F1xx_HAL_Driver/Src/stm32f1xx_ll_usb.o
                0x08004062                USB_EnableGlobalInt
 .text.USB_DisableGlobalInt
                0x08004074       0x14 ./Drivers/STM32F1xx_HAL_Driver/Src/stm32f1xx_ll_usb.o
                0x08004074                USB_DisableGlobalInt
 .text.USB_SetCurrentMode
                0x08004088        0x4 ./Drivers/STM32F1xx_HAL_Driver/Src/stm32f1xx_ll_usb.o
                0x08004088                USB_SetCurrentMode
 .text.USB_DevInit
                0x0800408c       0x22 ./Drivers/STM32F1xx_HAL_Driver/Src/stm32f1xx_ll_usb.o
                0x0800408c                USB_DevInit
 *fill*         0x080040ae        0x2 
 .text.USB_ActivateEndpoint
                0x080040b0      0x2c0 ./Drivers/STM32F1xx_HAL_Driver/Src/stm32f1xx_ll_usb.o
                0x080040b0                USB_ActivateEndpoint
 .text.USB_DeactivateEndpoint
                0x08004370      0x1a6 ./Drivers/STM32F1xx_HAL_Driver/Src/stm32f1xx_ll_usb.o
                0x08004370                USB_DeactivateEndpoint
 .text.USB_EPSetStall
                0x08004516       0x40 ./Drivers/STM32F1xx_HAL_Driver/Src/stm32f1xx_ll_usb.o
                0x08004516                USB_EPSetStall
 .text.USB_EPClearStall
                0x08004556       0x92 ./Drivers/STM32F1xx_HAL_Driver/Src/stm32f1xx_ll_usb.o
                0x08004556                USB_EPClearStall
 .text.USB_SetDevAddress
                0x080045e8        0xc ./Drivers/STM32F1xx_HAL_Driver/Src/stm32f1xx_ll_usb.o
                0x080045e8                USB_SetDevAddress
 .text.USB_DevConnect
                0x080045f4        0x4 ./Drivers/STM32F1xx_HAL_Driver/Src/stm32f1xx_ll_usb.o
                0x080045f4                USB_DevConnect
 .text.USB_DevDisconnect
                0x080045f8        0x4 ./Drivers/STM32F1xx_HAL_Driver/Src/stm32f1xx_ll_usb.o
                0x080045f8                USB_DevDisconnect
 .text.USB_ReadInterrupts
                0x080045fc        0x8 ./Drivers/STM32F1xx_HAL_Driver/Src/stm32f1xx_ll_usb.o
                0x080045fc                USB_ReadInterrupts
 .text.USB_EP0_OutStart
                0x08004604        0x4 ./Drivers/STM32F1xx_HAL_Driver/Src/stm32f1xx_ll_usb.o
                0x08004604                USB_EP0_OutStart
 .text.USB_WritePMA
                0x08004608       0x20 ./Drivers/STM32F1xx_HAL_Driver/Src/stm32f1xx_ll_usb.o
                0x08004608                USB_WritePMA
 .text.USB_EPStartXfer
                0x08004628      0x46a ./Drivers/STM32F1xx_HAL_Driver/Src/stm32f1xx_ll_usb.o
                0x08004628                USB_EPStartXfer
 .text.USB_ReadPMA
                0x08004a92       0x38 ./Drivers/STM32F1xx_HAL_Driver/Src/stm32f1xx_ll_usb.o
                0x08004a92                USB_ReadPMA
 *fill*         0x08004aca        0x2 
 .text.MX_FATFS_Init
                0x08004acc       0x1c ./FATFS/App/fatfs.o
                0x08004acc                MX_FATFS_Init
 .text.get_fattime
                0x08004ae8        0x4 ./FATFS/App/fatfs.o
                0x08004ae8                get_fattime
 .text.USER_initialize
                0x08004aec        0x4 ./FATFS/Target/user_diskio.o
                0x08004aec                USER_initialize
 .text.USER_status
                0x08004af0        0x4 ./FATFS/Target/user_diskio.o
                0x08004af0                USER_status
 .text.USER_read
                0x08004af4        0x4 ./FATFS/Target/user_diskio.o
                0x08004af4                USER_read
 .text.USER_write
                0x08004af8        0x4 ./FATFS/Target/user_diskio.o
                0x08004af8                USER_write
 .text.USER_ioctl
                0x08004afc        0x4 ./FATFS/Target/user_diskio.o
                0x08004afc                USER_ioctl
 .text.USBD_CDC_EP0_RxReady
                0x08004b00       0x28 ./Middlewares/ST/STM32_USB_Device_Library/Class/CDC/Src/usbd_cdc.o
 .text.USBD_CDC_GetFSCfgDesc
                0x08004b28        0xc ./Middlewares/ST/STM32_USB_Device_Library/Class/CDC/Src/usbd_cdc.o
 .text.USBD_CDC_GetHSCfgDesc
                0x08004b34        0xc ./Middlewares/ST/STM32_USB_Device_Library/Class/CDC/Src/usbd_cdc.o
 .text.USBD_CDC_GetOtherSpeedCfgDesc
                0x08004b40        0xc ./Middlewares/ST/STM32_USB_Device_Library/Class/CDC/Src/usbd_cdc.o
 .text.USBD_CDC_GetDeviceQualifierDescriptor
                0x08004b4c        0xc ./Middlewares/ST/STM32_USB_Device_Library/Class/CDC/Src/usbd_cdc.o
                0x08004b4c                USBD_CDC_GetDeviceQualifierDescriptor
 .text.USBD_CDC_DataOut
                0x08004b58       0x2e ./Middlewares/ST/STM32_USB_Device_Library/Class/CDC/Src/usbd_cdc.o
 .text.USBD_CDC_DataIn
                0x08004b86       0x40 ./Middlewares/ST/STM32_USB_Device_Library/Class/CDC/Src/usbd_cdc.o
 .text.USBD_CDC_Setup
                0x08004bc6       0xa2 ./Middlewares/ST/STM32_USB_Device_Library/Class/CDC/Src/usbd_cdc.o
 .text.USBD_CDC_DeInit
                0x08004c68       0x42 ./Middlewares/ST/STM32_USB_Device_Library/Class/CDC/Src/usbd_cdc.o
 .text.USBD_CDC_Init
                0x08004caa       0x8c ./Middlewares/ST/STM32_USB_Device_Library/Class/CDC/Src/usbd_cdc.o
 .text.USBD_CDC_RegisterInterface
                0x08004d36        0xe ./Middlewares/ST/STM32_USB_Device_Library/Class/CDC/Src/usbd_cdc.o
                0x08004d36                USBD_CDC_RegisterInterface
 .text.USBD_CDC_SetTxBuffer
                0x08004d44       0x10 ./Middlewares/ST/STM32_USB_Device_Library/Class/CDC/Src/usbd_cdc.o
                0x08004d44                USBD_CDC_SetTxBuffer
 .text.USBD_CDC_SetRxBuffer
                0x08004d54        0xc ./Middlewares/ST/STM32_USB_Device_Library/Class/CDC/Src/usbd_cdc.o
                0x08004d54                USBD_CDC_SetRxBuffer
 .text.USBD_CDC_ReceivePacket
                0x08004d60       0x26 ./Middlewares/ST/STM32_USB_Device_Library/Class/CDC/Src/usbd_cdc.o
                0x08004d60                USBD_CDC_ReceivePacket
 .text.USBD_Init
                0x08004d86       0x2a ./Middlewares/ST/STM32_USB_Device_Library/Core/Src/usbd_core.o
                0x08004d86                USBD_Init
 .text.USBD_RegisterClass
                0x08004db0        0xe ./Middlewares/ST/STM32_USB_Device_Library/Core/Src/usbd_core.o
                0x08004db0                USBD_RegisterClass
 .text.USBD_Start
                0x08004dbe        0xa ./Middlewares/ST/STM32_USB_Device_Library/Core/Src/usbd_core.o
                0x08004dbe                USBD_Start
 .text.USBD_SetClassConfig
                0x08004dc8       0x1a ./Middlewares/ST/STM32_USB_Device_Library/Core/Src/usbd_core.o
                0x08004dc8                USBD_SetClassConfig
 .text.USBD_ClrClassConfig
                0x08004de2        0xe ./Middlewares/ST/STM32_USB_Device_Library/Core/Src/usbd_core.o
                0x08004de2                USBD_ClrClassConfig
 .text.USBD_LL_SetupStage
                0x08004df0       0x5a ./Middlewares/ST/STM32_USB_Device_Library/Core/Src/usbd_core.o
                0x08004df0                USBD_LL_SetupStage
 .text.USBD_LL_DataOutStage
                0x08004e4a       0x70 ./Middlewares/ST/STM32_USB_Device_Library/Core/Src/usbd_core.o
                0x08004e4a                USBD_LL_DataOutStage
 .text.USBD_LL_DataInStage
                0x08004eba       0xb8 ./Middlewares/ST/STM32_USB_Device_Library/Core/Src/usbd_core.o
                0x08004eba                USBD_LL_DataInStage
 .text.USBD_LL_Reset
                0x08004f72       0x4e ./Middlewares/ST/STM32_USB_Device_Library/Core/Src/usbd_core.o
                0x08004f72                USBD_LL_Reset
 .text.USBD_LL_SetSpeed
                0x08004fc0        0x6 ./Middlewares/ST/STM32_USB_Device_Library/Core/Src/usbd_core.o
                0x08004fc0                USBD_LL_SetSpeed
 .text.USBD_LL_Suspend
                0x08004fc6       0x12 ./Middlewares/ST/STM32_USB_Device_Library/Core/Src/usbd_core.o
                0x08004fc6                USBD_LL_Suspend
 .text.USBD_LL_Resume
                0x08004fd8       0x14 ./Middlewares/ST/STM32_USB_Device_Library/Core/Src/usbd_core.o
                0x08004fd8                USBD_LL_Resume
 .text.USBD_LL_SOF
                0x08004fec       0x18 ./Middlewares/ST/STM32_USB_Device_Library/Core/Src/usbd_core.o
                0x08004fec                USBD_LL_SOF
 .text.USBD_CtlError.constprop.0
                0x08005004       0x16 ./Middlewares/ST/STM32_USB_Device_Library/Core/Src/usbd_ctlreq.o
 *fill*         0x0800501a        0x2 
 .text.USBD_StdDevReq
                0x0800501c      0x250 ./Middlewares/ST/STM32_USB_Device_Library/Core/Src/usbd_ctlreq.o
                0x0800501c                USBD_StdDevReq
 .text.USBD_StdItfReq
                0x0800526c       0x48 ./Middlewares/ST/STM32_USB_Device_Library/Core/Src/usbd_ctlreq.o
                0x0800526c                USBD_StdItfReq
 .text.USBD_StdEPReq
                0x080052b4      0x110 ./Middlewares/ST/STM32_USB_Device_Library/Core/Src/usbd_ctlreq.o
                0x080052b4                USBD_StdEPReq
 .text.USBD_ParseSetupRequest
                0x080053c4       0x16 ./Middlewares/ST/STM32_USB_Device_Library/Core/Src/usbd_ctlreq.o
                0x080053c4                USBD_ParseSetupRequest
 .text.USBD_CtlError
                0x080053da       0x16 ./Middlewares/ST/STM32_USB_Device_Library/Core/Src/usbd_ctlreq.o
                0x080053da                USBD_CtlError
 .text.USBD_GetString
                0x080053f0       0x38 ./Middlewares/ST/STM32_USB_Device_Library/Core/Src/usbd_ctlreq.o
                0x080053f0                USBD_GetString
 .text.USBD_CtlSendData
                0x08005428       0x1a ./Middlewares/ST/STM32_USB_Device_Library/Core/Src/usbd_ioreq.o
                0x08005428                USBD_CtlSendData
 .text.USBD_CtlContinueSendData
                0x08005442       0x10 ./Middlewares/ST/STM32_USB_Device_Library/Core/Src/usbd_ioreq.o
                0x08005442                USBD_CtlContinueSendData
 .text.USBD_CtlPrepareRx
                0x08005452       0x1a ./Middlewares/ST/STM32_USB_Device_Library/Core/Src/usbd_ioreq.o
                0x08005452                USBD_CtlPrepareRx
 .text.USBD_CtlContinueRx
                0x0800546c       0x10 ./Middlewares/ST/STM32_USB_Device_Library/Core/Src/usbd_ioreq.o
                0x0800546c                USBD_CtlContinueRx
 .text.USBD_CtlSendStatus
                0x0800547c       0x16 ./Middlewares/ST/STM32_USB_Device_Library/Core/Src/usbd_ioreq.o
                0x0800547c                USBD_CtlSendStatus
 .text.USBD_CtlReceiveStatus
                0x08005492       0x16 ./Middlewares/ST/STM32_USB_Device_Library/Core/Src/usbd_ioreq.o
                0x08005492                USBD_CtlReceiveStatus
 .text.disk_status
                0x080054a8       0x14 ./Middlewares/Third_Party/FatFs/src/diskio.o
                0x080054a8                disk_status
 .text.disk_initialize
                0x080054bc       0x20 ./Middlewares/Third_Party/FatFs/src/diskio.o
                0x080054bc                disk_initialize
 .text.disk_read
                0x080054dc       0x1c ./Middlewares/Third_Party/FatFs/src/diskio.o
                0x080054dc                disk_read
 .text.disk_write
                0x080054f8       0x1c ./Middlewares/Third_Party/FatFs/src/diskio.o
                0x080054f8                disk_write
 .text.disk_ioctl
                0x08005514       0x18 ./Middlewares/Third_Party/FatFs/src/diskio.o
                0x08005514                disk_ioctl
 .text.mem_cpy  0x0800552c       0x12 ./Middlewares/Third_Party/FatFs/src/ff.o
 .text.mem_set  0x0800553e        0xc ./Middlewares/Third_Party/FatFs/src/ff.o
 *fill*         0x0800554a        0x2 
 .text.chk_lock
                0x0800554c       0x80 ./Middlewares/Third_Party/FatFs/src/ff.o
 .text.inc_lock
                0x080055cc       0x98 ./Middlewares/Third_Party/FatFs/src/ff.o
 .text.dec_lock
                0x08005664       0x40 ./Middlewares/Third_Party/FatFs/src/ff.o
 .text.clear_lock
                0x080056a4       0x1c ./Middlewares/Third_Party/FatFs/src/ff.o
 .text.clmt_clust
                0x080056c0       0x28 ./Middlewares/Third_Party/FatFs/src/ff.o
 .text.get_ldnumber
                0x080056e8       0x30 ./Middlewares/Third_Party/FatFs/src/ff.o
 .text.sync_window
                0x08005718       0x58 ./Middlewares/Third_Party/FatFs/src/ff.o
 .text.validate
                0x08005770       0x2e ./Middlewares/Third_Party/FatFs/src/ff.o
 .text.move_window
                0x0800579e       0x36 ./Middlewares/Third_Party/FatFs/src/ff.o
 .text.check_fs
                0x080057d4       0x50 ./Middlewares/Third_Party/FatFs/src/ff.o
 .text.find_volume
                0x08005824      0x234 ./Middlewares/Third_Party/FatFs/src/ff.o
 .text.sync_fs  0x08005a58       0x84 ./Middlewares/Third_Party/FatFs/src/ff.o
 .text.ld_clust.isra.0
                0x08005adc       0x10 ./Middlewares/Third_Party/FatFs/src/ff.o
 .text.clust2sect
                0x08005aec       0x1c ./Middlewares/Third_Party/FatFs/src/ff.o
                0x08005aec                clust2sect
 .text.get_fat  0x08005b08       0xc2 ./Middlewares/Third_Party/FatFs/src/ff.o
                0x08005b08                get_fat
 .text.dir_sdi  0x08005bca       0x9e ./Middlewares/Third_Party/FatFs/src/ff.o
 .text.put_fat  0x08005c68       0xf4 ./Middlewares/Third_Party/FatFs/src/ff.o
                0x08005c68                put_fat
 .text.create_chain
                0x08005d5c       0xb2 ./Middlewares/Third_Party/FatFs/src/ff.o
 .text.dir_next
                0x08005e0e      0x116 ./Middlewares/Third_Party/FatFs/src/ff.o
 .text.follow_path
                0x08005f24      0x198 ./Middlewares/Third_Party/FatFs/src/ff.o
 .text.dir_register
                0x080060bc       0x72 ./Middlewares/Third_Party/FatFs/src/ff.o
 .text.remove_chain
                0x0800612e       0x66 ./Middlewares/Third_Party/FatFs/src/ff.o
 .text.f_mount  0x08006194       0x58 ./Middlewares/Third_Party/FatFs/src/ff.o
                0x08006194                f_mount
 .text.f_open   0x080061ec      0x19c ./Middlewares/Third_Party/FatFs/src/ff.o
                0x080061ec                f_open
 .text.f_write  0x08006388      0x1d0 ./Middlewares/Third_Party/FatFs/src/ff.o
                0x08006388                f_write
 .text.putc_bfd
                0x08006558       0x44 ./Middlewares/Third_Party/FatFs/src/ff.o
 .text.f_sync   0x0800659c       0xc2 ./Middlewares/Third_Party/FatFs/src/ff.o
                0x0800659c                f_sync
 .text.f_close  0x0800665e       0x22 ./Middlewares/Third_Party/FatFs/src/ff.o
                0x0800665e                f_close
 .text.f_puts   0x08006680       0x44 ./Middlewares/Third_Party/FatFs/src/ff.o
                0x08006680                f_puts
 .text.FATFS_LinkDriverEx
                0x080066c4       0x44 ./Middlewares/Third_Party/FatFs/src/ff_gen_drv.o
                0x080066c4                FATFS_LinkDriverEx
 .text.FATFS_LinkDriver
                0x08006708        0x6 ./Middlewares/Third_Party/FatFs/src/ff_gen_drv.o
                0x08006708                FATFS_LinkDriver
 *fill*         0x0800670e        0x2 
 .text.MX_USB_DEVICE_Init
                0x08006710       0x50 ./USB_DEVICE/App/usb_device.o
                0x08006710                MX_USB_DEVICE_Init
 .text.CDC_DeInit_FS
                0x08006760        0x4 ./USB_DEVICE/App/usbd_cdc_if.o
 .text.CDC_Control_FS
                0x08006764        0x4 ./USB_DEVICE/App/usbd_cdc_if.o
 .text.CDC_Receive_FS
                0x08006768       0x1c ./USB_DEVICE/App/usbd_cdc_if.o
 .text.CDC_Init_FS
                0x08006784       0x28 ./USB_DEVICE/App/usbd_cdc_if.o
 .text.USBD_FS_DeviceDescriptor
                0x080067ac        0xc ./USB_DEVICE/App/usbd_desc.o
                0x080067ac                USBD_FS_DeviceDescriptor
 .text.USBD_FS_LangIDStrDescriptor
                0x080067b8        0xc ./USB_DEVICE/App/usbd_desc.o
                0x080067b8                USBD_FS_LangIDStrDescriptor
 .text.IntToUnicode
                0x080067c4       0x2a ./USB_DEVICE/App/usbd_desc.o
 *fill*         0x080067ee        0x2 
 .text.USBD_FS_SerialStrDescriptor
                0x080067f0       0x3c ./USB_DEVICE/App/usbd_desc.o
                0x080067f0                USBD_FS_SerialStrDescriptor
 .text.USBD_FS_ManufacturerStrDescriptor
                0x0800682c       0x1c ./USB_DEVICE/App/usbd_desc.o
                0x0800682c                USBD_FS_ManufacturerStrDescriptor
 .text.USBD_FS_ProductStrDescriptor
                0x08006848       0x1c ./USB_DEVICE/App/usbd_desc.o
                0x08006848                USBD_FS_ProductStrDescriptor
 .text.USBD_FS_ConfigStrDescriptor
                0x08006864       0x1c ./USB_DEVICE/App/usbd_desc.o
                0x08006864                USBD_FS_ConfigStrDescriptor
 .text.USBD_FS_InterfaceStrDescriptor
                0x08006880       0x1c ./USB_DEVICE/App/usbd_desc.o
                0x08006880                USBD_FS_InterfaceStrDescriptor
 .text.USBD_Get_USB_Status
                0x0800689c        0xc ./USB_DEVICE/Target/usbd_conf.o
 .text.HAL_PCD_MspInit
                0x080068a8       0x40 ./USB_DEVICE/Target/usbd_conf.o
                0x080068a8                HAL_PCD_MspInit
 .text.HAL_PCD_SetupStageCallback
                0x080068e8        0xc ./USB_DEVICE/Target/usbd_conf.o
                0x080068e8                HAL_PCD_SetupStageCallback
 .text.HAL_PCD_DataOutStageCallback
                0x080068f4       0x12 ./USB_DEVICE/Target/usbd_conf.o
                0x080068f4                HAL_PCD_DataOutStageCallback
 .text.HAL_PCD_DataInStageCallback
                0x08006906       0x10 ./USB_DEVICE/Target/usbd_conf.o
                0x08006906                HAL_PCD_DataInStageCallback
 .text.HAL_PCD_SOFCallback
                0x08006916        0x8 ./USB_DEVICE/Target/usbd_conf.o
                0x08006916                HAL_PCD_SOFCallback
 .text.HAL_PCD_ResetCallback
                0x0800691e       0x24 ./USB_DEVICE/Target/usbd_conf.o
                0x0800691e                HAL_PCD_ResetCallback
 *fill*         0x08006942        0x2 
 .text.HAL_PCD_SuspendCallback
                0x08006944       0x20 ./USB_DEVICE/Target/usbd_conf.o
                0x08006944                HAL_PCD_SuspendCallback
 .text.HAL_PCD_ResumeCallback
                0x08006964        0x8 ./USB_DEVICE/Target/usbd_conf.o
                0x08006964                HAL_PCD_ResumeCallback
 .text.USBD_LL_Init
                0x0800696c       0x80 ./USB_DEVICE/Target/usbd_conf.o
                0x0800696c                USBD_LL_Init
 .text.USBD_LL_Start
                0x080069ec       0x12 ./USB_DEVICE/Target/usbd_conf.o
                0x080069ec                USBD_LL_Start
 .text.USBD_LL_OpenEP
                0x080069fe       0x18 ./USB_DEVICE/Target/usbd_conf.o
                0x080069fe                USBD_LL_OpenEP
 .text.USBD_LL_CloseEP
                0x08006a16       0x12 ./USB_DEVICE/Target/usbd_conf.o
                0x08006a16                USBD_LL_CloseEP
 .text.USBD_LL_StallEP
                0x08006a28       0x12 ./USB_DEVICE/Target/usbd_conf.o
                0x08006a28                USBD_LL_StallEP
 .text.USBD_LL_ClearStallEP
                0x08006a3a       0x12 ./USB_DEVICE/Target/usbd_conf.o
                0x08006a3a                USBD_LL_ClearStallEP
 .text.USBD_LL_IsStallEP
                0x08006a4c       0x22 ./USB_DEVICE/Target/usbd_conf.o
                0x08006a4c                USBD_LL_IsStallEP
 .text.USBD_LL_SetUSBAddress
                0x08006a6e       0x12 ./USB_DEVICE/Target/usbd_conf.o
                0x08006a6e                USBD_LL_SetUSBAddress
 .text.USBD_LL_Transmit
                0x08006a80       0x12 ./USB_DEVICE/Target/usbd_conf.o
                0x08006a80                USBD_LL_Transmit
 .text.USBD_LL_PrepareReceive
                0x08006a92       0x12 ./USB_DEVICE/Target/usbd_conf.o
                0x08006a92                USBD_LL_PrepareReceive
 .text.USBD_LL_GetRxDataSize
                0x08006aa4        0x8 ./USB_DEVICE/Target/usbd_conf.o
                0x08006aa4                USBD_LL_GetRxDataSize
 .text.USBD_static_malloc
                0x08006aac        0x8 ./USB_DEVICE/Target/usbd_conf.o
                0x08006aac                USBD_static_malloc
 .text.USBD_static_free
                0x08006ab4        0x2 ./USB_DEVICE/Target/usbd_conf.o
                0x08006ab4                USBD_static_free
 .text.HAL_PCDEx_SetConnectionState
                0x08006ab6        0x2 ./USB_DEVICE/Target/usbd_conf.o
                0x08006ab6                HAL_PCDEx_SetConnectionState
 .text.__cvt    0x08006ab8       0xc8 C:/ST/STM32CubeIDE_1.17.0/STM32CubeIDE/plugins/com.st.stm32cube.ide.mcu.externaltools.gnu-tools-for-stm32.12.3.rel1.win32_1.1.0.202410251130/tools/bin/../lib/gcc/arm-none-eabi/12.3.1/../../../../arm-none-eabi/lib/thumb/v7-m/nofp\libc_nano.a(libc_a-nano-vfprintf_float.o)
                0x08006ab8                __cvt
 .text.__exponent
                0x08006b80       0x74 C:/ST/STM32CubeIDE_1.17.0/STM32CubeIDE/plugins/com.st.stm32cube.ide.mcu.externaltools.gnu-tools-for-stm32.12.3.rel1.win32_1.1.0.202410251130/tools/bin/../lib/gcc/arm-none-eabi/12.3.1/../../../../arm-none-eabi/lib/thumb/v7-m/nofp\libc_nano.a(libc_a-nano-vfprintf_float.o)
                0x08006b80                __exponent
 .text._printf_float
                0x08006bf4      0x458 C:/ST/STM32CubeIDE_1.17.0/STM32CubeIDE/plugins/com.st.stm32cube.ide.mcu.externaltools.gnu-tools-for-stm32.12.3.rel1.win32_1.1.0.202410251130/tools/bin/../lib/gcc/arm-none-eabi/12.3.1/../../../../arm-none-eabi/lib/thumb/v7-m/nofp\libc_nano.a(libc_a-nano-vfprintf_float.o)
                0x08006bf4                _printf_float
 .text._printf_common
                0x0800704c       0xe4 C:/ST/STM32CubeIDE_1.17.0/STM32CubeIDE/plugins/com.st.stm32cube.ide.mcu.externaltools.gnu-tools-for-stm32.12.3.rel1.win32_1.1.0.202410251130/tools/bin/../lib/gcc/arm-none-eabi/12.3.1/../../../../arm-none-eabi/lib/thumb/v7-m/nofp\libc_nano.a(libc_a-nano-vfprintf_i.o)
                0x0800704c                _printf_common
 .text._printf_i
                0x08007130      0x240 C:/ST/STM32CubeIDE_1.17.0/STM32CubeIDE/plugins/com.st.stm32cube.ide.mcu.externaltools.gnu-tools-for-stm32.12.3.rel1.win32_1.1.0.202410251130/tools/bin/../lib/gcc/arm-none-eabi/12.3.1/../../../../arm-none-eabi/lib/thumb/v7-m/nofp\libc_nano.a(libc_a-nano-vfprintf_i.o)
                0x08007130                _printf_i
 .text.std      0x08007370       0x6c C:/ST/STM32CubeIDE_1.17.0/STM32CubeIDE/plugins/com.st.stm32cube.ide.mcu.externaltools.gnu-tools-for-stm32.12.3.rel1.win32_1.1.0.202410251130/tools/bin/../lib/gcc/arm-none-eabi/12.3.1/../../../../arm-none-eabi/lib/thumb/v7-m/nofp\libc_nano.a(libc_a-findfp.o)
 .text.stdio_exit_handler
                0x080073dc       0x18 C:/ST/STM32CubeIDE_1.17.0/STM32CubeIDE/plugins/com.st.stm32cube.ide.mcu.externaltools.gnu-tools-for-stm32.12.3.rel1.win32_1.1.0.202410251130/tools/bin/../lib/gcc/arm-none-eabi/12.3.1/../../../../arm-none-eabi/lib/thumb/v7-m/nofp\libc_nano.a(libc_a-findfp.o)
 .text.cleanup_stdio
                0x080073f4       0x40 C:/ST/STM32CubeIDE_1.17.0/STM32CubeIDE/plugins/com.st.stm32cube.ide.mcu.externaltools.gnu-tools-for-stm32.12.3.rel1.win32_1.1.0.202410251130/tools/bin/../lib/gcc/arm-none-eabi/12.3.1/../../../../arm-none-eabi/lib/thumb/v7-m/nofp\libc_nano.a(libc_a-findfp.o)
 .text.global_stdio_init.part.0
                0x08007434       0x3c C:/ST/STM32CubeIDE_1.17.0/STM32CubeIDE/plugins/com.st.stm32cube.ide.mcu.externaltools.gnu-tools-for-stm32.12.3.rel1.win32_1.1.0.202410251130/tools/bin/../lib/gcc/arm-none-eabi/12.3.1/../../../../arm-none-eabi/lib/thumb/v7-m/nofp\libc_nano.a(libc_a-findfp.o)
 .text.__sfp_lock_acquire
                0x08007470        0xc C:/ST/STM32CubeIDE_1.17.0/STM32CubeIDE/plugins/com.st.stm32cube.ide.mcu.externaltools.gnu-tools-for-stm32.12.3.rel1.win32_1.1.0.202410251130/tools/bin/../lib/gcc/arm-none-eabi/12.3.1/../../../../arm-none-eabi/lib/thumb/v7-m/nofp\libc_nano.a(libc_a-findfp.o)
                0x08007470                __sfp_lock_acquire
 .text.__sfp_lock_release
                0x0800747c        0xc C:/ST/STM32CubeIDE_1.17.0/STM32CubeIDE/plugins/com.st.stm32cube.ide.mcu.externaltools.gnu-tools-for-stm32.12.3.rel1.win32_1.1.0.202410251130/tools/bin/../lib/gcc/arm-none-eabi/12.3.1/../../../../arm-none-eabi/lib/thumb/v7-m/nofp\libc_nano.a(libc_a-findfp.o)
                0x0800747c                __sfp_lock_release
 .text.__sinit  0x08007488       0x30 C:/ST/STM32CubeIDE_1.17.0/STM32CubeIDE/plugins/com.st.stm32cube.ide.mcu.externaltools.gnu-tools-for-stm32.12.3.rel1.win32_1.1.0.202410251130/tools/bin/../lib/gcc/arm-none-eabi/12.3.1/../../../../arm-none-eabi/lib/thumb/v7-m/nofp\libc_nano.a(libc_a-findfp.o)
                0x08007488                __sinit
 .text._fwalk_sglue
                0x080074b8       0x3c C:/ST/STM32CubeIDE_1.17.0/STM32CubeIDE/plugins/com.st.stm32cube.ide.mcu.externaltools.gnu-tools-for-stm32.12.3.rel1.win32_1.1.0.202410251130/tools/bin/../lib/gcc/arm-none-eabi/12.3.1/../../../../arm-none-eabi/lib/thumb/v7-m/nofp\libc_nano.a(libc_a-fwalk.o)
                0x080074b8                _fwalk_sglue
 .text.sprintf  0x080074f4       0x40 C:/ST/STM32CubeIDE_1.17.0/STM32CubeIDE/plugins/com.st.stm32cube.ide.mcu.externaltools.gnu-tools-for-stm32.12.3.rel1.win32_1.1.0.202410251130/tools/bin/../lib/gcc/arm-none-eabi/12.3.1/../../../../arm-none-eabi/lib/thumb/v7-m/nofp\libc_nano.a(libc_a-sprintf.o)
                0x080074f4                siprintf
                0x080074f4                sprintf
 .text.__sread  0x08007534       0x22 C:/ST/STM32CubeIDE_1.17.0/STM32CubeIDE/plugins/com.st.stm32cube.ide.mcu.externaltools.gnu-tools-for-stm32.12.3.rel1.win32_1.1.0.202410251130/tools/bin/../lib/gcc/arm-none-eabi/12.3.1/../../../../arm-none-eabi/lib/thumb/v7-m/nofp\libc_nano.a(libc_a-stdio.o)
                0x08007534                __sread
 .text.__swrite
                0x08007556       0x38 C:/ST/STM32CubeIDE_1.17.0/STM32CubeIDE/plugins/com.st.stm32cube.ide.mcu.externaltools.gnu-tools-for-stm32.12.3.rel1.win32_1.1.0.202410251130/tools/bin/../lib/gcc/arm-none-eabi/12.3.1/../../../../arm-none-eabi/lib/thumb/v7-m/nofp\libc_nano.a(libc_a-stdio.o)
                0x08007556                __swrite
 .text.__sseek  0x0800758e       0x24 C:/ST/STM32CubeIDE_1.17.0/STM32CubeIDE/plugins/com.st.stm32cube.ide.mcu.externaltools.gnu-tools-for-stm32.12.3.rel1.win32_1.1.0.202410251130/tools/bin/../lib/gcc/arm-none-eabi/12.3.1/../../../../arm-none-eabi/lib/thumb/v7-m/nofp\libc_nano.a(libc_a-stdio.o)
                0x0800758e                __sseek
 .text.__sclose
                0x080075b2        0x8 C:/ST/STM32CubeIDE_1.17.0/STM32CubeIDE/plugins/com.st.stm32cube.ide.mcu.externaltools.gnu-tools-for-stm32.12.3.rel1.win32_1.1.0.202410251130/tools/bin/../lib/gcc/arm-none-eabi/12.3.1/../../../../arm-none-eabi/lib/thumb/v7-m/nofp\libc_nano.a(libc_a-stdio.o)
                0x080075b2                __sclose
 .text.memset   0x080075ba       0x10 C:/ST/STM32CubeIDE_1.17.0/STM32CubeIDE/plugins/com.st.stm32cube.ide.mcu.externaltools.gnu-tools-for-stm32.12.3.rel1.win32_1.1.0.202410251130/tools/bin/../lib/gcc/arm-none-eabi/12.3.1/../../../../arm-none-eabi/lib/thumb/v7-m/nofp\libc_nano.a(libc_a-memset.o)
                0x080075ba                memset
 *fill*         0x080075ca        0x2 
 .text._localeconv_r
                0x080075cc        0x8 C:/ST/STM32CubeIDE_1.17.0/STM32CubeIDE/plugins/com.st.stm32cube.ide.mcu.externaltools.gnu-tools-for-stm32.12.3.rel1.win32_1.1.0.202410251130/tools/bin/../lib/gcc/arm-none-eabi/12.3.1/../../../../arm-none-eabi/lib/thumb/v7-m/nofp\libc_nano.a(libc_a-localeconv.o)
                0x080075cc                _localeconv_r
 .text._close_r
                0x080075d4       0x20 C:/ST/STM32CubeIDE_1.17.0/STM32CubeIDE/plugins/com.st.stm32cube.ide.mcu.externaltools.gnu-tools-for-stm32.12.3.rel1.win32_1.1.0.202410251130/tools/bin/../lib/gcc/arm-none-eabi/12.3.1/../../../../arm-none-eabi/lib/thumb/v7-m/nofp\libc_nano.a(libc_a-closer.o)
                0x080075d4                _close_r
 .text._lseek_r
                0x080075f4       0x24 C:/ST/STM32CubeIDE_1.17.0/STM32CubeIDE/plugins/com.st.stm32cube.ide.mcu.externaltools.gnu-tools-for-stm32.12.3.rel1.win32_1.1.0.202410251130/tools/bin/../lib/gcc/arm-none-eabi/12.3.1/../../../../arm-none-eabi/lib/thumb/v7-m/nofp\libc_nano.a(libc_a-lseekr.o)
                0x080075f4                _lseek_r
 .text._read_r  0x08007618       0x24 C:/ST/STM32CubeIDE_1.17.0/STM32CubeIDE/plugins/com.st.stm32cube.ide.mcu.externaltools.gnu-tools-for-stm32.12.3.rel1.win32_1.1.0.202410251130/tools/bin/../lib/gcc/arm-none-eabi/12.3.1/../../../../arm-none-eabi/lib/thumb/v7-m/nofp\libc_nano.a(libc_a-readr.o)
                0x08007618                _read_r
 .text._write_r
                0x0800763c       0x24 C:/ST/STM32CubeIDE_1.17.0/STM32CubeIDE/plugins/com.st.stm32cube.ide.mcu.externaltools.gnu-tools-for-stm32.12.3.rel1.win32_1.1.0.202410251130/tools/bin/../lib/gcc/arm-none-eabi/12.3.1/../../../../arm-none-eabi/lib/thumb/v7-m/nofp\libc_nano.a(libc_a-writer.o)
                0x0800763c                _write_r
 .text.__errno  0x08007660        0xc C:/ST/STM32CubeIDE_1.17.0/STM32CubeIDE/plugins/com.st.stm32cube.ide.mcu.externaltools.gnu-tools-for-stm32.12.3.rel1.win32_1.1.0.202410251130/tools/bin/../lib/gcc/arm-none-eabi/12.3.1/../../../../arm-none-eabi/lib/thumb/v7-m/nofp\libc_nano.a(libc_a-errno.o)
                0x08007660                __errno
 .text.__libc_init_array
                0x0800766c       0x48 C:/ST/STM32CubeIDE_1.17.0/STM32CubeIDE/plugins/com.st.stm32cube.ide.mcu.externaltools.gnu-tools-for-stm32.12.3.rel1.win32_1.1.0.202410251130/tools/bin/../lib/gcc/arm-none-eabi/12.3.1/../../../../arm-none-eabi/lib/thumb/v7-m/nofp\libc_nano.a(libc_a-init.o)
                0x0800766c                __libc_init_array
 .text.__retarget_lock_init_recursive
                0x080076b4        0x2 C:/ST/STM32CubeIDE_1.17.0/STM32CubeIDE/plugins/com.st.stm32cube.ide.mcu.externaltools.gnu-tools-for-stm32.12.3.rel1.win32_1.1.0.202410251130/tools/bin/../lib/gcc/arm-none-eabi/12.3.1/../../../../arm-none-eabi/lib/thumb/v7-m/nofp\libc_nano.a(libc_a-lock.o)
                0x080076b4                __retarget_lock_init_recursive
 .text.__retarget_lock_acquire_recursive
                0x080076b6        0x2 C:/ST/STM32CubeIDE_1.17.0/STM32CubeIDE/plugins/com.st.stm32cube.ide.mcu.externaltools.gnu-tools-for-stm32.12.3.rel1.win32_1.1.0.202410251130/tools/bin/../lib/gcc/arm-none-eabi/12.3.1/../../../../arm-none-eabi/lib/thumb/v7-m/nofp\libc_nano.a(libc_a-lock.o)
                0x080076b6                __retarget_lock_acquire_recursive
 .text.__retarget_lock_release_recursive
                0x080076b8        0x2 C:/ST/STM32CubeIDE_1.17.0/STM32CubeIDE/plugins/com.st.stm32cube.ide.mcu.externaltools.gnu-tools-for-stm32.12.3.rel1.win32_1.1.0.202410251130/tools/bin/../lib/gcc/arm-none-eabi/12.3.1/../../../../arm-none-eabi/lib/thumb/v7-m/nofp\libc_nano.a(libc_a-lock.o)
                0x080076b8                __retarget_lock_release_recursive
 .text.memchr   0x080076ba       0x1c C:/ST/STM32CubeIDE_1.17.0/STM32CubeIDE/plugins/com.st.stm32cube.ide.mcu.externaltools.gnu-tools-for-stm32.12.3.rel1.win32_1.1.0.202410251130/tools/bin/../lib/gcc/arm-none-eabi/12.3.1/../../../../arm-none-eabi/lib/thumb/v7-m/nofp\libc_nano.a(libc_a-memchr-stub.o)
                0x080076ba                memchr
 .text.quorem   0x080076d6      0x110 C:/ST/STM32CubeIDE_1.17.0/STM32CubeIDE/plugins/com.st.stm32cube.ide.mcu.externaltools.gnu-tools-for-stm32.12.3.rel1.win32_1.1.0.202410251130/tools/bin/../lib/gcc/arm-none-eabi/12.3.1/../../../../arm-none-eabi/lib/thumb/v7-m/nofp\libc_nano.a(libc_a-dtoa.o)
 *fill*         0x080077e6        0x2 
 .text._dtoa_r  0x080077e8      0xb90 C:/ST/STM32CubeIDE_1.17.0/STM32CubeIDE/plugins/com.st.stm32cube.ide.mcu.externaltools.gnu-tools-for-stm32.12.3.rel1.win32_1.1.0.202410251130/tools/bin/../lib/gcc/arm-none-eabi/12.3.1/../../../../arm-none-eabi/lib/thumb/v7-m/nofp\libc_nano.a(libc_a-dtoa.o)
                0x080077e8                _dtoa_r
 .text._free_r  0x08008378       0x90 C:/ST/STM32CubeIDE_1.17.0/STM32CubeIDE/plugins/com.st.stm32cube.ide.mcu.externaltools.gnu-tools-for-stm32.12.3.rel1.win32_1.1.0.202410251130/tools/bin/../lib/gcc/arm-none-eabi/12.3.1/../../../../arm-none-eabi/lib/thumb/v7-m/nofp\libc_nano.a(libc_a-freer.o)
                0x08008378                _free_r
 .text.malloc   0x08008408       0x10 C:/ST/STM32CubeIDE_1.17.0/STM32CubeIDE/plugins/com.st.stm32cube.ide.mcu.externaltools.gnu-tools-for-stm32.12.3.rel1.win32_1.1.0.202410251130/tools/bin/../lib/gcc/arm-none-eabi/12.3.1/../../../../arm-none-eabi/lib/thumb/v7-m/nofp\libc_nano.a(libc_a-malloc.o)
                0x08008408                malloc
 .text.sbrk_aligned
                0x08008418       0x44 C:/ST/STM32CubeIDE_1.17.0/STM32CubeIDE/plugins/com.st.stm32cube.ide.mcu.externaltools.gnu-tools-for-stm32.12.3.rel1.win32_1.1.0.202410251130/tools/bin/../lib/gcc/arm-none-eabi/12.3.1/../../../../arm-none-eabi/lib/thumb/v7-m/nofp\libc_nano.a(libc_a-mallocr.o)
 .text._malloc_r
                0x0800845c      0x100 C:/ST/STM32CubeIDE_1.17.0/STM32CubeIDE/plugins/com.st.stm32cube.ide.mcu.externaltools.gnu-tools-for-stm32.12.3.rel1.win32_1.1.0.202410251130/tools/bin/../lib/gcc/arm-none-eabi/12.3.1/../../../../arm-none-eabi/lib/thumb/v7-m/nofp\libc_nano.a(libc_a-mallocr.o)
                0x0800845c                _malloc_r
 .text.__malloc_lock
                0x0800855c        0xc C:/ST/STM32CubeIDE_1.17.0/STM32CubeIDE/plugins/com.st.stm32cube.ide.mcu.externaltools.gnu-tools-for-stm32.12.3.rel1.win32_1.1.0.202410251130/tools/bin/../lib/gcc/arm-none-eabi/12.3.1/../../../../arm-none-eabi/lib/thumb/v7-m/nofp\libc_nano.a(libc_a-mlock.o)
                0x0800855c                __malloc_lock
 .text.__malloc_unlock
                0x08008568        0xc C:/ST/STM32CubeIDE_1.17.0/STM32CubeIDE/plugins/com.st.stm32cube.ide.mcu.externaltools.gnu-tools-for-stm32.12.3.rel1.win32_1.1.0.202410251130/tools/bin/../lib/gcc/arm-none-eabi/12.3.1/../../../../arm-none-eabi/lib/thumb/v7-m/nofp\libc_nano.a(libc_a-mlock.o)
                0x08008568                __malloc_unlock
 .text._Balloc  0x08008574       0x80 C:/ST/STM32CubeIDE_1.17.0/STM32CubeIDE/plugins/com.st.stm32cube.ide.mcu.externaltools.gnu-tools-for-stm32.12.3.rel1.win32_1.1.0.202410251130/tools/bin/../lib/gcc/arm-none-eabi/12.3.1/../../../../arm-none-eabi/lib/thumb/v7-m/nofp\libc_nano.a(libc_a-mprec.o)
                0x08008574                _Balloc
 .text._Bfree   0x080085f4       0x44 C:/ST/STM32CubeIDE_1.17.0/STM32CubeIDE/plugins/com.st.stm32cube.ide.mcu.externaltools.gnu-tools-for-stm32.12.3.rel1.win32_1.1.0.202410251130/tools/bin/../lib/gcc/arm-none-eabi/12.3.1/../../../../arm-none-eabi/lib/thumb/v7-m/nofp\libc_nano.a(libc_a-mprec.o)
                0x080085f4                _Bfree
 .text.__multadd
                0x08008638       0x8c C:/ST/STM32CubeIDE_1.17.0/STM32CubeIDE/plugins/com.st.stm32cube.ide.mcu.externaltools.gnu-tools-for-stm32.12.3.rel1.win32_1.1.0.202410251130/tools/bin/../lib/gcc/arm-none-eabi/12.3.1/../../../../arm-none-eabi/lib/thumb/v7-m/nofp\libc_nano.a(libc_a-mprec.o)
                0x08008638                __multadd
 .text.__hi0bits
                0x080086c4       0x3e C:/ST/STM32CubeIDE_1.17.0/STM32CubeIDE/plugins/com.st.stm32cube.ide.mcu.externaltools.gnu-tools-for-stm32.12.3.rel1.win32_1.1.0.202410251130/tools/bin/../lib/gcc/arm-none-eabi/12.3.1/../../../../arm-none-eabi/lib/thumb/v7-m/nofp\libc_nano.a(libc_a-mprec.o)
                0x080086c4                __hi0bits
 .text.__lo0bits
                0x08008702       0x5a C:/ST/STM32CubeIDE_1.17.0/STM32CubeIDE/plugins/com.st.stm32cube.ide.mcu.externaltools.gnu-tools-for-stm32.12.3.rel1.win32_1.1.0.202410251130/tools/bin/../lib/gcc/arm-none-eabi/12.3.1/../../../../arm-none-eabi/lib/thumb/v7-m/nofp\libc_nano.a(libc_a-mprec.o)
                0x08008702                __lo0bits
 .text.__i2b    0x0800875c       0x2c C:/ST/STM32CubeIDE_1.17.0/STM32CubeIDE/plugins/com.st.stm32cube.ide.mcu.externaltools.gnu-tools-for-stm32.12.3.rel1.win32_1.1.0.202410251130/tools/bin/../lib/gcc/arm-none-eabi/12.3.1/../../../../arm-none-eabi/lib/thumb/v7-m/nofp\libc_nano.a(libc_a-mprec.o)
                0x0800875c                __i2b
 .text.__multiply
                0x08008788      0x150 C:/ST/STM32CubeIDE_1.17.0/STM32CubeIDE/plugins/com.st.stm32cube.ide.mcu.externaltools.gnu-tools-for-stm32.12.3.rel1.win32_1.1.0.202410251130/tools/bin/../lib/gcc/arm-none-eabi/12.3.1/../../../../arm-none-eabi/lib/thumb/v7-m/nofp\libc_nano.a(libc_a-mprec.o)
                0x08008788                __multiply
 .text.__pow5mult
                0x080088d8       0xb4 C:/ST/STM32CubeIDE_1.17.0/STM32CubeIDE/plugins/com.st.stm32cube.ide.mcu.externaltools.gnu-tools-for-stm32.12.3.rel1.win32_1.1.0.202410251130/tools/bin/../lib/gcc/arm-none-eabi/12.3.1/../../../../arm-none-eabi/lib/thumb/v7-m/nofp\libc_nano.a(libc_a-mprec.o)
                0x080088d8                __pow5mult
 .text.__lshift
                0x0800898c       0xd8 C:/ST/STM32CubeIDE_1.17.0/STM32CubeIDE/plugins/com.st.stm32cube.ide.mcu.externaltools.gnu-tools-for-stm32.12.3.rel1.win32_1.1.0.202410251130/tools/bin/../lib/gcc/arm-none-eabi/12.3.1/../../../../arm-none-eabi/lib/thumb/v7-m/nofp\libc_nano.a(libc_a-mprec.o)
                0x0800898c                __lshift
 .text.__mcmp   0x08008a64       0x36 C:/ST/STM32CubeIDE_1.17.0/STM32CubeIDE/plugins/com.st.stm32cube.ide.mcu.externaltools.gnu-tools-for-stm32.12.3.rel1.win32_1.1.0.202410251130/tools/bin/../lib/gcc/arm-none-eabi/12.3.1/../../../../arm-none-eabi/lib/thumb/v7-m/nofp\libc_nano.a(libc_a-mprec.o)
                0x08008a64                __mcmp
 *fill*         0x08008a9a        0x2 
 .text.__mdiff  0x08008a9c      0x128 C:/ST/STM32CubeIDE_1.17.0/STM32CubeIDE/plugins/com.st.stm32cube.ide.mcu.externaltools.gnu-tools-for-stm32.12.3.rel1.win32_1.1.0.202410251130/tools/bin/../lib/gcc/arm-none-eabi/12.3.1/../../../../arm-none-eabi/lib/thumb/v7-m/nofp\libc_nano.a(libc_a-mprec.o)
                0x08008a9c                __mdiff
 .text.__d2b    0x08008bc4       0xb0 C:/ST/STM32CubeIDE_1.17.0/STM32CubeIDE/plugins/com.st.stm32cube.ide.mcu.externaltools.gnu-tools-for-stm32.12.3.rel1.win32_1.1.0.202410251130/tools/bin/../lib/gcc/arm-none-eabi/12.3.1/../../../../arm-none-eabi/lib/thumb/v7-m/nofp\libc_nano.a(libc_a-mprec.o)
                0x08008bc4                __d2b
 .text.__ssputs_r
                0x08008c74       0xb6 C:/ST/STM32CubeIDE_1.17.0/STM32CubeIDE/plugins/com.st.stm32cube.ide.mcu.externaltools.gnu-tools-for-stm32.12.3.rel1.win32_1.1.0.202410251130/tools/bin/../lib/gcc/arm-none-eabi/12.3.1/../../../../arm-none-eabi/lib/thumb/v7-m/nofp\libc_nano.a(libc_a-nano-svfprintf.o)
                0x08008c74                __ssputs_r
 *fill*         0x08008d2a        0x2 
 .text._svfprintf_r
                0x08008d2c      0x1f8 C:/ST/STM32CubeIDE_1.17.0/STM32CubeIDE/plugins/com.st.stm32cube.ide.mcu.externaltools.gnu-tools-for-stm32.12.3.rel1.win32_1.1.0.202410251130/tools/bin/../lib/gcc/arm-none-eabi/12.3.1/../../../../arm-none-eabi/lib/thumb/v7-m/nofp\libc_nano.a(libc_a-nano-svfprintf.o)
                0x08008d2c                _svfiprintf_r
                0x08008d2c                _svfprintf_r
 .text.__sflush_r
                0x08008f24      0x100 C:/ST/STM32CubeIDE_1.17.0/STM32CubeIDE/plugins/com.st.stm32cube.ide.mcu.externaltools.gnu-tools-for-stm32.12.3.rel1.win32_1.1.0.202410251130/tools/bin/../lib/gcc/arm-none-eabi/12.3.1/../../../../arm-none-eabi/lib/thumb/v7-m/nofp\libc_nano.a(libc_a-fflush.o)
                0x08008f24                __sflush_r
 .text._fflush_r
                0x08009024       0x50 C:/ST/STM32CubeIDE_1.17.0/STM32CubeIDE/plugins/com.st.stm32cube.ide.mcu.externaltools.gnu-tools-for-stm32.12.3.rel1.win32_1.1.0.202410251130/tools/bin/../lib/gcc/arm-none-eabi/12.3.1/../../../../arm-none-eabi/lib/thumb/v7-m/nofp\libc_nano.a(libc_a-fflush.o)
                0x08009024                _fflush_r
 .text.memmove  0x08009074       0x34 C:/ST/STM32CubeIDE_1.17.0/STM32CubeIDE/plugins/com.st.stm32cube.ide.mcu.externaltools.gnu-tools-for-stm32.12.3.rel1.win32_1.1.0.202410251130/tools/bin/../lib/gcc/arm-none-eabi/12.3.1/../../../../arm-none-eabi/lib/thumb/v7-m/nofp\libc_nano.a(libc_a-memmove.o)
                0x08009074                memmove
 .text._sbrk_r  0x080090a8       0x20 C:/ST/STM32CubeIDE_1.17.0/STM32CubeIDE/plugins/com.st.stm32cube.ide.mcu.externaltools.gnu-tools-for-stm32.12.3.rel1.win32_1.1.0.202410251130/tools/bin/../lib/gcc/arm-none-eabi/12.3.1/../../../../arm-none-eabi/lib/thumb/v7-m/nofp\libc_nano.a(libc_a-sbrkr.o)
                0x080090a8                _sbrk_r
 .text.memcpy   0x080090c8       0x1c C:/ST/STM32CubeIDE_1.17.0/STM32CubeIDE/plugins/com.st.stm32cube.ide.mcu.externaltools.gnu-tools-for-stm32.12.3.rel1.win32_1.1.0.202410251130/tools/bin/../lib/gcc/arm-none-eabi/12.3.1/../../../../arm-none-eabi/lib/thumb/v7-m/nofp\libc_nano.a(libc_a-memcpy-stub.o)
                0x080090c8                memcpy
 .text.__assert_func
                0x080090e4       0x3c C:/ST/STM32CubeIDE_1.17.0/STM32CubeIDE/plugins/com.st.stm32cube.ide.mcu.externaltools.gnu-tools-for-stm32.12.3.rel1.win32_1.1.0.202410251130/tools/bin/../lib/gcc/arm-none-eabi/12.3.1/../../../../arm-none-eabi/lib/thumb/v7-m/nofp\libc_nano.a(libc_a-assert.o)
                0x080090e4                __assert_func
 .text._calloc_r
                0x08009120       0x28 C:/ST/STM32CubeIDE_1.17.0/STM32CubeIDE/plugins/com.st.stm32cube.ide.mcu.externaltools.gnu-tools-for-stm32.12.3.rel1.win32_1.1.0.202410251130/tools/bin/../lib/gcc/arm-none-eabi/12.3.1/../../../../arm-none-eabi/lib/thumb/v7-m/nofp\libc_nano.a(libc_a-callocr.o)
                0x08009120                _calloc_r
 .text.__ascii_mbtowc
                0x08009148       0x24 C:/ST/STM32CubeIDE_1.17.0/STM32CubeIDE/plugins/com.st.stm32cube.ide.mcu.externaltools.gnu-tools-for-stm32.12.3.rel1.win32_1.1.0.202410251130/tools/bin/../lib/gcc/arm-none-eabi/12.3.1/../../../../arm-none-eabi/lib/thumb/v7-m/nofp\libc_nano.a(libc_a-mbtowc_r.o)
                0x08009148                __ascii_mbtowc
 .text._realloc_r
                0x0800916c       0x5c C:/ST/STM32CubeIDE_1.17.0/STM32CubeIDE/plugins/com.st.stm32cube.ide.mcu.externaltools.gnu-tools-for-stm32.12.3.rel1.win32_1.1.0.202410251130/tools/bin/../lib/gcc/arm-none-eabi/12.3.1/../../../../arm-none-eabi/lib/thumb/v7-m/nofp\libc_nano.a(libc_a-reallocr.o)
                0x0800916c                _realloc_r
 .text.__ascii_wctomb
                0x080091c8       0x1a C:/ST/STM32CubeIDE_1.17.0/STM32CubeIDE/plugins/com.st.stm32cube.ide.mcu.externaltools.gnu-tools-for-stm32.12.3.rel1.win32_1.1.0.202410251130/tools/bin/../lib/gcc/arm-none-eabi/12.3.1/../../../../arm-none-eabi/lib/thumb/v7-m/nofp\libc_nano.a(libc_a-wctomb_r.o)
                0x080091c8                __ascii_wctomb
 *fill*         0x080091e2        0x2 
 .text.fprintf  0x080091e4       0x24 C:/ST/STM32CubeIDE_1.17.0/STM32CubeIDE/plugins/com.st.stm32cube.ide.mcu.externaltools.gnu-tools-for-stm32.12.3.rel1.win32_1.1.0.202410251130/tools/bin/../lib/gcc/arm-none-eabi/12.3.1/../../../../arm-none-eabi/lib/thumb/v7-m/nofp\libc_nano.a(libc_a-fprintf.o)
                0x080091e4                fiprintf
                0x080091e4                fprintf
 .text.abort    0x08009208        0xe C:/ST/STM32CubeIDE_1.17.0/STM32CubeIDE/plugins/com.st.stm32cube.ide.mcu.externaltools.gnu-tools-for-stm32.12.3.rel1.win32_1.1.0.202410251130/tools/bin/../lib/gcc/arm-none-eabi/12.3.1/../../../../arm-none-eabi/lib/thumb/v7-m/nofp\libc_nano.a(libc_a-abort.o)
                0x08009208                abort
 .text._malloc_usable_size_r
                0x08009216       0x10 C:/ST/STM32CubeIDE_1.17.0/STM32CubeIDE/plugins/com.st.stm32cube.ide.mcu.externaltools.gnu-tools-for-stm32.12.3.rel1.win32_1.1.0.202410251130/tools/bin/../lib/gcc/arm-none-eabi/12.3.1/../../../../arm-none-eabi/lib/thumb/v7-m/nofp\libc_nano.a(libc_a-msizer.o)
                0x08009216                _malloc_usable_size_r
 .text.__sfputc_r
                0x08009226       0x2a C:/ST/STM32CubeIDE_1.17.0/STM32CubeIDE/plugins/com.st.stm32cube.ide.mcu.externaltools.gnu-tools-for-stm32.12.3.rel1.win32_1.1.0.202410251130/tools/bin/../lib/gcc/arm-none-eabi/12.3.1/../../../../arm-none-eabi/lib/thumb/v7-m/nofp\libc_nano.a(libc_a-nano-vfprintf.o)
 .text.__sfputs_r
                0x08009250       0x24 C:/ST/STM32CubeIDE_1.17.0/STM32CubeIDE/plugins/com.st.stm32cube.ide.mcu.externaltools.gnu-tools-for-stm32.12.3.rel1.win32_1.1.0.202410251130/tools/bin/../lib/gcc/arm-none-eabi/12.3.1/../../../../arm-none-eabi/lib/thumb/v7-m/nofp\libc_nano.a(libc_a-nano-vfprintf.o)
                0x08009250                __sfputs_r
 .text._vfprintf_r
                0x08009274      0x230 C:/ST/STM32CubeIDE_1.17.0/STM32CubeIDE/plugins/com.st.stm32cube.ide.mcu.externaltools.gnu-tools-for-stm32.12.3.rel1.win32_1.1.0.202410251130/tools/bin/../lib/gcc/arm-none-eabi/12.3.1/../../../../arm-none-eabi/lib/thumb/v7-m/nofp\libc_nano.a(libc_a-nano-vfprintf.o)
                0x08009274                _vfprintf_r
                0x08009274                _vfiprintf_r
 .text.__swbuf_r
                0x080094a4       0x7c C:/ST/STM32CubeIDE_1.17.0/STM32CubeIDE/plugins/com.st.stm32cube.ide.mcu.externaltools.gnu-tools-for-stm32.12.3.rel1.win32_1.1.0.202410251130/tools/bin/../lib/gcc/arm-none-eabi/12.3.1/../../../../arm-none-eabi/lib/thumb/v7-m/nofp\libc_nano.a(libc_a-wbuf.o)
                0x080094a4                __swbuf_r
 .text.__swsetup_r
                0x08009520       0xac C:/ST/STM32CubeIDE_1.17.0/STM32CubeIDE/plugins/com.st.stm32cube.ide.mcu.externaltools.gnu-tools-for-stm32.12.3.rel1.win32_1.1.0.202410251130/tools/bin/../lib/gcc/arm-none-eabi/12.3.1/../../../../arm-none-eabi/lib/thumb/v7-m/nofp\libc_nano.a(libc_a-wsetup.o)
                0x08009520                __swsetup_r
 .text._raise_r
                0x080095cc       0x50 C:/ST/STM32CubeIDE_1.17.0/STM32CubeIDE/plugins/com.st.stm32cube.ide.mcu.externaltools.gnu-tools-for-stm32.12.3.rel1.win32_1.1.0.202410251130/tools/bin/../lib/gcc/arm-none-eabi/12.3.1/../../../../arm-none-eabi/lib/thumb/v7-m/nofp\libc_nano.a(libc_a-signal.o)
                0x080095cc                _raise_r
 .text.raise    0x0800961c       0x10 C:/ST/STM32CubeIDE_1.17.0/STM32CubeIDE/plugins/com.st.stm32cube.ide.mcu.externaltools.gnu-tools-for-stm32.12.3.rel1.win32_1.1.0.202410251130/tools/bin/../lib/gcc/arm-none-eabi/12.3.1/../../../../arm-none-eabi/lib/thumb/v7-m/nofp\libc_nano.a(libc_a-signal.o)
                0x0800961c                raise
 .text._kill_r  0x0800962c       0x24 C:/ST/STM32CubeIDE_1.17.0/STM32CubeIDE/plugins/com.st.stm32cube.ide.mcu.externaltools.gnu-tools-for-stm32.12.3.rel1.win32_1.1.0.202410251130/tools/bin/../lib/gcc/arm-none-eabi/12.3.1/../../../../arm-none-eabi/lib/thumb/v7-m/nofp\libc_nano.a(libc_a-signalr.o)
                0x0800962c                _kill_r
 .text._getpid_r
                0x08009650        0x4 C:/ST/STM32CubeIDE_1.17.0/STM32CubeIDE/plugins/com.st.stm32cube.ide.mcu.externaltools.gnu-tools-for-stm32.12.3.rel1.win32_1.1.0.202410251130/tools/bin/../lib/gcc/arm-none-eabi/12.3.1/../../../../arm-none-eabi/lib/thumb/v7-m/nofp\libc_nano.a(libc_a-signalr.o)
                0x08009650                _getpid_r
 .text.__swhatbuf_r
                0x08009654       0x4a C:/ST/STM32CubeIDE_1.17.0/STM32CubeIDE/plugins/com.st.stm32cube.ide.mcu.externaltools.gnu-tools-for-stm32.12.3.rel1.win32_1.1.0.202410251130/tools/bin/../lib/gcc/arm-none-eabi/12.3.1/../../../../arm-none-eabi/lib/thumb/v7-m/nofp\libc_nano.a(libc_a-makebuf.o)
                0x08009654                __swhatbuf_r
 .text.__smakebuf_r
                0x0800969e       0x78 C:/ST/STM32CubeIDE_1.17.0/STM32CubeIDE/plugins/com.st.stm32cube.ide.mcu.externaltools.gnu-tools-for-stm32.12.3.rel1.win32_1.1.0.202410251130/tools/bin/../lib/gcc/arm-none-eabi/12.3.1/../../../../arm-none-eabi/lib/thumb/v7-m/nofp\libc_nano.a(libc_a-makebuf.o)
                0x0800969e                __smakebuf_r
 *fill*         0x08009716        0x2 
 .text._fstat_r
                0x08009718       0x24 C:/ST/STM32CubeIDE_1.17.0/STM32CubeIDE/plugins/com.st.stm32cube.ide.mcu.externaltools.gnu-tools-for-stm32.12.3.rel1.win32_1.1.0.202410251130/tools/bin/../lib/gcc/arm-none-eabi/12.3.1/../../../../arm-none-eabi/lib/thumb/v7-m/nofp\libc_nano.a(libc_a-fstatr.o)
                0x08009718                _fstat_r
 .text._isatty_r
                0x0800973c       0x20 C:/ST/STM32CubeIDE_1.17.0/STM32CubeIDE/plugins/com.st.stm32cube.ide.mcu.externaltools.gnu-tools-for-stm32.12.3.rel1.win32_1.1.0.202410251130/tools/bin/../lib/gcc/arm-none-eabi/12.3.1/../../../../arm-none-eabi/lib/thumb/v7-m/nofp\libc_nano.a(libc_a-isattyr.o)
                0x0800973c                _isatty_r
 *(.glue_7)
 .glue_7        0x0800975c        0x0 linker stubs
 *(.glue_7t)
 .glue_7t       0x0800975c        0x0 linker stubs
 *(.eh_frame)
 .eh_frame      0x0800975c        0x0 C:/ST/STM32CubeIDE_1.17.0/STM32CubeIDE/plugins/com.st.stm32cube.ide.mcu.externaltools.gnu-tools-for-stm32.12.3.rel1.win32_1.1.0.202410251130/tools/bin/../lib/gcc/arm-none-eabi/12.3.1/thumb/v7-m/nofp/crtbegin.o
 *(.init)
 .init          0x0800975c        0x4 C:/ST/STM32CubeIDE_1.17.0/STM32CubeIDE/plugins/com.st.stm32cube.ide.mcu.externaltools.gnu-tools-for-stm32.12.3.rel1.win32_1.1.0.202410251130/tools/bin/../lib/gcc/arm-none-eabi/12.3.1/thumb/v7-m/nofp/crti.o
                0x0800975c                _init
 .init          0x08009760        0x8 C:/ST/STM32CubeIDE_1.17.0/STM32CubeIDE/plugins/com.st.stm32cube.ide.mcu.externaltools.gnu-tools-for-stm32.12.3.rel1.win32_1.1.0.202410251130/tools/bin/../lib/gcc/arm-none-eabi/12.3.1/thumb/v7-m/nofp/crtn.o
 *(.fini)
 .fini          0x08009768        0x4 C:/ST/STM32CubeIDE_1.17.0/STM32CubeIDE/plugins/com.st.stm32cube.ide.mcu.externaltools.gnu-tools-for-stm32.12.3.rel1.win32_1.1.0.202410251130/tools/bin/../lib/gcc/arm-none-eabi/12.3.1/thumb/v7-m/nofp/crti.o
                0x08009768                _fini
 .fini          0x0800976c        0x8 C:/ST/STM32CubeIDE_1.17.0/STM32CubeIDE/plugins/com.st.stm32cube.ide.mcu.externaltools.gnu-tools-for-stm32.12.3.rel1.win32_1.1.0.202410251130/tools/bin/../lib/gcc/arm-none-eabi/12.3.1/thumb/v7-m/nofp/crtn.o
                0x08009774                        . = ALIGN (0x4)
                0x08009774                        _etext = .

.vfp11_veneer   0x08009774        0x0
 .vfp11_veneer  0x08009774        0x0 linker stubs

.v4_bx          0x08009774        0x0
 .v4_bx         0x08009774        0x0 linker stubs

.iplt           0x08009774        0x0
 .iplt          0x08009774        0x0 C:/ST/STM32CubeIDE_1.17.0/STM32CubeIDE/plugins/com.st.stm32cube.ide.mcu.externaltools.gnu-tools-for-stm32.12.3.rel1.win32_1.1.0.202410251130/tools/bin/../lib/gcc/arm-none-eabi/12.3.1/thumb/v7-m/nofp/crtbegin.o

.rodata         0x08009778      0x498
                0x08009778                        . = ALIGN (0x4)
 *(.rodata)
 *(.rodata*)
 .rodata.main.str1.1
                0x08009778       0x2f ./Core/Src/main.o
 .rodata.APBPrescTable
                0x080097a7        0x8 ./Core/Src/system_stm32f1xx.o
                0x080097a7                APBPrescTable
 .rodata.AHBPrescTable
                0x080097af       0x10 ./Core/Src/system_stm32f1xx.o
                0x080097af                AHBPrescTable
 .rodata.aPredivFactorTable.0
                0x080097bf        0x2 ./Drivers/STM32F1xx_HAL_Driver/Src/stm32f1xx_hal_rcc.o
 .rodata.aPLLMULFactorTable.1
                0x080097c1       0x10 ./Drivers/STM32F1xx_HAL_Driver/Src/stm32f1xx_hal_rcc.o
 .rodata.follow_path.str1.1
                0x080097d1        0xf ./Middlewares/Third_Party/FatFs/src/ff.o
 .rodata.ExCvt  0x080097e0       0x80 ./Middlewares/Third_Party/FatFs/src/ff.o
 .rodata.USBD_FS_ManufacturerStrDescriptor.str1.1
                0x08009860       0x13 ./USB_DEVICE/App/usbd_desc.o
 .rodata.USBD_FS_ProductStrDescriptor.str1.1
                0x08009873       0x16 ./USB_DEVICE/App/usbd_desc.o
 .rodata.USBD_FS_ConfigStrDescriptor.str1.1
                0x08009889        0xb ./USB_DEVICE/App/usbd_desc.o
 .rodata.USBD_FS_InterfaceStrDescriptor.str1.1
                0x08009894        0xe ./USB_DEVICE/App/usbd_desc.o
 .rodata._printf_float.str1.1
                0x080098a2       0x12 C:/ST/STM32CubeIDE_1.17.0/STM32CubeIDE/plugins/com.st.stm32cube.ide.mcu.externaltools.gnu-tools-for-stm32.12.3.rel1.win32_1.1.0.202410251130/tools/bin/../lib/gcc/arm-none-eabi/12.3.1/../../../../arm-none-eabi/lib/thumb/v7-m/nofp\libc_nano.a(libc_a-nano-vfprintf_float.o)
 .rodata._printf_i.str1.1
                0x080098b4       0x22 C:/ST/STM32CubeIDE_1.17.0/STM32CubeIDE/plugins/com.st.stm32cube.ide.mcu.externaltools.gnu-tools-for-stm32.12.3.rel1.win32_1.1.0.202410251130/tools/bin/../lib/gcc/arm-none-eabi/12.3.1/../../../../arm-none-eabi/lib/thumb/v7-m/nofp\libc_nano.a(libc_a-nano-vfprintf_i.o)
 .rodata._dtoa_r.str1.1
                0x080098d6       0x8d C:/ST/STM32CubeIDE_1.17.0/STM32CubeIDE/plugins/com.st.stm32cube.ide.mcu.externaltools.gnu-tools-for-stm32.12.3.rel1.win32_1.1.0.202410251130/tools/bin/../lib/gcc/arm-none-eabi/12.3.1/../../../../arm-none-eabi/lib/thumb/v7-m/nofp\libc_nano.a(libc_a-dtoa.o)
                                 0x8f (size before relaxing)
 .rodata._Balloc.str1.1
                0x08009963       0x59 C:/ST/STM32CubeIDE_1.17.0/STM32CubeIDE/plugins/com.st.stm32cube.ide.mcu.externaltools.gnu-tools-for-stm32.12.3.rel1.win32_1.1.0.202410251130/tools/bin/../lib/gcc/arm-none-eabi/12.3.1/../../../../arm-none-eabi/lib/thumb/v7-m/nofp\libc_nano.a(libc_a-mprec.o)
                                 0x70 (size before relaxing)
 .rodata.__multadd.str1.1
                0x080099bc       0x11 C:/ST/STM32CubeIDE_1.17.0/STM32CubeIDE/plugins/com.st.stm32cube.ide.mcu.externaltools.gnu-tools-for-stm32.12.3.rel1.win32_1.1.0.202410251130/tools/bin/../lib/gcc/arm-none-eabi/12.3.1/../../../../arm-none-eabi/lib/thumb/v7-m/nofp\libc_nano.a(libc_a-mprec.o)
 .rodata.p05.0  0x080099bc        0xc C:/ST/STM32CubeIDE_1.17.0/STM32CubeIDE/plugins/com.st.stm32cube.ide.mcu.externaltools.gnu-tools-for-stm32.12.3.rel1.win32_1.1.0.202410251130/tools/bin/../lib/gcc/arm-none-eabi/12.3.1/../../../../arm-none-eabi/lib/thumb/v7-m/nofp\libc_nano.a(libc_a-mprec.o)
 .rodata.__mprec_bigtens
                0x080099c8       0x28 C:/ST/STM32CubeIDE_1.17.0/STM32CubeIDE/plugins/com.st.stm32cube.ide.mcu.externaltools.gnu-tools-for-stm32.12.3.rel1.win32_1.1.0.202410251130/tools/bin/../lib/gcc/arm-none-eabi/12.3.1/../../../../arm-none-eabi/lib/thumb/v7-m/nofp\libc_nano.a(libc_a-mprec.o)
                0x080099c8                __mprec_bigtens
 .rodata.__mprec_tens
                0x080099f0       0xc8 C:/ST/STM32CubeIDE_1.17.0/STM32CubeIDE/plugins/com.st.stm32cube.ide.mcu.externaltools.gnu-tools-for-stm32.12.3.rel1.win32_1.1.0.202410251130/tools/bin/../lib/gcc/arm-none-eabi/12.3.1/../../../../arm-none-eabi/lib/thumb/v7-m/nofp\libc_nano.a(libc_a-mprec.o)
                0x080099f0                __mprec_tens
 .rodata._svfprintf_r.str1.1
                0x08009ab8       0x11 C:/ST/STM32CubeIDE_1.17.0/STM32CubeIDE/plugins/com.st.stm32cube.ide.mcu.externaltools.gnu-tools-for-stm32.12.3.rel1.win32_1.1.0.202410251130/tools/bin/../lib/gcc/arm-none-eabi/12.3.1/../../../../arm-none-eabi/lib/thumb/v7-m/nofp\libc_nano.a(libc_a-nano-svfprintf.o)
 .rodata._setlocale_r.str1.1
                0x08009ac9        0x8 C:/ST/STM32CubeIDE_1.17.0/STM32CubeIDE/plugins/com.st.stm32cube.ide.mcu.externaltools.gnu-tools-for-stm32.12.3.rel1.win32_1.1.0.202410251130/tools/bin/../lib/gcc/arm-none-eabi/12.3.1/../../../../arm-none-eabi/lib/thumb/v7-m/nofp\libc_nano.a(libc_a-locale.o)
                                  0x9 (size before relaxing)
 .rodata.str1.1
                0x08009ad1        0x2 C:/ST/STM32CubeIDE_1.17.0/STM32CubeIDE/plugins/com.st.stm32cube.ide.mcu.externaltools.gnu-tools-for-stm32.12.3.rel1.win32_1.1.0.202410251130/tools/bin/../lib/gcc/arm-none-eabi/12.3.1/../../../../arm-none-eabi/lib/thumb/v7-m/nofp\libc_nano.a(libc_a-locale.o)
 .rodata.__assert_func.str1.1
                0x08009ad3       0x3c C:/ST/STM32CubeIDE_1.17.0/STM32CubeIDE/plugins/com.st.stm32cube.ide.mcu.externaltools.gnu-tools-for-stm32.12.3.rel1.win32_1.1.0.202410251130/tools/bin/../lib/gcc/arm-none-eabi/12.3.1/../../../../arm-none-eabi/lib/thumb/v7-m/nofp\libc_nano.a(libc_a-assert.o)
                                 0x3d (size before relaxing)
 .rodata._ctype_
                0x08009b0f      0x101 C:/ST/STM32CubeIDE_1.17.0/STM32CubeIDE/plugins/com.st.stm32cube.ide.mcu.externaltools.gnu-tools-for-stm32.12.3.rel1.win32_1.1.0.202410251130/tools/bin/../lib/gcc/arm-none-eabi/12.3.1/../../../../arm-none-eabi/lib/thumb/v7-m/nofp\libc_nano.a(libc_a-ctype_.o)
                0x08009b0f                _ctype_
 .rodata._vfprintf_r.str1.1
                0x08009c10       0x11 C:/ST/STM32CubeIDE_1.17.0/STM32CubeIDE/plugins/com.st.stm32cube.ide.mcu.externaltools.gnu-tools-for-stm32.12.3.rel1.win32_1.1.0.202410251130/tools/bin/../lib/gcc/arm-none-eabi/12.3.1/../../../../arm-none-eabi/lib/thumb/v7-m/nofp\libc_nano.a(libc_a-nano-vfprintf.o)
                0x08009c24                        . = ALIGN (0x4)

.ARM.extab      0x08009c10        0x0
                0x08009c10                        . = ALIGN (0x4)
 *(.ARM.extab* .gnu.linkonce.armextab.*)
                0x08009c10                        . = ALIGN (0x4)

.ARM            0x08009c10        0x8
                0x08009c10                        . = ALIGN (0x4)
                0x08009c10                        __exidx_start = .
 *(.ARM.exidx*)
 .ARM.exidx     0x08009c10        0x8 C:/ST/STM32CubeIDE_1.17.0/STM32CubeIDE/plugins/com.st.stm32cube.ide.mcu.externaltools.gnu-tools-for-stm32.12.3.rel1.win32_1.1.0.202410251130/tools/bin/../lib/gcc/arm-none-eabi/12.3.1/../../../../arm-none-eabi/lib/thumb/v7-m/nofp\libc_nano.a(libc_a-strlen.o)
                0x08009c18                        __exidx_end = .
                0x08009c18                        . = ALIGN (0x4)

.preinit_array  0x08009c18        0x0
                0x08009c18                        . = ALIGN (0x4)
                0x08009c18                        PROVIDE (__preinit_array_start = .)
 *(.preinit_array*)
                0x08009c18                        PROVIDE (__preinit_array_end = .)
                0x08009c18                        . = ALIGN (0x4)

.init_array     0x08009c18        0x4
                0x08009c18                        . = ALIGN (0x4)
                0x08009c18                        PROVIDE (__init_array_start = .)
 *(SORT_BY_NAME(.init_array.*))
 *(.init_array*)
 .init_array    0x08009c18        0x4 C:/ST/STM32CubeIDE_1.17.0/STM32CubeIDE/plugins/com.st.stm32cube.ide.mcu.externaltools.gnu-tools-for-stm32.12.3.rel1.win32_1.1.0.202410251130/tools/bin/../lib/gcc/arm-none-eabi/12.3.1/thumb/v7-m/nofp/crtbegin.o
                0x08009c1c                        PROVIDE (__init_array_end = .)
                0x08009c1c                        . = ALIGN (0x4)

.fini_array     0x08009c1c        0x4
                0x08009c1c                        . = ALIGN (0x4)
                [!provide]                        PROVIDE (__fini_array_start = .)
 *(SORT_BY_NAME(.fini_array.*))
 *(.fini_array*)
 .fini_array    0x08009c1c        0x4 C:/ST/STM32CubeIDE_1.17.0/STM32CubeIDE/plugins/com.st.stm32cube.ide.mcu.externaltools.gnu-tools-for-stm32.12.3.rel1.win32_1.1.0.202410251130/tools/bin/../lib/gcc/arm-none-eabi/12.3.1/thumb/v7-m/nofp/crtbegin.o
                [!provide]                        PROVIDE (__fini_array_end = .)
                0x08009c20                        . = ALIGN (0x4)
                0x08009c20                        _sidata = LOADADDR (.data)

.rel.dyn        0x08009c20        0x0
 .rel.iplt      0x08009c20        0x0 C:/ST/STM32CubeIDE_1.17.0/STM32CubeIDE/plugins/com.st.stm32cube.ide.mcu.externaltools.gnu-tools-for-stm32.12.3.rel1.win32_1.1.0.202410251130/tools/bin/../lib/gcc/arm-none-eabi/12.3.1/thumb/v7-m/nofp/crtbegin.o

.data           0x20000000      0x358 load address 0x08009c20
                0x20000000                        . = ALIGN (0x4)
                0x20000000                        _sdata = .
 *(.data)
 *(.data*)
 .data.SystemCoreClock
                0x20000000        0x4 ./Core/Src/system_stm32f1xx.o
                0x20000000                SystemCoreClock
 .data.Stat     0x20000004        0x1 ./Core/Src/user_diskio_spi.o
 .data.uwTickFreq
                0x20000005        0x1 ./Drivers/STM32F1xx_HAL_Driver/Src/stm32f1xx_hal.o
                0x20000005                uwTickFreq
 *fill*         0x20000006        0x2 
 .data.uwTickPrio
                0x20000008        0x4 ./Drivers/STM32F1xx_HAL_Driver/Src/stm32f1xx_hal.o
                0x20000008                uwTickPrio
 .data.USER_Driver
                0x2000000c       0x14 ./FATFS/Target/user_diskio.o
                0x2000000c                USER_Driver
 .data.USBD_CDC_OtherSpeedCfgDesc
                0x20000020       0x43 ./Middlewares/ST/STM32_USB_Device_Library/Class/CDC/Src/usbd_cdc.o
                0x20000020                USBD_CDC_OtherSpeedCfgDesc
 *fill*         0x20000063        0x1 
 .data.USBD_CDC_CfgFSDesc
                0x20000064       0x43 ./Middlewares/ST/STM32_USB_Device_Library/Class/CDC/Src/usbd_cdc.o
                0x20000064                USBD_CDC_CfgFSDesc
 *fill*         0x200000a7        0x1 
 .data.USBD_CDC_CfgHSDesc
                0x200000a8       0x43 ./Middlewares/ST/STM32_USB_Device_Library/Class/CDC/Src/usbd_cdc.o
                0x200000a8                USBD_CDC_CfgHSDesc
 *fill*         0x200000eb        0x1 
 .data.USBD_CDC
                0x200000ec       0x38 ./Middlewares/ST/STM32_USB_Device_Library/Class/CDC/Src/usbd_cdc.o
                0x200000ec                USBD_CDC
 .data.USBD_CDC_DeviceQualifierDesc
                0x20000124        0xa ./Middlewares/ST/STM32_USB_Device_Library/Class/CDC/Src/usbd_cdc.o
 *fill*         0x2000012e        0x2 
 .data.USBD_Interface_fops_FS
                0x20000130       0x10 ./USB_DEVICE/App/usbd_cdc_if.o
                0x20000130                USBD_Interface_fops_FS
 .data.USBD_StringSerial
                0x20000140       0x1a ./USB_DEVICE/App/usbd_desc.o
                0x20000140                USBD_StringSerial
 *fill*         0x2000015a        0x2 
 .data.USBD_LangIDDesc
                0x2000015c        0x4 ./USB_DEVICE/App/usbd_desc.o
                0x2000015c                USBD_LangIDDesc
 .data.USBD_FS_DeviceDesc
                0x20000160       0x12 ./USB_DEVICE/App/usbd_desc.o
                0x20000160                USBD_FS_DeviceDesc
 *fill*         0x20000172        0x2 
 .data.FS_Desc  0x20000174       0x1c ./USB_DEVICE/App/usbd_desc.o
                0x20000174                FS_Desc
 .data.__sglue  0x20000190        0xc C:/ST/STM32CubeIDE_1.17.0/STM32CubeIDE/plugins/com.st.stm32cube.ide.mcu.externaltools.gnu-tools-for-stm32.12.3.rel1.win32_1.1.0.202410251130/tools/bin/../lib/gcc/arm-none-eabi/12.3.1/../../../../arm-none-eabi/lib/thumb/v7-m/nofp\libc_nano.a(libc_a-findfp.o)
                0x20000190                __sglue
 .data._impure_ptr
                0x2000019c        0x4 C:/ST/STM32CubeIDE_1.17.0/STM32CubeIDE/plugins/com.st.stm32cube.ide.mcu.externaltools.gnu-tools-for-stm32.12.3.rel1.win32_1.1.0.202410251130/tools/bin/../lib/gcc/arm-none-eabi/12.3.1/../../../../arm-none-eabi/lib/thumb/v7-m/nofp\libc_nano.a(libc_a-impure.o)
                0x2000019c                _impure_ptr
 .data._impure_data
                0x200001a0       0x4c C:/ST/STM32CubeIDE_1.17.0/STM32CubeIDE/plugins/com.st.stm32cube.ide.mcu.externaltools.gnu-tools-for-stm32.12.3.rel1.win32_1.1.0.202410251130/tools/bin/../lib/gcc/arm-none-eabi/12.3.1/../../../../arm-none-eabi/lib/thumb/v7-m/nofp\libc_nano.a(libc_a-impure.o)
                0x200001a0                _impure_data
 .data.__global_locale
                0x200001ec      0x16c C:/ST/STM32CubeIDE_1.17.0/STM32CubeIDE/plugins/com.st.stm32cube.ide.mcu.externaltools.gnu-tools-for-stm32.12.3.rel1.win32_1.1.0.202410251130/tools/bin/../lib/gcc/arm-none-eabi/12.3.1/../../../../arm-none-eabi/lib/thumb/v7-m/nofp\libc_nano.a(libc_a-locale.o)
                0x200001ec                __global_locale
 *(.RamFunc)
 *(.RamFunc*)
                0x20000358                        . = ALIGN (0x4)
                0x20000358                        _edata = .

.igot.plt       0x20000358        0x0 load address 0x08009f78
 .igot.plt      0x20000358        0x0 C:/ST/STM32CubeIDE_1.17.0/STM32CubeIDE/plugins/com.st.stm32cube.ide.mcu.externaltools.gnu-tools-for-stm32.12.3.rel1.win32_1.1.0.202410251130/tools/bin/../lib/gcc/arm-none-eabi/12.3.1/thumb/v7-m/nofp/crtbegin.o
                0x20000358                        . = ALIGN (0x4)

.bss            0x20000358     0x18e8 load address 0x08009f78
                0x20000358                        _sbss = .
                0x20000358                        __bss_start__ = _sbss
 *(.bss)