../Core/Src/h3lis331dl_reg.c:49:16:h3lis331dl_read_reg	4	static
../Core/Src/h3lis331dl_reg.c:72:16:h3lis331dl_write_reg	4	static
../Core/Src/h3lis331dl_reg.c:97:9:h3lis331dl_from_fs100_to_mg	8	static
../Core/Src/h3lis331dl_reg.c:102:9:h3lis331dl_from_fs200_to_mg	8	static
../Core/Src/h3lis331dl_reg.c:107:9:h3lis331dl_from_fs400_to_mg	8	static
../Core/Src/h3lis331dl_reg.c:133:9:h3lis331dl_axis_x_data_set	24	static
../Core/Src/h3lis331dl_reg.c:159:9:h3lis331dl_axis_x_data_get	16	static
../Core/Src/h3lis331dl_reg.c:179:9:h3lis331dl_axis_y_data_set	24	static
../Core/Src/h3lis331dl_reg.c:205:9:h3lis331dl_axis_y_data_get	16	static
../Core/Src/h3lis331dl_reg.c:225:9:h3lis331dl_axis_z_data_set	24	static
../Core/Src/h3lis331dl_reg.c:251:9:h3lis331dl_axis_z_data_get	16	static
../Core/Src/h3lis331dl_reg.c:271:9:h3lis331dl_data_rate_set	24	static
../Core/Src/h3lis331dl_reg.c:299:9:h3lis331dl_data_rate_get	16	static
../Core/Src/h3lis331dl_reg.c:366:9:h3lis331dl_reference_mode_set	24	static
../Core/Src/h3lis331dl_reg.c:393:9:h3lis331dl_reference_mode_get	16	static
../Core/Src/h3lis331dl_reg.c:428:9:h3lis331dl_full_scale_set	24	static
../Core/Src/h3lis331dl_reg.c:455:9:h3lis331dl_full_scale_get	16	static
../Core/Src/h3lis331dl_reg.c:494:9:h3lis331dl_block_data_update_set	24	static
../Core/Src/h3lis331dl_reg.c:521:9:h3lis331dl_block_data_update_get	16	static
../Core/Src/h3lis331dl_reg.c:542:9:h3lis331dl_status_reg_get	8	static
../Core/Src/h3lis331dl_reg.c:561:9:h3lis331dl_flag_data_ready_get	16	static
../Core/Src/h3lis331dl_reg.c:595:9:h3lis331dl_acceleration_raw_get	16	static
../Core/Src/h3lis331dl_reg.c:632:9:h3lis331dl_device_id_get	8	static
../Core/Src/h3lis331dl_reg.c:649:9:h3lis331dl_boot_set	24	static
../Core/Src/h3lis331dl_reg.c:675:9:h3lis331dl_boot_get	16	static
../Core/Src/h3lis331dl_reg.c:695:9:h3lis331dl_data_format_set	24	static
../Core/Src/h3lis331dl_reg.c:722:9:h3lis331dl_data_format_get	16	static
../Core/Src/h3lis331dl_reg.c:770:9:h3lis331dl_hp_bandwidth_set	24	static
../Core/Src/h3lis331dl_reg.c:797:9:h3lis331dl_hp_bandwidth_get	16	static
../Core/Src/h3lis331dl_reg.c:840:9:h3lis331dl_hp_path_set	24	static
../Core/Src/h3lis331dl_reg.c:868:9:h3lis331dl_hp_path_get	16	static
../Core/Src/h3lis331dl_reg.c:931:9:h3lis331dl_hp_reset_get	16	static
../Core/Src/h3lis331dl_reg.c:950:9:h3lis331dl_hp_reference_value_set	16	static
../Core/Src/h3lis331dl_reg.c:968:9:h3lis331dl_hp_reference_value_get	8	static
../Core/Src/h3lis331dl_reg.c:999:9:h3lis331dl_spi_mode_set	24	static
../Core/Src/h3lis331dl_reg.c:1026:9:h3lis331dl_spi_mode_get	16	static
../Core/Src/h3lis331dl_reg.c:1074:9:h3lis331dl_pin_int1_route_set	24	static
../Core/Src/h3lis331dl_reg.c:1101:9:h3lis331dl_pin_int1_route_get	16	static
../Core/Src/h3lis331dl_reg.c:1145:9:h3lis331dl_int1_notification_set	24	static
../Core/Src/h3lis331dl_reg.c:1173:9:h3lis331dl_int1_notification_get	16	static
../Core/Src/h3lis331dl_reg.c:1208:9:h3lis331dl_pin_int2_route_set	24	static
../Core/Src/h3lis331dl_reg.c:1235:9:h3lis331dl_pin_int2_route_get	16	static
../Core/Src/h3lis331dl_reg.c:1279:9:h3lis331dl_int2_notification_set	24	static
../Core/Src/h3lis331dl_reg.c:1307:9:h3lis331dl_int2_notification_get	16	static
../Core/Src/h3lis331dl_reg.c:1342:9:h3lis331dl_pin_mode_set	24	static
../Core/Src/h3lis331dl_reg.c:1369:9:h3lis331dl_pin_mode_get	16	static
../Core/Src/h3lis331dl_reg.c:1404:9:h3lis331dl_pin_polarity_set	24	static
../Core/Src/h3lis331dl_reg.c:1431:9:h3lis331dl_pin_polarity_get	16	static
../Core/Src/h3lis331dl_reg.c:1479:9:h3lis331dl_int1_on_threshold_conf_set	24	static
../Core/Src/h3lis331dl_reg.c:1511:9:h3lis331dl_int1_on_threshold_conf_get	16	static
../Core/Src/h3lis331dl_reg.c:1537:9:h3lis331dl_int1_on_threshold_mode_set	24	static
../Core/Src/h3lis331dl_reg.c:1564:9:h3lis331dl_int1_on_threshold_mode_get	16	static
../Core/Src/h3lis331dl_reg.c:1599:9:h3lis331dl_int1_src_get	8	static
../Core/Src/h3lis331dl_reg.c:1617:9:h3lis331dl_int1_threshold_set	24	static
../Core/Src/h3lis331dl_reg.c:1643:9:h3lis331dl_int1_threshold_get	16	static
../Core/Src/h3lis331dl_reg.c:1663:9:h3lis331dl_int1_dur_set	24	static
../Core/Src/h3lis331dl_reg.c:1689:9:h3lis331dl_int1_dur_get	16	static
../Core/Src/h3lis331dl_reg.c:1709:9:h3lis331dl_int2_on_threshold_conf_set	24	static
../Core/Src/h3lis331dl_reg.c:1741:9:h3lis331dl_int2_on_threshold_conf_get	16	static
../Core/Src/h3lis331dl_reg.c:1767:9:h3lis331dl_int2_on_threshold_mode_set	24	static
../Core/Src/h3lis331dl_reg.c:1794:9:h3lis331dl_int2_on_threshold_mode_get	16	static
../Core/Src/h3lis331dl_reg.c:1829:9:h3lis331dl_int2_src_get	8	static
../Core/Src/h3lis331dl_reg.c:1847:9:h3lis331dl_int2_threshold_set	24	static
../Core/Src/h3lis331dl_reg.c:1873:9:h3lis331dl_int2_threshold_get	16	static
../Core/Src/h3lis331dl_reg.c:1893:9:h3lis331dl_int2_dur_set	24	static
../Core/Src/h3lis331dl_reg.c:1919:9:h3lis331dl_int2_dur_get	16	static
../Core/Src/h3lis331dl_reg.c:1952:9:h3lis331dl_wkup_to_sleep_set	24	static
../Core/Src/h3lis331dl_reg.c:1978:9:h3lis331dl_wkup_to_sleep_get	16	static
