../Core/Src/main.c:101:6:MPU6050_Init	32	static
../Core/Src/main.c:132:6:MPU6050_Read_Accel	32	static
../Core/Src/main.c:154:6:MPU6050_Read_Gyro	32	static
../Core/Src/main.c:181:5:main	40	static
../Core/Src/main.c:276:6:SystemClock_Config	88	static
../Core/Src/main.c:323:13:MX_I2C1_Init	8	static
../Core/Src/main.c:357:13:MX_I2C2_Init	8	static
../Core/Src/main.c:391:13:MX_SPI1_Init	8	static
../Core/Src/main.c:429:13:MX_SPI2_Init	8	static
../Core/Src/main.c:467:13:MX_GPIO_Init	40	static
../Core/Src/main.c:506:6:Error_Handler	4	static,ignoring_inline_asm
