../Core/Src/main.c:81:16:platform_write	40	static
../Core/Src/main.c:89:16:platform_read	40	static
../Core/Src/main.c:97:13:platform_delay	16	static
../Core/Src/main.c:101:5:main	168	static
../Core/Src/main.c:209:6:SystemClock_Config	88	static
../Core/Src/main.c:256:13:MX_I2C1_Init	8	static
../Core/Src/main.c:290:13:MX_I2C2_Init	8	static
../Core/Src/main.c:324:13:MX_SPI1_Init	8	static
../Core/Src/main.c:362:13:MX_SPI2_Init	8	static
../Core/Src/main.c:400:13:MX_GPIO_Init	40	static
../Core/Src/main.c:439:6:Error_Handler	4	static,ignoring_inline_asm
